 Glumer

 Timestamp is 550e9c4d (Sun Mar 22 10:41:17 2015)

 Preferred load address is 10000000

 Start         Length     Name                   Class
 0001:00000000 00030dadH .textbss                DATA
 0002:00000000 0005e518H .text                   CODE
 0002:0005e520 000067d7H .text$x                 CODE
 0002:00064d00 00003545H .text$yc                CODE
 0002:00068250 00001fd8H .text$yd                CODE
 0003:00000000 00000104H .CRT$XCA                DATA
 0003:00000104 00000288H .CRT$XCU                DATA
 0003:0000038c 00000104H .CRT$XCZ                DATA
 0003:00000490 00000104H .CRT$XIA                DATA
 0003:00000594 00000104H .CRT$XIAA               DATA
 0003:00000698 00000104H .CRT$XIC                DATA
 0003:0000079c 00000104H .CRT$XIZ                DATA
 0003:000008a0 00006eb1H .rdata                  DATA
 0003:00007754 00000181H .rdata$debug            DATA
 0003:000078d8 00000baeH .rdata$r                DATA
 0003:00008488 00000104H .rtc$IAA                DATA
 0003:0000858c 0000014cH .rtc$IMZ                DATA
 0003:000086d8 00000104H .rtc$IZZ                DATA
 0003:000087dc 00000104H .rtc$TAA                DATA
 0003:000088e0 0000014cH .rtc$TMZ                DATA
 0003:00008a2c 00000104H .rtc$TZZ                DATA
 0003:00008b30 0000625dH .xdata$x                DATA
 0003:0000ed90 00000827H .edata                  DATA
 0004:00000000 000005e1H .data                   DATA
 0004:000005e8 00000688H .bss                    DATA
 0005:00000000 00000078H .idata$2                DATA
 0005:00000078 00000014H .idata$3                DATA
 0005:0000008c 00000318H .idata$4                DATA
 0005:000003a4 00000318H .idata$5                DATA
 0005:000006bc 00000a87H .idata$6                DATA
 0006:00000000 00000169H .rsrc$01                DATA
 0006:00000170 000002ccH .rsrc$02                DATA

  Address         Publics by Value              Rva+Base       Lib:Object

 0000:00000000       ___safe_se_handler_count   00000000     <absolute>
 0000:00000000       ___safe_se_handler_table   00000000     <absolute>
 0000:00000000       __except_list              00000000     <absolute>
 0000:00009876       __ldused                   00009876     <absolute>
 0000:00009876       __fltused                  00009876     <absolute>
 0000:00000000       ___ImageBase               10000000     <linker-defined>
 0001:00000000       __enc$textbss$begin        10001000     <linker-defined>
 0001:00030dad       __enc$textbss$end          10031dad     <linker-defined>
 0002:00005010       ??0cTimerWrapper@TimerWrapper@@QAE@XZ 10037010 f   TimerWrapper.obj
 0002:000050a0       ??1cTimerWrapper@TimerWrapper@@UAE@XZ 100370a0 f   TimerWrapper.obj
 0002:00005120       ??_EcTimerWrapper@TimerWrapper@@UAEPAXI@Z 10037120 f i TimerWrapper.obj
 0002:00005120       ??_GcTimerWrapper@TimerWrapper@@UAEPAXI@Z 10037120 f i TimerWrapper.obj
 0002:00005190       ?AddThread@cTimerWrapper@TimerWrapper@@SAXPAV12@@Z 10037190 f   TimerWrapper.obj
 0002:000051f0       ?AddTimer@cTimerWrapper@TimerWrapper@@SAXPAV12@@Z 100371f0 f   TimerWrapper.obj
 0002:000052b0       ?RemoveTimer@cTimerWrapper@TimerWrapper@@SAXPAV12@@Z 100372b0 f   TimerWrapper.obj
 0002:00005320       ?thread_function@cTimerWrapper@TimerWrapper@@SAHPAX@Z 10037320 f   TimerWrapper.obj
 0002:00005520       ?timer_callback@cTimerWrapper@TimerWrapper@@SAIIPAX@Z 10037520 f   TimerWrapper.obj
 0002:00005690       ??$?0AAV?$_Tree_iterator@V?$_Tree_val@U?$_Tree_simple_types@U?$pair@$$CBIUPTR@cGlumShapeBase@Glumer@@@std@@@std@@@std@@@std@@_N@?$pair@V?$_Tree_iterator@V?$_Tree_val@U?$_Tree_simple_types@U?$pair@$$CBIUPTR@cGlumShapeBase@Glumer@@@std@@@std@@@std@@@std@@_N@std@@QAE@AAV?$_Tree_iterator@V?$_Tree_val@U?$_Tree_simple_types@U?$pair@$$CBIUPTR@cGlumShapeBase@Glumer@@@std@@@std@@@std@@@1@$$QA_NPAPAX@Z 10037690 f i cGlumShapeFactory.obj
 0002:00005760       ??$?0ABIUPTR@cGlumShapeBase@Glumer@@@?$pair@IUPTR@cGlumShapeBase@Glumer@@@std@@QAE@ABI$$QAUPTR@cGlumShapeBase@Glumer@@PAPAX@Z 10037760 f i cGlumShapeFactory.obj
 0002:000057e0       ??$?0IUPTR@cGlumShapeBase@Glumer@@@?$pair@$$CBIUPTR@cGlumShapeBase@Glumer@@@std@@QAE@$$QAU?$pair@IUPTR@cGlumShapeBase@Glumer@@@1@PAPAX@Z 100377e0 f i cGlumShapeFactory.obj
 0002:00005860       ??$?0IUPTR@cGlumShapeBase@Glumer@@@?$pair@IUPTR@cGlumShapeBase@Glumer@@@std@@QAE@$$QAI$$QAUPTR@cGlumShapeBase@Glumer@@PAPAX@Z 10037860 f i cGlumShapeFactory.obj
 0002:000058e0       ??$?0U?$_Tree_node@U?$pair@$$CBIUPTR@cGlumShapeBase@Glumer@@@std@@PAX@std@@@?$allocator@U_Container_proxy@std@@@std@@QAE@ABV?$allocator@U?$_Tree_node@U?$pair@$$CBIUPTR@cGlumShapeBase@Glumer@@@std@@PAX@std@@@1@@Z 100378e0 f i cGlumShapeFactory.obj
 0002:00005920       ??$?0U?$_Wrap_alloc@V?$allocator@U?$_Tree_node@U?$pair@$$CBIUPTR@cGlumShapeBase@Glumer@@@std@@PAX@std@@@std@@@std@@@?$_Wrap_alloc@V?$allocator@U_Container_proxy@std@@@std@@@std@@QAE@ABU?$_Wrap_alloc@V?$allocator@U?$_Tree_node@U?$pair@$$CBIUPTR@cGlumShapeBase@Glumer@@@std@@PAX@std@@@std@@@1@@Z 10037920 f i cGlumShapeFactory.obj
 0002:00005980       ??$?0V?$_Tree_iterator@V?$_Tree_val@U?$_Tree_simple_types@U?$pair@$$CBIUPTR@cGlumShapeBase@Glumer@@@std@@@std@@@std@@@std@@_N@?$pair@V?$_Tree_iterator@V?$_Tree_val@U?$_Tree_simple_types@U?$pair@$$CBIUPTR@cGlumShapeBase@Glumer@@@std@@@std@@@std@@@std@@_N@std@@QAE@$$QAU01@PAPAX@Z 10037980 f i cGlumShapeFactory.obj
 0002:00005a50       ??$?0V?$_Tree_iterator@V?$_Tree_val@U?$_Tree_simple_types@U?$pair@$$CBIUPTR@cGlumShapeBase@Glumer@@@std@@@std@@@std@@@std@@_N@?$pair@V?$_Tree_iterator@V?$_Tree_val@U?$_Tree_simple_types@U?$pair@$$CBIUPTR@cGlumShapeBase@Glumer@@@std@@@std@@@std@@@std@@_N@std@@QAE@$$QAV?$_Tree_iterator@V?$_Tree_val@U?$_Tree_simple_types@U?$pair@$$CBIUPTR@cGlumShapeBase@Glumer@@@std@@@std@@@std@@@1@$$QA_NPAPAX@Z 10037a50 f i cGlumShapeFactory.obj
 0002:00005b20       ??$_Allocate@D@std@@YAPADIPAD@Z 10037b20 f i cGlumShapeFactory.obj
 0002:00005bb0       ??$_Allocate@I@std@@YAPAIIPAI@Z 10037bb0 f i cGlumShapeFactory.obj
 0002:00005c50       ??$_Allocate@PAVcObjectBase@Glumer@@@std@@YAPAPAVcObjectBase@Glumer@@IPAPAV12@@Z 10037c50 f i cGlumShapeFactory.obj
 0002:00005cf0       ??$_Allocate@U?$_Tree_node@U?$pair@$$CBIUPTR@cGlumShapeBase@Glumer@@@std@@PAX@std@@@std@@YAPAU?$_Tree_node@U?$pair@$$CBIUPTR@cGlumShapeBase@Glumer@@@std@@PAX@0@IPAU10@@Z 10037cf0 f i cGlumShapeFactory.obj
 0002:00005d90       ??$_Allocate@UPTR@cGlumShape_Console@Glumer@@@std@@YAPAUPTR@cGlumShape_Console@Glumer@@IPAU123@@Z 10037d90 f i cGlumShapeFactory.obj
 0002:00005e30       ??$_Allocate@UPTR@cGlumShape_HUDLongRadar@Glumer@@@std@@YAPAUPTR@cGlumShape_HUDLongRadar@Glumer@@IPAU123@@Z 10037e30 f i cGlumShapeFactory.obj
 0002:00005ed0       ??$_Allocate@UPTR@cGlumShape_HUDShortRadar@Glumer@@@std@@YAPAUPTR@cGlumShape_HUDShortRadar@Glumer@@IPAU123@@Z 10037ed0 f i cGlumShapeFactory.obj
 0002:00005f70       ??$_Allocate@UPTR@cGlumShape_RegularPolyhedron@Glumer@@@std@@YAPAUPTR@cGlumShape_RegularPolyhedron@Glumer@@IPAU123@@Z 10037f70 f i cGlumShapeFactory.obj
 0002:00006010       ??$_Allocate@UPTR@cGlumShape_SwitchGadget@Glumer@@@std@@YAPAUPTR@cGlumShape_SwitchGadget@Glumer@@IPAU123@@Z 10038010 f i cGlumShapeFactory.obj
 0002:000060b0       ??$_Allocate@UPTR@cMovementBase@Glumer@@@std@@YAPAUPTR@cMovementBase@Glumer@@IPAU123@@Z 100380b0 f i cGlumShapeFactory.obj
 0002:00006150       ??$_Allocate@UPTR@cMovement_Camera@Glumer@@@std@@YAPAUPTR@cMovement_Camera@Glumer@@IPAU123@@Z 10038150 f i cGlumShapeFactory.obj
 0002:000061f0       ??$_Allocate@UPTR@cObjectMoveableBase@Glumer@@@std@@YAPAUPTR@cObjectMoveableBase@Glumer@@IPAU123@@Z 100381f0 f i cGlumShapeFactory.obj
 0002:00006290       ??$_Allocate@U_Container_proxy@std@@@std@@YAPAU_Container_proxy@0@IPAU10@@Z 10038290 f i cGlumShapeFactory.obj
 0002:00006330       ??$_Buynode@U?$pair@IUPTR@cGlumShapeBase@Glumer@@@std@@@?$_Tree_buy@U?$pair@$$CBIUPTR@cGlumShapeBase@Glumer@@@std@@V?$allocator@U?$pair@$$CBIUPTR@cGlumShapeBase@Glumer@@@std@@@2@@std@@QAEPAU?$_Tree_node@U?$pair@$$CBIUPTR@cGlumShapeBase@Glumer@@@std@@PAX@1@$$QAU?$pair@IUPTR@cGlumShapeBase@Glumer@@@1@@Z 10038330 f i cGlumShapeFactory.obj
 0002:000064a0       ??$_Buynode_if_nil@AAU?$pair@$$CBIUPTR@cGlumShapeBase@Glumer@@@std@@@?$_Tree@V?$_Tmap_traits@IUPTR@cGlumShapeBase@Glumer@@U?$less@I@std@@V?$allocator@U?$pair@$$CBIUPTR@cGlumShapeBase@Glumer@@@std@@@5@$0A@@std@@@std@@IAEPAU?$_Tree_node@U?$pair@$$CBIUPTR@cGlumShapeBase@Glumer@@@std@@PAX@1@PAU21@AAU?$pair@$$CBIUPTR@cGlumShapeBase@Glumer@@@1@@Z 100384a0 f i cGlumShapeFactory.obj
 0002:000064e0       ??$_Debug_lt_pred@U?$less@I@std@@II@std@@YA_NU?$less@I@0@ABI1PB_WI@Z 100384e0 f i cGlumShapeFactory.obj
 0002:00006590       ??$_Debug_pointer@$$A6AXAAUPTR@cObjectMoveableBase@Glumer@@@Z@std@@YAXP6AXAAUPTR@cObjectMoveableBase@Glumer@@@ZPB_WI@Z 10038590 f i cGlumShapeFactory.obj
 0002:00006600       ??$_Debug_pointer@D@std@@YAXPBDPB_WI@Z 10038600 f i cGlumShapeFactory.obj
 0002:00006670       ??$_Debug_pointer@I@std@@YAXPAIPB_WI@Z 10038670 f i cGlumShapeFactory.obj
 0002:000066e0       ??$_Debug_pointer@PAVcObjectBase@Glumer@@@std@@YAXPAPAVcObjectBase@Glumer@@PB_WI@Z 100386e0 f i cGlumShapeFactory.obj
 0002:00006750       ??$_Debug_pointer@UPTR@cGlumShape_Console@Glumer@@@std@@YAXPAUPTR@cGlumShape_Console@Glumer@@PB_WI@Z 10038750 f i cGlumShapeFactory.obj
 0002:000067c0       ??$_Debug_pointer@UPTR@cGlumShape_HUDLongRadar@Glumer@@@std@@YAXPAUPTR@cGlumShape_HUDLongRadar@Glumer@@PB_WI@Z 100387c0 f i cGlumShapeFactory.obj
 0002:00006830       ??$_Debug_pointer@UPTR@cGlumShape_HUDShortRadar@Glumer@@@std@@YAXPAUPTR@cGlumShape_HUDShortRadar@Glumer@@PB_WI@Z 10038830 f i cGlumShapeFactory.obj
 0002:000068a0       ??$_Debug_pointer@UPTR@cGlumShape_RegularPolyhedron@Glumer@@@std@@YAXPAUPTR@cGlumShape_RegularPolyhedron@Glumer@@PB_WI@Z 100388a0 f i cGlumShapeFactory.obj
 0002:00006910       ??$_Debug_pointer@UPTR@cGlumShape_SwitchGadget@Glumer@@@std@@YAXPAUPTR@cGlumShape_SwitchGadget@Glumer@@PB_WI@Z 10038910 f i cGlumShapeFactory.obj
 0002:00006980       ??$_Debug_pointer@UPTR@cMovementBase@Glumer@@@std@@YAXPAUPTR@cMovementBase@Glumer@@PB_WI@Z 10038980 f i cGlumShapeFactory.obj
 0002:000069f0       ??$_Debug_pointer@UPTR@cMovement_Camera@Glumer@@@std@@YAXPAUPTR@cMovement_Camera@Glumer@@PB_WI@Z 100389f0 f i cGlumShapeFactory.obj
 0002:00006a60       ??$_Debug_pointer@UPTR@cObjectMoveableBase@Glumer@@@std@@YAXPAUPTR@cObjectMoveableBase@Glumer@@PB_WI@Z 10038a60 f i cGlumShapeFactory.obj
 0002:00006ad0       ??$_Debug_pointer@V?$_Vector_iterator@V?$_Vector_val@U?$_Simple_types@UPTR@cMovement_Camera@Glumer@@@std@@@std@@@std@@@std@@YAXAAV?$_Vector_iterator@V?$_Vector_val@U?$_Simple_types@UPTR@cMovement_Camera@Glumer@@@std@@@std@@@0@PB_WI@Z 10038ad0 f i cGlumShapeFactory.obj
 0002:00006b00       ??$_Debug_pointer@V?$_Vector_iterator@V?$_Vector_val@U?$_Simple_types@UPTR@cObjectMoveableBase@Glumer@@@std@@@std@@@std@@@std@@YAXAAV?$_Vector_iterator@V?$_Vector_val@U?$_Simple_types@UPTR@cObjectMoveableBase@Glumer@@@std@@@std@@@0@PB_WI@Z 10038b00 f i cGlumShapeFactory.obj
 0002:00006b30       ??$_Debug_range2@PAI@std@@YAXPAI0PB_WIUrandom_access_iterator_tag@0@@Z 10038b30 f i cGlumShapeFactory.obj
 0002:00006be0       ??$_Debug_range2@PAPAVcObjectBase@Glumer@@@std@@YAXPAPAVcObjectBase@Glumer@@0PB_WIUrandom_access_iterator_tag@0@@Z 10038be0 f i cGlumShapeFactory.obj
 0002:00006c90       ??$_Debug_range2@PAUPTR@cGlumShape_Console@Glumer@@@std@@YAXPAUPTR@cGlumShape_Console@Glumer@@0PB_WIUrandom_access_iterator_tag@0@@Z 10038c90 f i cGlumShapeFactory.obj
 0002:00006d40       ??$_Debug_range2@PAUPTR@cGlumShape_HUDLongRadar@Glumer@@@std@@YAXPAUPTR@cGlumShape_HUDLongRadar@Glumer@@0PB_WIUrandom_access_iterator_tag@0@@Z 10038d40 f i cGlumShapeFactory.obj
 0002:00006df0       ??$_Debug_range2@PAUPTR@cGlumShape_HUDShortRadar@Glumer@@@std@@YAXPAUPTR@cGlumShape_HUDShortRadar@Glumer@@0PB_WIUrandom_access_iterator_tag@0@@Z 10038df0 f i cGlumShapeFactory.obj
 0002:00006ea0       ??$_Debug_range2@PAUPTR@cGlumShape_RegularPolyhedron@Glumer@@@std@@YAXPAUPTR@cGlumShape_RegularPolyhedron@Glumer@@0PB_WIUrandom_access_iterator_tag@0@@Z 10038ea0 f i cGlumShapeFactory.obj
 0002:00006f50       ??$_Debug_range2@PAUPTR@cGlumShape_SwitchGadget@Glumer@@@std@@YAXPAUPTR@cGlumShape_SwitchGadget@Glumer@@0PB_WIUrandom_access_iterator_tag@0@@Z 10038f50 f i cGlumShapeFactory.obj
 0002:00007000       ??$_Debug_range2@PAUPTR@cMovementBase@Glumer@@@std@@YAXPAUPTR@cMovementBase@Glumer@@0PB_WIUrandom_access_iterator_tag@0@@Z 10039000 f i cGlumShapeFactory.obj
 0002:000070b0       ??$_Debug_range2@PAUPTR@cMovement_Camera@Glumer@@@std@@YAXPAUPTR@cMovement_Camera@Glumer@@0PB_WIUrandom_access_iterator_tag@0@@Z 100390b0 f i cGlumShapeFactory.obj
 0002:00007160       ??$_Debug_range2@PAUPTR@cObjectMoveableBase@Glumer@@@std@@YAXPAUPTR@cObjectMoveableBase@Glumer@@0PB_WIUrandom_access_iterator_tag@0@@Z 10039160 f i cGlumShapeFactory.obj
 0002:00007210       ??$_Debug_range2@V?$_Vector_iterator@V?$_Vector_val@U?$_Simple_types@UPTR@cMovement_Camera@Glumer@@@std@@@std@@@std@@@std@@YAXV?$_Vector_iterator@V?$_Vector_val@U?$_Simple_types@UPTR@cMovement_Camera@Glumer@@@std@@@std@@@0@0PB_WIUrandom_access_iterator_tag@0@@Z 10039210 f i cGlumShapeFactory.obj
 0002:00007340       ??$_Debug_range2@V?$_Vector_iterator@V?$_Vector_val@U?$_Simple_types@UPTR@cObjectMoveableBase@Glumer@@@std@@@std@@@std@@@std@@YAXV?$_Vector_iterator@V?$_Vector_val@U?$_Simple_types@UPTR@cObjectMoveableBase@Glumer@@@std@@@std@@@0@0PB_WIUrandom_access_iterator_tag@0@@Z 10039340 f i cGlumShapeFactory.obj
 0002:00007470       ??$_Debug_range@PAI@std@@YAXPAI0PB_WI@Z 10039470 f i cGlumShapeFactory.obj
 0002:000074f0       ??$_Debug_range@PAPAVcObjectBase@Glumer@@@std@@YAXPAPAVcObjectBase@Glumer@@0PB_WI@Z 100394f0 f i cGlumShapeFactory.obj
 0002:00007570       ??$_Debug_range@PAUPTR@cGlumShape_Console@Glumer@@@std@@YAXPAUPTR@cGlumShape_Console@Glumer@@0PB_WI@Z 10039570 f i cGlumShapeFactory.obj
 0002:000075f0       ??$_Debug_range@PAUPTR@cGlumShape_HUDLongRadar@Glumer@@@std@@YAXPAUPTR@cGlumShape_HUDLongRadar@Glumer@@0PB_WI@Z 100395f0 f i cGlumShapeFactory.obj
 0002:00007670       ??$_Debug_range@PAUPTR@cGlumShape_HUDShortRadar@Glumer@@@std@@YAXPAUPTR@cGlumShape_HUDShortRadar@Glumer@@0PB_WI@Z 10039670 f i cGlumShapeFactory.obj
 0002:000076f0       ??$_Debug_range@PAUPTR@cGlumShape_RegularPolyhedron@Glumer@@@std@@YAXPAUPTR@cGlumShape_RegularPolyhedron@Glumer@@0PB_WI@Z 100396f0 f i cGlumShapeFactory.obj
 0002:00007770       ??$_Debug_range@PAUPTR@cGlumShape_SwitchGadget@Glumer@@@std@@YAXPAUPTR@cGlumShape_SwitchGadget@Glumer@@0PB_WI@Z 10039770 f i cGlumShapeFactory.obj
 0002:000077f0       ??$_Debug_range@PAUPTR@cMovementBase@Glumer@@@std@@YAXPAUPTR@cMovementBase@Glumer@@0PB_WI@Z 100397f0 f i cGlumShapeFactory.obj
 0002:00007870       ??$_Debug_range@PAUPTR@cMovement_Camera@Glumer@@@std@@YAXPAUPTR@cMovement_Camera@Glumer@@0PB_WI@Z 10039870 f i cGlumShapeFactory.obj
 0002:000078f0       ??$_Debug_range@PAUPTR@cObjectMoveableBase@Glumer@@@std@@YAXPAUPTR@cObjectMoveableBase@Glumer@@0PB_WI@Z 100398f0 f i cGlumShapeFactory.obj
 0002:00007970       ??$_Debug_range@V?$_Vector_iterator@V?$_Vector_val@U?$_Simple_types@UPTR@cMovement_Camera@Glumer@@@std@@@std@@@std@@@std@@YAXV?$_Vector_iterator@V?$_Vector_val@U?$_Simple_types@UPTR@cMovement_Camera@Glumer@@@std@@@std@@@0@0PB_WI@Z 10039970 f i cGlumShapeFactory.obj
 0002:00007aa0       ??$_Debug_range@V?$_Vector_iterator@V?$_Vector_val@U?$_Simple_types@UPTR@cObjectMoveableBase@Glumer@@@std@@@std@@@std@@@std@@YAXV?$_Vector_iterator@V?$_Vector_val@U?$_Simple_types@UPTR@cObjectMoveableBase@Glumer@@@std@@@std@@@0@0PB_WI@Z 10039aa0 f i cGlumShapeFactory.obj
 0002:00007bd0       ??$_Destroy_range@U?$_Wrap_alloc@V?$allocator@I@std@@@std@@@std@@YAXPAI0AAU?$_Wrap_alloc@V?$allocator@I@std@@@0@@Z 10039bd0 f i cGlumShapeFactory.obj
 0002:00007c50       ??$_Destroy_range@U?$_Wrap_alloc@V?$allocator@I@std@@@std@@@std@@YAXPAI0AAU?$_Wrap_alloc@V?$allocator@I@std@@@0@U_Scalar_ptr_iterator_tag@0@@Z 10039c50 f i cGlumShapeFactory.obj
 0002:00007c80       ??$_Destroy_range@U?$_Wrap_alloc@V?$allocator@PAVcObjectBase@Glumer@@@std@@@std@@@std@@YAXPAPAVcObjectBase@Glumer@@0AAU?$_Wrap_alloc@V?$allocator@PAVcObjectBase@Glumer@@@std@@@0@@Z 10039c80 f i cGlumShapeFactory.obj
 0002:00007d00       ??$_Destroy_range@U?$_Wrap_alloc@V?$allocator@PAVcObjectBase@Glumer@@@std@@@std@@@std@@YAXPAPAVcObjectBase@Glumer@@0AAU?$_Wrap_alloc@V?$allocator@PAVcObjectBase@Glumer@@@std@@@0@U_Scalar_ptr_iterator_tag@0@@Z 10039d00 f i cGlumShapeFactory.obj
 0002:00007d30       ??$_Destroy_range@U?$_Wrap_alloc@V?$allocator@UPTR@cGlumShape_Console@Glumer@@@std@@@std@@@std@@YAXPAUPTR@cGlumShape_Console@Glumer@@0AAU?$_Wrap_alloc@V?$allocator@UPTR@cGlumShape_Console@Glumer@@@std@@@0@@Z 10039d30 f i cGlumShapeFactory.obj
 0002:00007db0       ??$_Destroy_range@U?$_Wrap_alloc@V?$allocator@UPTR@cGlumShape_Console@Glumer@@@std@@@std@@@std@@YAXPAUPTR@cGlumShape_Console@Glumer@@0AAU?$_Wrap_alloc@V?$allocator@UPTR@cGlumShape_Console@Glumer@@@std@@@0@U_Nonscalar_ptr_iterator_tag@0@@Z 10039db0 f i cGlumShapeFactory.obj
 0002:00007e20       ??$_Destroy_range@U?$_Wrap_alloc@V?$allocator@UPTR@cGlumShape_HUDLongRadar@Glumer@@@std@@@std@@@std@@YAXPAUPTR@cGlumShape_HUDLongRadar@Glumer@@0AAU?$_Wrap_alloc@V?$allocator@UPTR@cGlumShape_HUDLongRadar@Glumer@@@std@@@0@@Z 10039e20 f i cGlumShapeFactory.obj
 0002:00007ea0       ??$_Destroy_range@U?$_Wrap_alloc@V?$allocator@UPTR@cGlumShape_HUDLongRadar@Glumer@@@std@@@std@@@std@@YAXPAUPTR@cGlumShape_HUDLongRadar@Glumer@@0AAU?$_Wrap_alloc@V?$allocator@UPTR@cGlumShape_HUDLongRadar@Glumer@@@std@@@0@U_Nonscalar_ptr_iterator_tag@0@@Z 10039ea0 f i cGlumShapeFactory.obj
 0002:00007f10       ??$_Destroy_range@U?$_Wrap_alloc@V?$allocator@UPTR@cGlumShape_HUDShortRadar@Glumer@@@std@@@std@@@std@@YAXPAUPTR@cGlumShape_HUDShortRadar@Glumer@@0AAU?$_Wrap_alloc@V?$allocator@UPTR@cGlumShape_HUDShortRadar@Glumer@@@std@@@0@@Z 10039f10 f i cGlumShapeFactory.obj
 0002:00007f90       ??$_Destroy_range@U?$_Wrap_alloc@V?$allocator@UPTR@cGlumShape_HUDShortRadar@Glumer@@@std@@@std@@@std@@YAXPAUPTR@cGlumShape_HUDShortRadar@Glumer@@0AAU?$_Wrap_alloc@V?$allocator@UPTR@cGlumShape_HUDShortRadar@Glumer@@@std@@@0@U_Nonscalar_ptr_iterator_tag@0@@Z 10039f90 f i cGlumShapeFactory.obj
 0002:00008000       ??$_Destroy_range@U?$_Wrap_alloc@V?$allocator@UPTR@cGlumShape_RegularPolyhedron@Glumer@@@std@@@std@@@std@@YAXPAUPTR@cGlumShape_RegularPolyhedron@Glumer@@0AAU?$_Wrap_alloc@V?$allocator@UPTR@cGlumShape_RegularPolyhedron@Glumer@@@std@@@0@@Z 1003a000 f i cGlumShapeFactory.obj
 0002:00008080       ??$_Destroy_range@U?$_Wrap_alloc@V?$allocator@UPTR@cGlumShape_RegularPolyhedron@Glumer@@@std@@@std@@@std@@YAXPAUPTR@cGlumShape_RegularPolyhedron@Glumer@@0AAU?$_Wrap_alloc@V?$allocator@UPTR@cGlumShape_RegularPolyhedron@Glumer@@@std@@@0@U_Nonscalar_ptr_iterator_tag@0@@Z 1003a080 f i cGlumShapeFactory.obj
 0002:000080f0       ??$_Destroy_range@U?$_Wrap_alloc@V?$allocator@UPTR@cGlumShape_SwitchGadget@Glumer@@@std@@@std@@@std@@YAXPAUPTR@cGlumShape_SwitchGadget@Glumer@@0AAU?$_Wrap_alloc@V?$allocator@UPTR@cGlumShape_SwitchGadget@Glumer@@@std@@@0@@Z 1003a0f0 f i cGlumShapeFactory.obj
 0002:00008170       ??$_Destroy_range@U?$_Wrap_alloc@V?$allocator@UPTR@cGlumShape_SwitchGadget@Glumer@@@std@@@std@@@std@@YAXPAUPTR@cGlumShape_SwitchGadget@Glumer@@0AAU?$_Wrap_alloc@V?$allocator@UPTR@cGlumShape_SwitchGadget@Glumer@@@std@@@0@U_Nonscalar_ptr_iterator_tag@0@@Z 1003a170 f i cGlumShapeFactory.obj
 0002:000081e0       ??$_Destroy_range@U?$_Wrap_alloc@V?$allocator@UPTR@cMovementBase@Glumer@@@std@@@std@@@std@@YAXPAUPTR@cMovementBase@Glumer@@0AAU?$_Wrap_alloc@V?$allocator@UPTR@cMovementBase@Glumer@@@std@@@0@@Z 1003a1e0 f i cGlumShapeFactory.obj
 0002:00008260       ??$_Destroy_range@U?$_Wrap_alloc@V?$allocator@UPTR@cMovementBase@Glumer@@@std@@@std@@@std@@YAXPAUPTR@cMovementBase@Glumer@@0AAU?$_Wrap_alloc@V?$allocator@UPTR@cMovementBase@Glumer@@@std@@@0@U_Nonscalar_ptr_iterator_tag@0@@Z 1003a260 f i cGlumShapeFactory.obj
 0002:000082d0       ??$_Destroy_range@U?$_Wrap_alloc@V?$allocator@UPTR@cMovement_Camera@Glumer@@@std@@@std@@@std@@YAXPAUPTR@cMovement_Camera@Glumer@@0AAU?$_Wrap_alloc@V?$allocator@UPTR@cMovement_Camera@Glumer@@@std@@@0@@Z 1003a2d0 f i cGlumShapeFactory.obj
 0002:00008350       ??$_Destroy_range@U?$_Wrap_alloc@V?$allocator@UPTR@cMovement_Camera@Glumer@@@std@@@std@@@std@@YAXPAUPTR@cMovement_Camera@Glumer@@0AAU?$_Wrap_alloc@V?$allocator@UPTR@cMovement_Camera@Glumer@@@std@@@0@U_Nonscalar_ptr_iterator_tag@0@@Z 1003a350 f i cGlumShapeFactory.obj
 0002:000083c0       ??$_Destroy_range@U?$_Wrap_alloc@V?$allocator@UPTR@cObjectMoveableBase@Glumer@@@std@@@std@@@std@@YAXPAUPTR@cObjectMoveableBase@Glumer@@0AAU?$_Wrap_alloc@V?$allocator@UPTR@cObjectMoveableBase@Glumer@@@std@@@0@@Z 1003a3c0 f i cGlumShapeFactory.obj
 0002:00008440       ??$_Destroy_range@U?$_Wrap_alloc@V?$allocator@UPTR@cObjectMoveableBase@Glumer@@@std@@@std@@@std@@YAXPAUPTR@cObjectMoveableBase@Glumer@@0AAU?$_Wrap_alloc@V?$allocator@UPTR@cObjectMoveableBase@Glumer@@@std@@@0@U_Nonscalar_ptr_iterator_tag@0@@Z 1003a440 f i cGlumShapeFactory.obj
 0002:000084b0       ??$_Find@PAUPTR@cMovement_Camera@Glumer@@I@std@@YAPAUPTR@cMovement_Camera@Glumer@@PAU123@0ABI@Z 1003a4b0 f i cGlumShapeFactory.obj
 0002:00008530       ??$_For_each@PAUPTR@cObjectMoveableBase@Glumer@@P6AXAAU123@@Z@std@@YAXPAUPTR@cObjectMoveableBase@Glumer@@0AAP6AXAAU123@@Z@Z 1003a530 f i cGlumShapeFactory.obj
 0002:000085b0       ??$_Insert_at@AAU?$pair@$$CBIUPTR@cGlumShapeBase@Glumer@@@std@@PAU?$_Tree_node@U?$pair@$$CBIUPTR@cGlumShapeBase@Glumer@@@std@@PAX@2@@?$_Tree@V?$_Tmap_traits@IUPTR@cGlumShapeBase@Glumer@@U?$less@I@std@@V?$allocator@U?$pair@$$CBIUPTR@cGlumShapeBase@Glumer@@@std@@@5@$0A@@std@@@std@@IAE?AV?$_Tree_iterator@V?$_Tree_val@U?$_Tree_simple_types@U?$pair@$$CBIUPTR@cGlumShapeBase@Glumer@@@std@@@std@@@std@@@1@_NPAU?$_Tree_node@U?$pair@$$CBIUPTR@cGlumShapeBase@Glumer@@@std@@PAX@1@AAU?$pair@$$CBIUPTR@cGlumShapeBase@Glumer@@@1@1@Z 1003a5b0 f i cGlumShapeFactory.obj
 0002:00008b40       ??$_Insert_hint@AAU?$pair@$$CBIUPTR@cGlumShapeBase@Glumer@@@std@@PAU?$_Tree_node@U?$pair@$$CBIUPTR@cGlumShapeBase@Glumer@@@std@@PAX@2@@?$_Tree@V?$_Tmap_traits@IUPTR@cGlumShapeBase@Glumer@@U?$less@I@std@@V?$allocator@U?$pair@$$CBIUPTR@cGlumShapeBase@Glumer@@@std@@@5@$0A@@std@@@std@@IAE?AV?$_Tree_iterator@V?$_Tree_val@U?$_Tree_simple_types@U?$pair@$$CBIUPTR@cGlumShapeBase@Glumer@@@std@@@std@@@std@@@1@V?$_Tree_const_iterator@V?$_Tree_val@U?$_Tree_simple_types@U?$pair@$$CBIUPTR@cGlumShapeBase@Glumer@@@std@@@std@@@std@@@1@AAU?$pair@$$CBIUPTR@cGlumShapeBase@Glumer@@@1@PAU?$_Tree_node@U?$pair@$$CBIUPTR@cGlumShapeBase@Glumer@@@std@@PAX@1@@Z 1003ab40 f i cGlumShapeFactory.obj
 0002:0000a2a0       ??$_Insert_nohint@AAU?$pair@$$CBIUPTR@cGlumShapeBase@Glumer@@@std@@PAU?$_Tree_node@U?$pair@$$CBIUPTR@cGlumShapeBase@Glumer@@@std@@PAX@2@@?$_Tree@V?$_Tmap_traits@IUPTR@cGlumShapeBase@Glumer@@U?$less@I@std@@V?$allocator@U?$pair@$$CBIUPTR@cGlumShapeBase@Glumer@@@std@@@5@$0A@@std@@@std@@IAE?AU?$pair@V?$_Tree_iterator@V?$_Tree_val@U?$_Tree_simple_types@U?$pair@$$CBIUPTR@cGlumShapeBase@Glumer@@@std@@@std@@@std@@@std@@_N@1@_NAAU?$pair@$$CBIUPTR@cGlumShapeBase@Glumer@@@1@PAU?$_Tree_node@U?$pair@$$CBIUPTR@cGlumShapeBase@Glumer@@@std@@PAX@1@@Z 1003c2a0 f i cGlumShapeFactory.obj
 0002:0000ab10       ??$_Iter_cat@PAI@std@@YA?AUrandom_access_iterator_tag@0@ABQAI@Z 1003cb10 f i cGlumShapeFactory.obj
 0002:0000ab90       ??$_Iter_cat@PAPAVcObjectBase@Glumer@@@std@@YA?AUrandom_access_iterator_tag@0@ABQAPAVcObjectBase@Glumer@@@Z 1003cb90 f i cGlumShapeFactory.obj
 0002:0000ac10       ??$_Iter_cat@PAUPTR@cGlumShape_Console@Glumer@@@std@@YA?AUrandom_access_iterator_tag@0@ABQAUPTR@cGlumShape_Console@Glumer@@@Z 1003cc10 f i cGlumShapeFactory.obj
 0002:0000ac90       ??$_Iter_cat@PAUPTR@cGlumShape_HUDLongRadar@Glumer@@@std@@YA?AUrandom_access_iterator_tag@0@ABQAUPTR@cGlumShape_HUDLongRadar@Glumer@@@Z 1003cc90 f i cGlumShapeFactory.obj
 0002:0000ad10       ??$_Iter_cat@PAUPTR@cGlumShape_HUDShortRadar@Glumer@@@std@@YA?AUrandom_access_iterator_tag@0@ABQAUPTR@cGlumShape_HUDShortRadar@Glumer@@@Z 1003cd10 f i cGlumShapeFactory.obj
 0002:0000ad90       ??$_Iter_cat@PAUPTR@cGlumShape_RegularPolyhedron@Glumer@@@std@@YA?AUrandom_access_iterator_tag@0@ABQAUPTR@cGlumShape_RegularPolyhedron@Glumer@@@Z 1003cd90 f i cGlumShapeFactory.obj
 0002:0000ae10       ??$_Iter_cat@PAUPTR@cGlumShape_SwitchGadget@Glumer@@@std@@YA?AUrandom_access_iterator_tag@0@ABQAUPTR@cGlumShape_SwitchGadget@Glumer@@@Z 1003ce10 f i cGlumShapeFactory.obj
 0002:0000ae90       ??$_Iter_cat@PAUPTR@cMovementBase@Glumer@@@std@@YA?AUrandom_access_iterator_tag@0@ABQAUPTR@cMovementBase@Glumer@@@Z 1003ce90 f i cGlumShapeFactory.obj
 0002:0000af10       ??$_Iter_cat@PAUPTR@cMovement_Camera@Glumer@@@std@@YA?AUrandom_access_iterator_tag@0@ABQAUPTR@cMovement_Camera@Glumer@@@Z 1003cf10 f i cGlumShapeFactory.obj
 0002:0000af90       ??$_Iter_cat@PAUPTR@cObjectMoveableBase@Glumer@@@std@@YA?AUrandom_access_iterator_tag@0@ABQAUPTR@cObjectMoveableBase@Glumer@@@Z 1003cf90 f i cGlumShapeFactory.obj
 0002:0000b010       ??$_Iter_cat@V?$_Vector_iterator@V?$_Vector_val@U?$_Simple_types@UPTR@cMovement_Camera@Glumer@@@std@@@std@@@std@@@std@@YA?AUrandom_access_iterator_tag@0@ABV?$_Vector_iterator@V?$_Vector_val@U?$_Simple_types@UPTR@cMovement_Camera@Glumer@@@std@@@std@@@0@@Z 1003d010 f i cGlumShapeFactory.obj
 0002:0000b090       ??$_Iter_cat@V?$_Vector_iterator@V?$_Vector_val@U?$_Simple_types@UPTR@cObjectMoveableBase@Glumer@@@std@@@std@@@std@@@std@@YA?AUrandom_access_iterator_tag@0@ABV?$_Vector_iterator@V?$_Vector_val@U?$_Simple_types@UPTR@cObjectMoveableBase@Glumer@@@std@@@std@@@0@@Z 1003d090 f i cGlumShapeFactory.obj
 0002:0000b110       ??$_Kfn@$$CBIUPTR@cGlumShapeBase@Glumer@@@?$_Tmap_traits@IUPTR@cGlumShapeBase@Glumer@@U?$less@I@std@@V?$allocator@U?$pair@$$CBIUPTR@cGlumShapeBase@Glumer@@@std@@@5@$0A@@std@@SAABIABU?$pair@$$CBIUPTR@cGlumShapeBase@Glumer@@@1@@Z 1003d110 f i cGlumShapeFactory.obj
 0002:0000b150       ??$_Move@AAD@std@@YA$$QADAAD@Z 1003d150 f i cGlumShapeFactory.obj
 0002:0000b190       ??$_Ptr_cat@II@std@@YA?AU_Scalar_ptr_iterator_tag@0@PAI0@Z 1003d190 f i cGlumShapeFactory.obj
 0002:0000b200       ??$_Ptr_cat@PAVcObjectBase@Glumer@@PAV12@@std@@YA?AU_Scalar_ptr_iterator_tag@0@PAPAVcObjectBase@Glumer@@0@Z 1003d200 f i cGlumShapeFactory.obj
 0002:0000b270       ??$_Ptr_cat@UPTR@cGlumShape_Console@Glumer@@U123@@std@@YA?AU_Nonscalar_ptr_iterator_tag@0@PAUPTR@cGlumShape_Console@Glumer@@0@Z 1003d270 f i cGlumShapeFactory.obj
 0002:0000b2e0       ??$_Ptr_cat@UPTR@cGlumShape_HUDLongRadar@Glumer@@U123@@std@@YA?AU_Nonscalar_ptr_iterator_tag@0@PAUPTR@cGlumShape_HUDLongRadar@Glumer@@0@Z 1003d2e0 f i cGlumShapeFactory.obj
 0002:0000b350       ??$_Ptr_cat@UPTR@cGlumShape_HUDShortRadar@Glumer@@U123@@std@@YA?AU_Nonscalar_ptr_iterator_tag@0@PAUPTR@cGlumShape_HUDShortRadar@Glumer@@0@Z 1003d350 f i cGlumShapeFactory.obj
 0002:0000b3c0       ??$_Ptr_cat@UPTR@cGlumShape_RegularPolyhedron@Glumer@@U123@@std@@YA?AU_Nonscalar_ptr_iterator_tag@0@PAUPTR@cGlumShape_RegularPolyhedron@Glumer@@0@Z 1003d3c0 f i cGlumShapeFactory.obj
 0002:0000b430       ??$_Ptr_cat@UPTR@cGlumShape_SwitchGadget@Glumer@@U123@@std@@YA?AU_Nonscalar_ptr_iterator_tag@0@PAUPTR@cGlumShape_SwitchGadget@Glumer@@0@Z 1003d430 f i cGlumShapeFactory.obj
 0002:0000b4a0       ??$_Ptr_cat@UPTR@cMovementBase@Glumer@@U123@@std@@YA?AU_Nonscalar_ptr_iterator_tag@0@PAUPTR@cMovementBase@Glumer@@0@Z 1003d4a0 f i cGlumShapeFactory.obj
 0002:0000b510       ??$_Ptr_cat@UPTR@cMovement_Camera@Glumer@@U123@@std@@YA?AU_Nonscalar_ptr_iterator_tag@0@PAUPTR@cMovement_Camera@Glumer@@0@Z 1003d510 f i cGlumShapeFactory.obj
 0002:0000b580       ??$_Ptr_cat@UPTR@cObjectMoveableBase@Glumer@@U123@@std@@YA?AU_Nonscalar_ptr_iterator_tag@0@PAUPTR@cObjectMoveableBase@Glumer@@0@Z 1003d580 f i cGlumShapeFactory.obj
 0002:0000b5f0       ??$_Rechecked@V?$_Vector_val@U?$_Simple_types@UPTR@cMovement_Camera@Glumer@@@std@@@std@@@std@@YAAAV?$_Vector_iterator@V?$_Vector_val@U?$_Simple_types@UPTR@cMovement_Camera@Glumer@@@std@@@std@@@0@AAV10@PAUPTR@cMovement_Camera@Glumer@@@Z 1003d5f0 f i cGlumShapeFactory.obj
 0002:0000b640       ??$_Umove@PAI@?$vector@IV?$allocator@I@std@@@std@@IAEPAIPAI00@Z 1003d640 f i cGlumShapeFactory.obj
 0002:0000b6f0       ??$_Umove@PAPAVcObjectBase@Glumer@@@?$vector@PAVcObjectBase@Glumer@@V?$allocator@PAVcObjectBase@Glumer@@@std@@@std@@IAEPAPAVcObjectBase@Glumer@@PAPAV23@00@Z 1003d6f0 f i cGlumShapeFactory.obj
 0002:0000b7a0       ??$_Umove@PAUPTR@cGlumShape_Console@Glumer@@@?$vector@UPTR@cGlumShape_Console@Glumer@@V?$allocator@UPTR@cGlumShape_Console@Glumer@@@std@@@std@@IAEPAUPTR@cGlumShape_Console@Glumer@@PAU234@00@Z 1003d7a0 f i cGlumShapeFactory.obj
 0002:0000b850       ??$_Umove@PAUPTR@cGlumShape_HUDLongRadar@Glumer@@@?$vector@UPTR@cGlumShape_HUDLongRadar@Glumer@@V?$allocator@UPTR@cGlumShape_HUDLongRadar@Glumer@@@std@@@std@@IAEPAUPTR@cGlumShape_HUDLongRadar@Glumer@@PAU234@00@Z 1003d850 f i cGlumShapeFactory.obj
 0002:0000b900       ??$_Umove@PAUPTR@cGlumShape_HUDShortRadar@Glumer@@@?$vector@UPTR@cGlumShape_HUDShortRadar@Glumer@@V?$allocator@UPTR@cGlumShape_HUDShortRadar@Glumer@@@std@@@std@@IAEPAUPTR@cGlumShape_HUDShortRadar@Glumer@@PAU234@00@Z 1003d900 f i cGlumShapeFactory.obj
 0002:0000b9b0       ??$_Umove@PAUPTR@cGlumShape_RegularPolyhedron@Glumer@@@?$vector@UPTR@cGlumShape_RegularPolyhedron@Glumer@@V?$allocator@UPTR@cGlumShape_RegularPolyhedron@Glumer@@@std@@@std@@IAEPAUPTR@cGlumShape_RegularPolyhedron@Glumer@@PAU234@00@Z 1003d9b0 f i cGlumShapeFactory.obj
 0002:0000ba60       ??$_Umove@PAUPTR@cGlumShape_SwitchGadget@Glumer@@@?$vector@UPTR@cGlumShape_SwitchGadget@Glumer@@V?$allocator@UPTR@cGlumShape_SwitchGadget@Glumer@@@std@@@std@@IAEPAUPTR@cGlumShape_SwitchGadget@Glumer@@PAU234@00@Z 1003da60 f i cGlumShapeFactory.obj
 0002:0000bb10       ??$_Umove@PAUPTR@cMovementBase@Glumer@@@?$vector@UPTR@cMovementBase@Glumer@@V?$allocator@UPTR@cMovementBase@Glumer@@@std@@@std@@IAEPAUPTR@cMovementBase@Glumer@@PAU234@00@Z 1003db10 f i cGlumShapeFactory.obj
 0002:0000bbc0       ??$_Umove@PAUPTR@cMovement_Camera@Glumer@@@?$vector@UPTR@cMovement_Camera@Glumer@@V?$allocator@UPTR@cMovement_Camera@Glumer@@@std@@@std@@IAEPAUPTR@cMovement_Camera@Glumer@@PAU234@00@Z 1003dbc0 f i cGlumShapeFactory.obj
 0002:0000bc70       ??$_Umove@PAUPTR@cObjectMoveableBase@Glumer@@@?$vector@UPTR@cObjectMoveableBase@Glumer@@V?$allocator@UPTR@cObjectMoveableBase@Glumer@@@std@@@std@@IAEPAUPTR@cObjectMoveableBase@Glumer@@PAU234@00@Z 1003dc70 f i cGlumShapeFactory.obj
 0002:0000bd20       ??$_Unchecked@V?$_Vector_val@U?$_Simple_types@UPTR@cMovement_Camera@Glumer@@@std@@@std@@@std@@YAPAUPTR@cMovement_Camera@Glumer@@V?$_Vector_iterator@V?$_Vector_val@U?$_Simple_types@UPTR@cMovement_Camera@Glumer@@@std@@@std@@@0@@Z 1003dd20 f i cGlumShapeFactory.obj
 0002:0000bdd0       ??$_Unchecked@V?$_Vector_val@U?$_Simple_types@UPTR@cObjectMoveableBase@Glumer@@@std@@@std@@@std@@YAPAUPTR@cObjectMoveableBase@Glumer@@V?$_Vector_iterator@V?$_Vector_val@U?$_Simple_types@UPTR@cObjectMoveableBase@Glumer@@@std@@@std@@@0@@Z 1003ddd0 f i cGlumShapeFactory.obj
 0002:0000be80       ??$_Uninit_move@III@std@@YAPAIPAI00AAU?$_Wrap_alloc@V?$allocator@I@std@@@0@0U_Scalar_ptr_iterator_tag@0@@Z 1003de80 f i cGlumShapeFactory.obj
 0002:0000bf40       ??$_Uninit_move@PAUPTR@cGlumShape_Console@Glumer@@PAU123@V?$allocator@UPTR@cGlumShape_Console@Glumer@@@std@@U123@@std@@YAPAUPTR@cGlumShape_Console@Glumer@@PAU123@00AAU?$_Wrap_alloc@V?$allocator@UPTR@cGlumShape_Console@Glumer@@@std@@@0@0U_Nonscalar_ptr_iterator_tag@0@@Z 1003df40 f i cGlumShapeFactory.obj
 0002:0000c0a0       ??$_Uninit_move@PAUPTR@cGlumShape_HUDLongRadar@Glumer@@PAU123@V?$allocator@UPTR@cGlumShape_HUDLongRadar@Glumer@@@std@@U123@@std@@YAPAUPTR@cGlumShape_HUDLongRadar@Glumer@@PAU123@00AAU?$_Wrap_alloc@V?$allocator@UPTR@cGlumShape_HUDLongRadar@Glumer@@@std@@@0@0U_Nonscalar_ptr_iterator_tag@0@@Z 1003e0a0 f i cGlumShapeFactory.obj
 0002:0000c200       ??$_Uninit_move@PAUPTR@cGlumShape_HUDShortRadar@Glumer@@PAU123@V?$allocator@UPTR@cGlumShape_HUDShortRadar@Glumer@@@std@@U123@@std@@YAPAUPTR@cGlumShape_HUDShortRadar@Glumer@@PAU123@00AAU?$_Wrap_alloc@V?$allocator@UPTR@cGlumShape_HUDShortRadar@Glumer@@@std@@@0@0U_Nonscalar_ptr_iterator_tag@0@@Z 1003e200 f i cGlumShapeFactory.obj
 0002:0000c360       ??$_Uninit_move@PAUPTR@cGlumShape_RegularPolyhedron@Glumer@@PAU123@V?$allocator@UPTR@cGlumShape_RegularPolyhedron@Glumer@@@std@@U123@@std@@YAPAUPTR@cGlumShape_RegularPolyhedron@Glumer@@PAU123@00AAU?$_Wrap_alloc@V?$allocator@UPTR@cGlumShape_RegularPolyhedron@Glumer@@@std@@@0@0U_Nonscalar_ptr_iterator_tag@0@@Z 1003e360 f i cGlumShapeFactory.obj
 0002:0000c4c0       ??$_Uninit_move@PAUPTR@cGlumShape_SwitchGadget@Glumer@@PAU123@V?$allocator@UPTR@cGlumShape_SwitchGadget@Glumer@@@std@@U123@@std@@YAPAUPTR@cGlumShape_SwitchGadget@Glumer@@PAU123@00AAU?$_Wrap_alloc@V?$allocator@UPTR@cGlumShape_SwitchGadget@Glumer@@@std@@@0@0U_Nonscalar_ptr_iterator_tag@0@@Z 1003e4c0 f i cGlumShapeFactory.obj
 0002:0000c620       ??$_Uninit_move@PAUPTR@cMovementBase@Glumer@@PAU123@V?$allocator@UPTR@cMovementBase@Glumer@@@std@@U123@@std@@YAPAUPTR@cMovementBase@Glumer@@PAU123@00AAU?$_Wrap_alloc@V?$allocator@UPTR@cMovementBase@Glumer@@@std@@@0@0U_Nonscalar_ptr_iterator_tag@0@@Z 1003e620 f i cGlumShapeFactory.obj
 0002:0000c780       ??$_Uninit_move@PAUPTR@cMovement_Camera@Glumer@@PAU123@V?$allocator@UPTR@cMovement_Camera@Glumer@@@std@@U123@@std@@YAPAUPTR@cMovement_Camera@Glumer@@PAU123@00AAU?$_Wrap_alloc@V?$allocator@UPTR@cMovement_Camera@Glumer@@@std@@@0@0U_Nonscalar_ptr_iterator_tag@0@@Z 1003e780 f i cGlumShapeFactory.obj
 0002:0000c8e0       ??$_Uninit_move@PAUPTR@cObjectMoveableBase@Glumer@@PAU123@V?$allocator@UPTR@cObjectMoveableBase@Glumer@@@std@@U123@@std@@YAPAUPTR@cObjectMoveableBase@Glumer@@PAU123@00AAU?$_Wrap_alloc@V?$allocator@UPTR@cObjectMoveableBase@Glumer@@@std@@@0@0U_Nonscalar_ptr_iterator_tag@0@@Z 1003e8e0 f i cGlumShapeFactory.obj
 0002:0000ca40       ??$_Uninit_move@PAVcObjectBase@Glumer@@PAV12@PAV12@@std@@YAPAPAVcObjectBase@Glumer@@PAPAV12@00AAU?$_Wrap_alloc@V?$allocator@PAVcObjectBase@Glumer@@@std@@@0@0U_Scalar_ptr_iterator_tag@0@@Z 1003ea40 f i cGlumShapeFactory.obj
 0002:0000cb00       ??$_Uninitialized_move@PAIPAIU?$_Wrap_alloc@V?$allocator@I@std@@@std@@@std@@YAPAIPAI00AAU?$_Wrap_alloc@V?$allocator@I@std@@@0@@Z 1003eb00 f i cGlumShapeFactory.obj
 0002:0000cba0       ??$_Uninitialized_move@PAPAVcObjectBase@Glumer@@PAPAV12@U?$_Wrap_alloc@V?$allocator@PAVcObjectBase@Glumer@@@std@@@std@@@std@@YAPAPAVcObjectBase@Glumer@@PAPAV12@00AAU?$_Wrap_alloc@V?$allocator@PAVcObjectBase@Glumer@@@std@@@0@@Z 1003eba0 f i cGlumShapeFactory.obj
 0002:0000cc40       ??$_Uninitialized_move@PAUPTR@cGlumShape_Console@Glumer@@PAU123@U?$_Wrap_alloc@V?$allocator@UPTR@cGlumShape_Console@Glumer@@@std@@@std@@@std@@YAPAUPTR@cGlumShape_Console@Glumer@@PAU123@00AAU?$_Wrap_alloc@V?$allocator@UPTR@cGlumShape_Console@Glumer@@@std@@@0@@Z 1003ec40 f i cGlumShapeFactory.obj
 0002:0000cce0       ??$_Uninitialized_move@PAUPTR@cGlumShape_HUDLongRadar@Glumer@@PAU123@U?$_Wrap_alloc@V?$allocator@UPTR@cGlumShape_HUDLongRadar@Glumer@@@std@@@std@@@std@@YAPAUPTR@cGlumShape_HUDLongRadar@Glumer@@PAU123@00AAU?$_Wrap_alloc@V?$allocator@UPTR@cGlumShape_HUDLongRadar@Glumer@@@std@@@0@@Z 1003ece0 f i cGlumShapeFactory.obj
 0002:0000cd80       ??$_Uninitialized_move@PAUPTR@cGlumShape_HUDShortRadar@Glumer@@PAU123@U?$_Wrap_alloc@V?$allocator@UPTR@cGlumShape_HUDShortRadar@Glumer@@@std@@@std@@@std@@YAPAUPTR@cGlumShape_HUDShortRadar@Glumer@@PAU123@00AAU?$_Wrap_alloc@V?$allocator@UPTR@cGlumShape_HUDShortRadar@Glumer@@@std@@@0@@Z 1003ed80 f i cGlumShapeFactory.obj
 0002:0000ce20       ??$_Uninitialized_move@PAUPTR@cGlumShape_RegularPolyhedron@Glumer@@PAU123@U?$_Wrap_alloc@V?$allocator@UPTR@cGlumShape_RegularPolyhedron@Glumer@@@std@@@std@@@std@@YAPAUPTR@cGlumShape_RegularPolyhedron@Glumer@@PAU123@00AAU?$_Wrap_alloc@V?$allocator@UPTR@cGlumShape_RegularPolyhedron@Glumer@@@std@@@0@@Z 1003ee20 f i cGlumShapeFactory.obj
 0002:0000cec0       ??$_Uninitialized_move@PAUPTR@cGlumShape_SwitchGadget@Glumer@@PAU123@U?$_Wrap_alloc@V?$allocator@UPTR@cGlumShape_SwitchGadget@Glumer@@@std@@@std@@@std@@YAPAUPTR@cGlumShape_SwitchGadget@Glumer@@PAU123@00AAU?$_Wrap_alloc@V?$allocator@UPTR@cGlumShape_SwitchGadget@Glumer@@@std@@@0@@Z 1003eec0 f i cGlumShapeFactory.obj
 0002:0000cf60       ??$_Uninitialized_move@PAUPTR@cMovementBase@Glumer@@PAU123@U?$_Wrap_alloc@V?$allocator@UPTR@cMovementBase@Glumer@@@std@@@std@@@std@@YAPAUPTR@cMovementBase@Glumer@@PAU123@00AAU?$_Wrap_alloc@V?$allocator@UPTR@cMovementBase@Glumer@@@std@@@0@@Z 1003ef60 f i cGlumShapeFactory.obj
 0002:0000d000       ??$_Uninitialized_move@PAUPTR@cMovement_Camera@Glumer@@PAU123@U?$_Wrap_alloc@V?$allocator@UPTR@cMovement_Camera@Glumer@@@std@@@std@@@std@@YAPAUPTR@cMovement_Camera@Glumer@@PAU123@00AAU?$_Wrap_alloc@V?$allocator@UPTR@cMovement_Camera@Glumer@@@std@@@0@@Z 1003f000 f i cGlumShapeFactory.obj
 0002:0000d0a0       ??$_Uninitialized_move@PAUPTR@cObjectMoveableBase@Glumer@@PAU123@U?$_Wrap_alloc@V?$allocator@UPTR@cObjectMoveableBase@Glumer@@@std@@@std@@@std@@YAPAUPTR@cObjectMoveableBase@Glumer@@PAU123@00AAU?$_Wrap_alloc@V?$allocator@UPTR@cObjectMoveableBase@Glumer@@@std@@@0@@Z 1003f0a0 f i cGlumShapeFactory.obj
 0002:0000d140       ??$_Val_type@PAI@std@@YAPAIPAI@Z 1003f140 f i cGlumShapeFactory.obj
 0002:0000d170       ??$_Val_type@PAPAVcObjectBase@Glumer@@@std@@YAPAPAVcObjectBase@Glumer@@PAPAV12@@Z 1003f170 f i cGlumShapeFactory.obj
 0002:0000d1a0       ??$_Val_type@PAUPTR@cGlumShape_Console@Glumer@@@std@@YAPAUPTR@cGlumShape_Console@Glumer@@PAU123@@Z 1003f1a0 f i cGlumShapeFactory.obj
 0002:0000d1d0       ??$_Val_type@PAUPTR@cGlumShape_HUDLongRadar@Glumer@@@std@@YAPAUPTR@cGlumShape_HUDLongRadar@Glumer@@PAU123@@Z 1003f1d0 f i cGlumShapeFactory.obj
 0002:0000d200       ??$_Val_type@PAUPTR@cGlumShape_HUDShortRadar@Glumer@@@std@@YAPAUPTR@cGlumShape_HUDShortRadar@Glumer@@PAU123@@Z 1003f200 f i cGlumShapeFactory.obj
 0002:0000d230       ??$_Val_type@PAUPTR@cGlumShape_RegularPolyhedron@Glumer@@@std@@YAPAUPTR@cGlumShape_RegularPolyhedron@Glumer@@PAU123@@Z 1003f230 f i cGlumShapeFactory.obj
 0002:0000d260       ??$_Val_type@PAUPTR@cGlumShape_SwitchGadget@Glumer@@@std@@YAPAUPTR@cGlumShape_SwitchGadget@Glumer@@PAU123@@Z 1003f260 f i cGlumShapeFactory.obj
 0002:0000d290       ??$_Val_type@PAUPTR@cMovementBase@Glumer@@@std@@YAPAUPTR@cMovementBase@Glumer@@PAU123@@Z 1003f290 f i cGlumShapeFactory.obj
 0002:0000d2c0       ??$_Val_type@PAUPTR@cMovement_Camera@Glumer@@@std@@YAPAUPTR@cMovement_Camera@Glumer@@PAU123@@Z 1003f2c0 f i cGlumShapeFactory.obj
 0002:0000d2f0       ??$_Val_type@PAUPTR@cObjectMoveableBase@Glumer@@@std@@YAPAUPTR@cObjectMoveableBase@Glumer@@PAU123@@Z 1003f2f0 f i cGlumShapeFactory.obj
 0002:0000d320       ??$addressof@$$CBI@std@@YAPBIABI@Z 1003f320 f i cGlumShapeFactory.obj
 0002:0000d360       ??$addressof@$$CBUPTR@cGlumShape_Console@Glumer@@@std@@YAPBUPTR@cGlumShape_Console@Glumer@@ABU123@@Z 1003f360 f i cGlumShapeFactory.obj
 0002:0000d3a0       ??$addressof@$$CBUPTR@cGlumShape_HUDLongRadar@Glumer@@@std@@YAPBUPTR@cGlumShape_HUDLongRadar@Glumer@@ABU123@@Z 1003f3a0 f i cGlumShapeFactory.obj
 0002:0000d3e0       ??$addressof@$$CBUPTR@cGlumShape_HUDShortRadar@Glumer@@@std@@YAPBUPTR@cGlumShape_HUDShortRadar@Glumer@@ABU123@@Z 1003f3e0 f i cGlumShapeFactory.obj
 0002:0000d420       ??$addressof@$$CBUPTR@cGlumShape_RegularPolyhedron@Glumer@@@std@@YAPBUPTR@cGlumShape_RegularPolyhedron@Glumer@@ABU123@@Z 1003f420 f i cGlumShapeFactory.obj
 0002:0000d460       ??$addressof@$$CBUPTR@cGlumShape_SwitchGadget@Glumer@@@std@@YAPBUPTR@cGlumShape_SwitchGadget@Glumer@@ABU123@@Z 1003f460 f i cGlumShapeFactory.obj
 0002:0000d4a0       ??$addressof@$$CBUPTR@cMovementBase@Glumer@@@std@@YAPBUPTR@cMovementBase@Glumer@@ABU123@@Z 1003f4a0 f i cGlumShapeFactory.obj
 0002:0000d4e0       ??$addressof@$$CBUPTR@cMovement_Camera@Glumer@@@std@@YAPBUPTR@cMovement_Camera@Glumer@@ABU123@@Z 1003f4e0 f i cGlumShapeFactory.obj
 0002:0000d520       ??$addressof@$$CBUPTR@cObjectMoveableBase@Glumer@@@std@@YAPBUPTR@cObjectMoveableBase@Glumer@@ABU123@@Z 1003f520 f i cGlumShapeFactory.obj
 0002:0000d560       ??$addressof@D@std@@YAPADAAD@Z 1003f560 f i cGlumShapeFactory.obj
 0002:0000d5a0       ??$addressof@I@std@@YAPAIAAI@Z 1003f5a0 f i cGlumShapeFactory.obj
 0002:0000d5e0       ??$addressof@PAU?$_Tree_node@U?$pair@$$CBIUPTR@cGlumShapeBase@Glumer@@@std@@PAX@std@@@std@@YAPAPAU?$_Tree_node@U?$pair@$$CBIUPTR@cGlumShapeBase@Glumer@@@std@@PAX@0@AAPAU10@@Z 1003f5e0 f i cGlumShapeFactory.obj
 0002:0000d620       ??$addressof@QAVcObjectBase@Glumer@@@std@@YAPBQAVcObjectBase@Glumer@@ABQAV12@@Z 1003f620 f i cGlumShapeFactory.obj
 0002:0000d660       ??$addressof@U?$pair@$$CBIUPTR@cGlumShapeBase@Glumer@@@std@@@std@@YAPAU?$pair@$$CBIUPTR@cGlumShapeBase@Glumer@@@0@AAU10@@Z 1003f660 f i cGlumShapeFactory.obj
 0002:0000d6a0       ??$addressof@UPTR@cGlumShape_Console@Glumer@@@std@@YAPAUPTR@cGlumShape_Console@Glumer@@AAU123@@Z 1003f6a0 f i cGlumShapeFactory.obj
 0002:0000d6e0       ??$addressof@UPTR@cGlumShape_HUDLongRadar@Glumer@@@std@@YAPAUPTR@cGlumShape_HUDLongRadar@Glumer@@AAU123@@Z 1003f6e0 f i cGlumShapeFactory.obj
 0002:0000d720       ??$addressof@UPTR@cGlumShape_HUDShortRadar@Glumer@@@std@@YAPAUPTR@cGlumShape_HUDShortRadar@Glumer@@AAU123@@Z 1003f720 f i cGlumShapeFactory.obj
 0002:0000d760       ??$addressof@UPTR@cGlumShape_RegularPolyhedron@Glumer@@@std@@YAPAUPTR@cGlumShape_RegularPolyhedron@Glumer@@AAU123@@Z 1003f760 f i cGlumShapeFactory.obj
 0002:0000d7a0       ??$addressof@UPTR@cGlumShape_SwitchGadget@Glumer@@@std@@YAPAUPTR@cGlumShape_SwitchGadget@Glumer@@AAU123@@Z 1003f7a0 f i cGlumShapeFactory.obj
 0002:0000d7e0       ??$addressof@UPTR@cMovement_Camera@Glumer@@@std@@YAPAUPTR@cMovement_Camera@Glumer@@AAU123@@Z 1003f7e0 f i cGlumShapeFactory.obj
 0002:0000d820       ??$construct@IAAI@?$_Wrap_alloc@V?$allocator@I@std@@@std@@QAEXPAIAAI@Z 1003f820 f i cGlumShapeFactory.obj
 0002:0000d890       ??$construct@IAAI@?$allocator@I@std@@QAEXPAIAAI@Z 1003f890 f i cGlumShapeFactory.obj
 0002:0000d990       ??$construct@IAAI@?$allocator_traits@V?$allocator@I@std@@@std@@SAXAAV?$allocator@I@1@PAIAAI@Z 1003f990 f i cGlumShapeFactory.obj
 0002:0000d9f0       ??$construct@IABI@?$_Wrap_alloc@V?$allocator@I@std@@@std@@QAEXPAIABI@Z 1003f9f0 f i cGlumShapeFactory.obj
 0002:0000da60       ??$construct@IABI@?$allocator_traits@V?$allocator@I@std@@@std@@SAXAAV?$allocator@I@1@PAIABI@Z 1003fa60 f i cGlumShapeFactory.obj
 0002:0000dac0       ??$construct@II@?$_Wrap_alloc@V?$allocator@I@std@@@std@@QAEXPAI$$QAI@Z 1003fac0 f i cGlumShapeFactory.obj
 0002:0000db30       ??$construct@II@?$allocator@I@std@@QAEXPAI$$QAI@Z 1003fb30 f i cGlumShapeFactory.obj
 0002:0000dc30       ??$construct@II@?$allocator_traits@V?$allocator@I@std@@@std@@SAXAAV?$allocator@I@1@PAI$$QAI@Z 1003fc30 f i cGlumShapeFactory.obj
 0002:0000dc90       ??$construct@PADAAPAD@?$_Wrap_alloc@V?$allocator@D@std@@@std@@QAEXPAPADAAPAD@Z 1003fc90 f i cGlumShapeFactory.obj
 0002:0000dd00       ??$construct@PADAAPAD@?$allocator@D@std@@QAEXPAPADAAPAD@Z 1003fd00 f i cGlumShapeFactory.obj
 0002:0000de00       ??$construct@PADAAPAD@?$allocator_traits@V?$allocator@D@std@@@std@@SAXAAV?$allocator@D@1@PAPADAAPAD@Z 1003fe00 f i cGlumShapeFactory.obj
 0002:0000de60       ??$construct@PAU?$_Tree_node@U?$pair@$$CBIUPTR@cGlumShapeBase@Glumer@@@std@@PAX@std@@AAPAU12@@?$_Wrap_alloc@V?$allocator@U?$_Tree_node@U?$pair@$$CBIUPTR@cGlumShapeBase@Glumer@@@std@@PAX@std@@@std@@@std@@QAEXPAPAU?$_Tree_node@U?$pair@$$CBIUPTR@cGlumShapeBase@Glumer@@@std@@PAX@1@AAPAU21@@Z 1003fe60 f i cGlumShapeFactory.obj
 0002:0000ded0       ??$construct@PAU?$_Tree_node@U?$pair@$$CBIUPTR@cGlumShapeBase@Glumer@@@std@@PAX@std@@AAPAU12@@?$allocator@U?$_Tree_node@U?$pair@$$CBIUPTR@cGlumShapeBase@Glumer@@@std@@PAX@std@@@std@@QAEXPAPAU?$_Tree_node@U?$pair@$$CBIUPTR@cGlumShapeBase@Glumer@@@std@@PAX@1@AAPAU21@@Z 1003fed0 f i cGlumShapeFactory.obj
 0002:0000dfd0       ??$construct@PAU?$_Tree_node@U?$pair@$$CBIUPTR@cGlumShapeBase@Glumer@@@std@@PAX@std@@AAPAU12@@?$allocator_traits@V?$allocator@U?$_Tree_node@U?$pair@$$CBIUPTR@cGlumShapeBase@Glumer@@@std@@PAX@std@@@std@@@std@@SAXAAV?$allocator@U?$_Tree_node@U?$pair@$$CBIUPTR@cGlumShapeBase@Glumer@@@std@@PAX@std@@@1@PAPAU?$_Tree_node@U?$pair@$$CBIUPTR@cGlumShapeBase@Glumer@@@std@@PAX@1@AAPAU31@@Z 1003ffd0 f i cGlumShapeFactory.obj
 0002:0000e030       ??$construct@PAVcObjectBase@Glumer@@AAPAV12@@?$_Wrap_alloc@V?$allocator@PAVcObjectBase@Glumer@@@std@@@std@@QAEXPAPAVcObjectBase@Glumer@@AAPAV23@@Z 10040030 f i cGlumShapeFactory.obj
 0002:0000e0a0       ??$construct@PAVcObjectBase@Glumer@@AAPAV12@@?$allocator@PAVcObjectBase@Glumer@@@std@@QAEXPAPAVcObjectBase@Glumer@@AAPAV23@@Z 100400a0 f i cGlumShapeFactory.obj
 0002:0000e1a0       ??$construct@PAVcObjectBase@Glumer@@AAPAV12@@?$allocator_traits@V?$allocator@PAVcObjectBase@Glumer@@@std@@@std@@SAXAAV?$allocator@PAVcObjectBase@Glumer@@@1@PAPAVcObjectBase@Glumer@@AAPAV34@@Z 100401a0 f i cGlumShapeFactory.obj
 0002:0000e200       ??$construct@PAVcObjectBase@Glumer@@ABQAV12@@?$_Wrap_alloc@V?$allocator@PAVcObjectBase@Glumer@@@std@@@std@@QAEXPAPAVcObjectBase@Glumer@@ABQAV23@@Z 10040200 f i cGlumShapeFactory.obj
 0002:0000e270       ??$construct@PAVcObjectBase@Glumer@@ABQAV12@@?$allocator_traits@V?$allocator@PAVcObjectBase@Glumer@@@std@@@std@@SAXAAV?$allocator@PAVcObjectBase@Glumer@@@1@PAPAVcObjectBase@Glumer@@ABQAV34@@Z 10040270 f i cGlumShapeFactory.obj
 0002:0000e2d0       ??$construct@U?$pair@$$CBIUPTR@cGlumShapeBase@Glumer@@@std@@U?$pair@IUPTR@cGlumShapeBase@Glumer@@@2@@?$_Wrap_alloc@V?$allocator@U?$_Tree_node@U?$pair@$$CBIUPTR@cGlumShapeBase@Glumer@@@std@@PAX@std@@@std@@@std@@QAEXPAU?$pair@$$CBIUPTR@cGlumShapeBase@Glumer@@@1@$$QAU?$pair@IUPTR@cGlumShapeBase@Glumer@@@1@@Z 100402d0 f i cGlumShapeFactory.obj
 0002:0000e340       ??$construct@U?$pair@$$CBIUPTR@cGlumShapeBase@Glumer@@@std@@U?$pair@IUPTR@cGlumShapeBase@Glumer@@@2@@?$allocator@U?$_Tree_node@U?$pair@$$CBIUPTR@cGlumShapeBase@Glumer@@@std@@PAX@std@@@std@@QAEXPAU?$pair@$$CBIUPTR@cGlumShapeBase@Glumer@@@1@$$QAU?$pair@IUPTR@cGlumShapeBase@Glumer@@@1@@Z 10040340 f i cGlumShapeFactory.obj
 0002:0000e440       ??$construct@U?$pair@$$CBIUPTR@cGlumShapeBase@Glumer@@@std@@U?$pair@IUPTR@cGlumShapeBase@Glumer@@@2@@?$allocator_traits@V?$allocator@U?$_Tree_node@U?$pair@$$CBIUPTR@cGlumShapeBase@Glumer@@@std@@PAX@std@@@std@@@std@@SAXAAV?$allocator@U?$_Tree_node@U?$pair@$$CBIUPTR@cGlumShapeBase@Glumer@@@std@@PAX@std@@@1@PAU?$pair@$$CBIUPTR@cGlumShapeBase@Glumer@@@1@$$QAU?$pair@IUPTR@cGlumShapeBase@Glumer@@@1@@Z 10040440 f i cGlumShapeFactory.obj
 0002:0000e4a0       ??$construct@UPTR@cGlumShape_Console@Glumer@@AAU123@@?$_Wrap_alloc@V?$allocator@UPTR@cGlumShape_Console@Glumer@@@std@@@std@@QAEXPAUPTR@cGlumShape_Console@Glumer@@AAU234@@Z 100404a0 f i cGlumShapeFactory.obj
 0002:0000e510       ??$construct@UPTR@cGlumShape_Console@Glumer@@AAU123@@?$allocator@UPTR@cGlumShape_Console@Glumer@@@std@@QAEXPAUPTR@cGlumShape_Console@Glumer@@AAU234@@Z 10040510 f i cGlumShapeFactory.obj
 0002:0000e610       ??$construct@UPTR@cGlumShape_Console@Glumer@@AAU123@@?$allocator_traits@V?$allocator@UPTR@cGlumShape_Console@Glumer@@@std@@@std@@SAXAAV?$allocator@UPTR@cGlumShape_Console@Glumer@@@1@PAUPTR@cGlumShape_Console@Glumer@@AAU345@@Z 10040610 f i cGlumShapeFactory.obj
 0002:0000e670       ??$construct@UPTR@cGlumShape_Console@Glumer@@ABU123@@?$_Wrap_alloc@V?$allocator@UPTR@cGlumShape_Console@Glumer@@@std@@@std@@QAEXPAUPTR@cGlumShape_Console@Glumer@@ABU234@@Z 10040670 f i cGlumShapeFactory.obj
 0002:0000e6e0       ??$construct@UPTR@cGlumShape_Console@Glumer@@ABU123@@?$allocator_traits@V?$allocator@UPTR@cGlumShape_Console@Glumer@@@std@@@std@@SAXAAV?$allocator@UPTR@cGlumShape_Console@Glumer@@@1@PAUPTR@cGlumShape_Console@Glumer@@ABU345@@Z 100406e0 f i cGlumShapeFactory.obj
 0002:0000e740       ??$construct@UPTR@cGlumShape_Console@Glumer@@U123@@?$_Wrap_alloc@V?$allocator@UPTR@cGlumShape_Console@Glumer@@@std@@@std@@QAEXPAUPTR@cGlumShape_Console@Glumer@@$$QAU234@@Z 10040740 f i cGlumShapeFactory.obj
 0002:0000e7b0       ??$construct@UPTR@cGlumShape_Console@Glumer@@U123@@?$allocator@UPTR@cGlumShape_Console@Glumer@@@std@@QAEXPAUPTR@cGlumShape_Console@Glumer@@$$QAU234@@Z 100407b0 f i cGlumShapeFactory.obj
 0002:0000e8b0       ??$construct@UPTR@cGlumShape_Console@Glumer@@U123@@?$allocator_traits@V?$allocator@UPTR@cGlumShape_Console@Glumer@@@std@@@std@@SAXAAV?$allocator@UPTR@cGlumShape_Console@Glumer@@@1@PAUPTR@cGlumShape_Console@Glumer@@$$QAU345@@Z 100408b0 f i cGlumShapeFactory.obj
 0002:0000e910       ??$construct@UPTR@cGlumShape_HUDLongRadar@Glumer@@AAU123@@?$_Wrap_alloc@V?$allocator@UPTR@cGlumShape_HUDLongRadar@Glumer@@@std@@@std@@QAEXPAUPTR@cGlumShape_HUDLongRadar@Glumer@@AAU234@@Z 10040910 f i cGlumShapeFactory.obj
 0002:0000e980       ??$construct@UPTR@cGlumShape_HUDLongRadar@Glumer@@AAU123@@?$allocator@UPTR@cGlumShape_HUDLongRadar@Glumer@@@std@@QAEXPAUPTR@cGlumShape_HUDLongRadar@Glumer@@AAU234@@Z 10040980 f i cGlumShapeFactory.obj
 0002:0000ea80       ??$construct@UPTR@cGlumShape_HUDLongRadar@Glumer@@AAU123@@?$allocator_traits@V?$allocator@UPTR@cGlumShape_HUDLongRadar@Glumer@@@std@@@std@@SAXAAV?$allocator@UPTR@cGlumShape_HUDLongRadar@Glumer@@@1@PAUPTR@cGlumShape_HUDLongRadar@Glumer@@AAU345@@Z 10040a80 f i cGlumShapeFactory.obj
 0002:0000eae0       ??$construct@UPTR@cGlumShape_HUDLongRadar@Glumer@@ABU123@@?$_Wrap_alloc@V?$allocator@UPTR@cGlumShape_HUDLongRadar@Glumer@@@std@@@std@@QAEXPAUPTR@cGlumShape_HUDLongRadar@Glumer@@ABU234@@Z 10040ae0 f i cGlumShapeFactory.obj
 0002:0000eb50       ??$construct@UPTR@cGlumShape_HUDLongRadar@Glumer@@ABU123@@?$allocator_traits@V?$allocator@UPTR@cGlumShape_HUDLongRadar@Glumer@@@std@@@std@@SAXAAV?$allocator@UPTR@cGlumShape_HUDLongRadar@Glumer@@@1@PAUPTR@cGlumShape_HUDLongRadar@Glumer@@ABU345@@Z 10040b50 f i cGlumShapeFactory.obj
 0002:0000ebb0       ??$construct@UPTR@cGlumShape_HUDLongRadar@Glumer@@U123@@?$_Wrap_alloc@V?$allocator@UPTR@cGlumShape_HUDLongRadar@Glumer@@@std@@@std@@QAEXPAUPTR@cGlumShape_HUDLongRadar@Glumer@@$$QAU234@@Z 10040bb0 f i cGlumShapeFactory.obj
 0002:0000ec20       ??$construct@UPTR@cGlumShape_HUDLongRadar@Glumer@@U123@@?$allocator@UPTR@cGlumShape_HUDLongRadar@Glumer@@@std@@QAEXPAUPTR@cGlumShape_HUDLongRadar@Glumer@@$$QAU234@@Z 10040c20 f i cGlumShapeFactory.obj
 0002:0000ed20       ??$construct@UPTR@cGlumShape_HUDLongRadar@Glumer@@U123@@?$allocator_traits@V?$allocator@UPTR@cGlumShape_HUDLongRadar@Glumer@@@std@@@std@@SAXAAV?$allocator@UPTR@cGlumShape_HUDLongRadar@Glumer@@@1@PAUPTR@cGlumShape_HUDLongRadar@Glumer@@$$QAU345@@Z 10040d20 f i cGlumShapeFactory.obj
 0002:0000ed80       ??$construct@UPTR@cGlumShape_HUDShortRadar@Glumer@@AAU123@@?$_Wrap_alloc@V?$allocator@UPTR@cGlumShape_HUDShortRadar@Glumer@@@std@@@std@@QAEXPAUPTR@cGlumShape_HUDShortRadar@Glumer@@AAU234@@Z 10040d80 f i cGlumShapeFactory.obj
 0002:0000edf0       ??$construct@UPTR@cGlumShape_HUDShortRadar@Glumer@@AAU123@@?$allocator@UPTR@cGlumShape_HUDShortRadar@Glumer@@@std@@QAEXPAUPTR@cGlumShape_HUDShortRadar@Glumer@@AAU234@@Z 10040df0 f i cGlumShapeFactory.obj
 0002:0000eef0       ??$construct@UPTR@cGlumShape_HUDShortRadar@Glumer@@AAU123@@?$allocator_traits@V?$allocator@UPTR@cGlumShape_HUDShortRadar@Glumer@@@std@@@std@@SAXAAV?$allocator@UPTR@cGlumShape_HUDShortRadar@Glumer@@@1@PAUPTR@cGlumShape_HUDShortRadar@Glumer@@AAU345@@Z 10040ef0 f i cGlumShapeFactory.obj
 0002:0000ef50       ??$construct@UPTR@cGlumShape_HUDShortRadar@Glumer@@ABU123@@?$_Wrap_alloc@V?$allocator@UPTR@cGlumShape_HUDShortRadar@Glumer@@@std@@@std@@QAEXPAUPTR@cGlumShape_HUDShortRadar@Glumer@@ABU234@@Z 10040f50 f i cGlumShapeFactory.obj
 0002:0000efc0       ??$construct@UPTR@cGlumShape_HUDShortRadar@Glumer@@ABU123@@?$allocator_traits@V?$allocator@UPTR@cGlumShape_HUDShortRadar@Glumer@@@std@@@std@@SAXAAV?$allocator@UPTR@cGlumShape_HUDShortRadar@Glumer@@@1@PAUPTR@cGlumShape_HUDShortRadar@Glumer@@ABU345@@Z 10040fc0 f i cGlumShapeFactory.obj
 0002:0000f020       ??$construct@UPTR@cGlumShape_HUDShortRadar@Glumer@@U123@@?$_Wrap_alloc@V?$allocator@UPTR@cGlumShape_HUDShortRadar@Glumer@@@std@@@std@@QAEXPAUPTR@cGlumShape_HUDShortRadar@Glumer@@$$QAU234@@Z 10041020 f i cGlumShapeFactory.obj
 0002:0000f090       ??$construct@UPTR@cGlumShape_HUDShortRadar@Glumer@@U123@@?$allocator@UPTR@cGlumShape_HUDShortRadar@Glumer@@@std@@QAEXPAUPTR@cGlumShape_HUDShortRadar@Glumer@@$$QAU234@@Z 10041090 f i cGlumShapeFactory.obj
 0002:0000f190       ??$construct@UPTR@cGlumShape_HUDShortRadar@Glumer@@U123@@?$allocator_traits@V?$allocator@UPTR@cGlumShape_HUDShortRadar@Glumer@@@std@@@std@@SAXAAV?$allocator@UPTR@cGlumShape_HUDShortRadar@Glumer@@@1@PAUPTR@cGlumShape_HUDShortRadar@Glumer@@$$QAU345@@Z 10041190 f i cGlumShapeFactory.obj
 0002:0000f1f0       ??$construct@UPTR@cGlumShape_RegularPolyhedron@Glumer@@AAU123@@?$_Wrap_alloc@V?$allocator@UPTR@cGlumShape_RegularPolyhedron@Glumer@@@std@@@std@@QAEXPAUPTR@cGlumShape_RegularPolyhedron@Glumer@@AAU234@@Z 100411f0 f i cGlumShapeFactory.obj
 0002:0000f260       ??$construct@UPTR@cGlumShape_RegularPolyhedron@Glumer@@AAU123@@?$allocator@UPTR@cGlumShape_RegularPolyhedron@Glumer@@@std@@QAEXPAUPTR@cGlumShape_RegularPolyhedron@Glumer@@AAU234@@Z 10041260 f i cGlumShapeFactory.obj
 0002:0000f360       ??$construct@UPTR@cGlumShape_RegularPolyhedron@Glumer@@AAU123@@?$allocator_traits@V?$allocator@UPTR@cGlumShape_RegularPolyhedron@Glumer@@@std@@@std@@SAXAAV?$allocator@UPTR@cGlumShape_RegularPolyhedron@Glumer@@@1@PAUPTR@cGlumShape_RegularPolyhedron@Glumer@@AAU345@@Z 10041360 f i cGlumShapeFactory.obj
 0002:0000f3c0       ??$construct@UPTR@cGlumShape_RegularPolyhedron@Glumer@@ABU123@@?$_Wrap_alloc@V?$allocator@UPTR@cGlumShape_RegularPolyhedron@Glumer@@@std@@@std@@QAEXPAUPTR@cGlumShape_RegularPolyhedron@Glumer@@ABU234@@Z 100413c0 f i cGlumShapeFactory.obj
 0002:0000f430       ??$construct@UPTR@cGlumShape_RegularPolyhedron@Glumer@@ABU123@@?$allocator_traits@V?$allocator@UPTR@cGlumShape_RegularPolyhedron@Glumer@@@std@@@std@@SAXAAV?$allocator@UPTR@cGlumShape_RegularPolyhedron@Glumer@@@1@PAUPTR@cGlumShape_RegularPolyhedron@Glumer@@ABU345@@Z 10041430 f i cGlumShapeFactory.obj
 0002:0000f490       ??$construct@UPTR@cGlumShape_RegularPolyhedron@Glumer@@U123@@?$_Wrap_alloc@V?$allocator@UPTR@cGlumShape_RegularPolyhedron@Glumer@@@std@@@std@@QAEXPAUPTR@cGlumShape_RegularPolyhedron@Glumer@@$$QAU234@@Z 10041490 f i cGlumShapeFactory.obj
 0002:0000f500       ??$construct@UPTR@cGlumShape_RegularPolyhedron@Glumer@@U123@@?$allocator@UPTR@cGlumShape_RegularPolyhedron@Glumer@@@std@@QAEXPAUPTR@cGlumShape_RegularPolyhedron@Glumer@@$$QAU234@@Z 10041500 f i cGlumShapeFactory.obj
 0002:0000f600       ??$construct@UPTR@cGlumShape_RegularPolyhedron@Glumer@@U123@@?$allocator_traits@V?$allocator@UPTR@cGlumShape_RegularPolyhedron@Glumer@@@std@@@std@@SAXAAV?$allocator@UPTR@cGlumShape_RegularPolyhedron@Glumer@@@1@PAUPTR@cGlumShape_RegularPolyhedron@Glumer@@$$QAU345@@Z 10041600 f i cGlumShapeFactory.obj
 0002:0000f660       ??$construct@UPTR@cGlumShape_SwitchGadget@Glumer@@AAU123@@?$_Wrap_alloc@V?$allocator@UPTR@cGlumShape_SwitchGadget@Glumer@@@std@@@std@@QAEXPAUPTR@cGlumShape_SwitchGadget@Glumer@@AAU234@@Z 10041660 f i cGlumShapeFactory.obj
 0002:0000f6d0       ??$construct@UPTR@cGlumShape_SwitchGadget@Glumer@@AAU123@@?$allocator@UPTR@cGlumShape_SwitchGadget@Glumer@@@std@@QAEXPAUPTR@cGlumShape_SwitchGadget@Glumer@@AAU234@@Z 100416d0 f i cGlumShapeFactory.obj
 0002:0000f7d0       ??$construct@UPTR@cGlumShape_SwitchGadget@Glumer@@AAU123@@?$allocator_traits@V?$allocator@UPTR@cGlumShape_SwitchGadget@Glumer@@@std@@@std@@SAXAAV?$allocator@UPTR@cGlumShape_SwitchGadget@Glumer@@@1@PAUPTR@cGlumShape_SwitchGadget@Glumer@@AAU345@@Z 100417d0 f i cGlumShapeFactory.obj
 0002:0000f830       ??$construct@UPTR@cGlumShape_SwitchGadget@Glumer@@ABU123@@?$_Wrap_alloc@V?$allocator@UPTR@cGlumShape_SwitchGadget@Glumer@@@std@@@std@@QAEXPAUPTR@cGlumShape_SwitchGadget@Glumer@@ABU234@@Z 10041830 f i cGlumShapeFactory.obj
 0002:0000f8a0       ??$construct@UPTR@cGlumShape_SwitchGadget@Glumer@@ABU123@@?$allocator_traits@V?$allocator@UPTR@cGlumShape_SwitchGadget@Glumer@@@std@@@std@@SAXAAV?$allocator@UPTR@cGlumShape_SwitchGadget@Glumer@@@1@PAUPTR@cGlumShape_SwitchGadget@Glumer@@ABU345@@Z 100418a0 f i cGlumShapeFactory.obj
 0002:0000f900       ??$construct@UPTR@cGlumShape_SwitchGadget@Glumer@@U123@@?$_Wrap_alloc@V?$allocator@UPTR@cGlumShape_SwitchGadget@Glumer@@@std@@@std@@QAEXPAUPTR@cGlumShape_SwitchGadget@Glumer@@$$QAU234@@Z 10041900 f i cGlumShapeFactory.obj
 0002:0000f970       ??$construct@UPTR@cGlumShape_SwitchGadget@Glumer@@U123@@?$allocator@UPTR@cGlumShape_SwitchGadget@Glumer@@@std@@QAEXPAUPTR@cGlumShape_SwitchGadget@Glumer@@$$QAU234@@Z 10041970 f i cGlumShapeFactory.obj
 0002:0000fa70       ??$construct@UPTR@cGlumShape_SwitchGadget@Glumer@@U123@@?$allocator_traits@V?$allocator@UPTR@cGlumShape_SwitchGadget@Glumer@@@std@@@std@@SAXAAV?$allocator@UPTR@cGlumShape_SwitchGadget@Glumer@@@1@PAUPTR@cGlumShape_SwitchGadget@Glumer@@$$QAU345@@Z 10041a70 f i cGlumShapeFactory.obj
 0002:0000fad0       ??$construct@UPTR@cMovementBase@Glumer@@AAU123@@?$_Wrap_alloc@V?$allocator@UPTR@cMovementBase@Glumer@@@std@@@std@@QAEXPAUPTR@cMovementBase@Glumer@@AAU234@@Z 10041ad0 f i cGlumShapeFactory.obj
 0002:0000fb40       ??$construct@UPTR@cMovementBase@Glumer@@AAU123@@?$allocator@UPTR@cMovementBase@Glumer@@@std@@QAEXPAUPTR@cMovementBase@Glumer@@AAU234@@Z 10041b40 f i cGlumShapeFactory.obj
 0002:0000fc40       ??$construct@UPTR@cMovementBase@Glumer@@AAU123@@?$allocator_traits@V?$allocator@UPTR@cMovementBase@Glumer@@@std@@@std@@SAXAAV?$allocator@UPTR@cMovementBase@Glumer@@@1@PAUPTR@cMovementBase@Glumer@@AAU345@@Z 10041c40 f i cGlumShapeFactory.obj
 0002:0000fca0       ??$construct@UPTR@cMovementBase@Glumer@@ABU123@@?$_Wrap_alloc@V?$allocator@UPTR@cMovementBase@Glumer@@@std@@@std@@QAEXPAUPTR@cMovementBase@Glumer@@ABU234@@Z 10041ca0 f i cGlumShapeFactory.obj
 0002:0000fd10       ??$construct@UPTR@cMovementBase@Glumer@@ABU123@@?$allocator_traits@V?$allocator@UPTR@cMovementBase@Glumer@@@std@@@std@@SAXAAV?$allocator@UPTR@cMovementBase@Glumer@@@1@PAUPTR@cMovementBase@Glumer@@ABU345@@Z 10041d10 f i cGlumShapeFactory.obj
 0002:0000fd70       ??$construct@UPTR@cMovementBase@Glumer@@U123@@?$_Wrap_alloc@V?$allocator@UPTR@cMovementBase@Glumer@@@std@@@std@@QAEXPAUPTR@cMovementBase@Glumer@@$$QAU234@@Z 10041d70 f i cGlumShapeFactory.obj
 0002:0000fde0       ??$construct@UPTR@cMovementBase@Glumer@@U123@@?$allocator@UPTR@cMovementBase@Glumer@@@std@@QAEXPAUPTR@cMovementBase@Glumer@@$$QAU234@@Z 10041de0 f i cGlumShapeFactory.obj
 0002:0000fee0       ??$construct@UPTR@cMovementBase@Glumer@@U123@@?$allocator_traits@V?$allocator@UPTR@cMovementBase@Glumer@@@std@@@std@@SAXAAV?$allocator@UPTR@cMovementBase@Glumer@@@1@PAUPTR@cMovementBase@Glumer@@$$QAU345@@Z 10041ee0 f i cGlumShapeFactory.obj
 0002:0000ff40       ??$construct@UPTR@cMovement_Camera@Glumer@@AAU123@@?$_Wrap_alloc@V?$allocator@UPTR@cMovement_Camera@Glumer@@@std@@@std@@QAEXPAUPTR@cMovement_Camera@Glumer@@AAU234@@Z 10041f40 f i cGlumShapeFactory.obj
 0002:0000ffb0       ??$construct@UPTR@cMovement_Camera@Glumer@@AAU123@@?$allocator@UPTR@cMovement_Camera@Glumer@@@std@@QAEXPAUPTR@cMovement_Camera@Glumer@@AAU234@@Z 10041fb0 f i cGlumShapeFactory.obj
 0002:000100b0       ??$construct@UPTR@cMovement_Camera@Glumer@@AAU123@@?$allocator_traits@V?$allocator@UPTR@cMovement_Camera@Glumer@@@std@@@std@@SAXAAV?$allocator@UPTR@cMovement_Camera@Glumer@@@1@PAUPTR@cMovement_Camera@Glumer@@AAU345@@Z 100420b0 f i cGlumShapeFactory.obj
 0002:00010110       ??$construct@UPTR@cMovement_Camera@Glumer@@ABU123@@?$_Wrap_alloc@V?$allocator@UPTR@cMovement_Camera@Glumer@@@std@@@std@@QAEXPAUPTR@cMovement_Camera@Glumer@@ABU234@@Z 10042110 f i cGlumShapeFactory.obj
 0002:00010180       ??$construct@UPTR@cMovement_Camera@Glumer@@ABU123@@?$allocator_traits@V?$allocator@UPTR@cMovement_Camera@Glumer@@@std@@@std@@SAXAAV?$allocator@UPTR@cMovement_Camera@Glumer@@@1@PAUPTR@cMovement_Camera@Glumer@@ABU345@@Z 10042180 f i cGlumShapeFactory.obj
 0002:000101e0       ??$construct@UPTR@cMovement_Camera@Glumer@@U123@@?$_Wrap_alloc@V?$allocator@UPTR@cMovement_Camera@Glumer@@@std@@@std@@QAEXPAUPTR@cMovement_Camera@Glumer@@$$QAU234@@Z 100421e0 f i cGlumShapeFactory.obj
 0002:00010250       ??$construct@UPTR@cMovement_Camera@Glumer@@U123@@?$allocator@UPTR@cMovement_Camera@Glumer@@@std@@QAEXPAUPTR@cMovement_Camera@Glumer@@$$QAU234@@Z 10042250 f i cGlumShapeFactory.obj
 0002:00010350       ??$construct@UPTR@cMovement_Camera@Glumer@@U123@@?$allocator_traits@V?$allocator@UPTR@cMovement_Camera@Glumer@@@std@@@std@@SAXAAV?$allocator@UPTR@cMovement_Camera@Glumer@@@1@PAUPTR@cMovement_Camera@Glumer@@$$QAU345@@Z 10042350 f i cGlumShapeFactory.obj
 0002:000103b0       ??$construct@UPTR@cObjectMoveableBase@Glumer@@AAU123@@?$_Wrap_alloc@V?$allocator@UPTR@cObjectMoveableBase@Glumer@@@std@@@std@@QAEXPAUPTR@cObjectMoveableBase@Glumer@@AAU234@@Z 100423b0 f i cGlumShapeFactory.obj
 0002:00010420       ??$construct@UPTR@cObjectMoveableBase@Glumer@@AAU123@@?$allocator@UPTR@cObjectMoveableBase@Glumer@@@std@@QAEXPAUPTR@cObjectMoveableBase@Glumer@@AAU234@@Z 10042420 f i cGlumShapeFactory.obj
 0002:00010520       ??$construct@UPTR@cObjectMoveableBase@Glumer@@AAU123@@?$allocator_traits@V?$allocator@UPTR@cObjectMoveableBase@Glumer@@@std@@@std@@SAXAAV?$allocator@UPTR@cObjectMoveableBase@Glumer@@@1@PAUPTR@cObjectMoveableBase@Glumer@@AAU345@@Z 10042520 f i cGlumShapeFactory.obj
 0002:00010580       ??$construct@UPTR@cObjectMoveableBase@Glumer@@ABU123@@?$_Wrap_alloc@V?$allocator@UPTR@cObjectMoveableBase@Glumer@@@std@@@std@@QAEXPAUPTR@cObjectMoveableBase@Glumer@@ABU234@@Z 10042580 f i cGlumShapeFactory.obj
 0002:000105f0       ??$construct@UPTR@cObjectMoveableBase@Glumer@@ABU123@@?$allocator_traits@V?$allocator@UPTR@cObjectMoveableBase@Glumer@@@std@@@std@@SAXAAV?$allocator@UPTR@cObjectMoveableBase@Glumer@@@1@PAUPTR@cObjectMoveableBase@Glumer@@ABU345@@Z 100425f0 f i cGlumShapeFactory.obj
 0002:00010650       ??$construct@UPTR@cObjectMoveableBase@Glumer@@U123@@?$_Wrap_alloc@V?$allocator@UPTR@cObjectMoveableBase@Glumer@@@std@@@std@@QAEXPAUPTR@cObjectMoveableBase@Glumer@@$$QAU234@@Z 10042650 f i cGlumShapeFactory.obj
 0002:000106c0       ??$construct@UPTR@cObjectMoveableBase@Glumer@@U123@@?$allocator@UPTR@cObjectMoveableBase@Glumer@@@std@@QAEXPAUPTR@cObjectMoveableBase@Glumer@@$$QAU234@@Z 100426c0 f i cGlumShapeFactory.obj
 0002:000107c0       ??$construct@UPTR@cObjectMoveableBase@Glumer@@U123@@?$allocator_traits@V?$allocator@UPTR@cObjectMoveableBase@Glumer@@@std@@@std@@SAXAAV?$allocator@UPTR@cObjectMoveableBase@Glumer@@@1@PAUPTR@cObjectMoveableBase@Glumer@@$$QAU345@@Z 100427c0 f i cGlumShapeFactory.obj
 0002:00010820       ??$construct@U_Container_proxy@std@@U12@@?$_Wrap_alloc@V?$allocator@U_Container_proxy@std@@@std@@@std@@QAEXPAU_Container_proxy@1@$$QAU21@@Z 10042820 f i cGlumShapeFactory.obj
 0002:00010890       ??$construct@U_Container_proxy@std@@U12@@?$allocator@U_Container_proxy@std@@@std@@QAEXPAU_Container_proxy@1@$$QAU21@@Z 10042890 f i cGlumShapeFactory.obj
 0002:000109a0       ??$construct@U_Container_proxy@std@@U12@@?$allocator_traits@V?$allocator@U_Container_proxy@std@@@std@@@std@@SAXAAV?$allocator@U_Container_proxy@std@@@1@PAU_Container_proxy@1@$$QAU31@@Z 100429a0 f i cGlumShapeFactory.obj
 0002:00010a00       ??$destroy@PAD@?$_Wrap_alloc@V?$allocator@D@std@@@std@@QAEXPAPAD@Z 10042a00 f i cGlumShapeFactory.obj
 0002:00010a60       ??$destroy@PAD@?$allocator@D@std@@QAEXPAPAD@Z 10042a60 f i cGlumShapeFactory.obj
 0002:00010aa0       ??$destroy@PAD@?$allocator_traits@V?$allocator@D@std@@@std@@SAXAAV?$allocator@D@1@PAPAD@Z 10042aa0 f i cGlumShapeFactory.obj
 0002:00010af0       ??$destroy@PAU?$_Tree_node@U?$pair@$$CBIUPTR@cGlumShapeBase@Glumer@@@std@@PAX@std@@@?$_Wrap_alloc@V?$allocator@U?$_Tree_node@U?$pair@$$CBIUPTR@cGlumShapeBase@Glumer@@@std@@PAX@std@@@std@@@std@@QAEXPAPAU?$_Tree_node@U?$pair@$$CBIUPTR@cGlumShapeBase@Glumer@@@std@@PAX@1@@Z 10042af0 f i cGlumShapeFactory.obj
 0002:00010b50       ??$destroy@PAU?$_Tree_node@U?$pair@$$CBIUPTR@cGlumShapeBase@Glumer@@@std@@PAX@std@@@?$allocator@U?$_Tree_node@U?$pair@$$CBIUPTR@cGlumShapeBase@Glumer@@@std@@PAX@std@@@std@@QAEXPAPAU?$_Tree_node@U?$pair@$$CBIUPTR@cGlumShapeBase@Glumer@@@std@@PAX@1@@Z 10042b50 f i cGlumShapeFactory.obj
 0002:00010b90       ??$destroy@PAU?$_Tree_node@U?$pair@$$CBIUPTR@cGlumShapeBase@Glumer@@@std@@PAX@std@@@?$allocator_traits@V?$allocator@U?$_Tree_node@U?$pair@$$CBIUPTR@cGlumShapeBase@Glumer@@@std@@PAX@std@@@std@@@std@@SAXAAV?$allocator@U?$_Tree_node@U?$pair@$$CBIUPTR@cGlumShapeBase@Glumer@@@std@@PAX@std@@@1@PAPAU?$_Tree_node@U?$pair@$$CBIUPTR@cGlumShapeBase@Glumer@@@std@@PAX@1@@Z 10042b90 f i cGlumShapeFactory.obj
 0002:00010be0       ??$destroy@U?$pair@$$CBIUPTR@cGlumShapeBase@Glumer@@@std@@@?$_Wrap_alloc@V?$allocator@U?$_Tree_node@U?$pair@$$CBIUPTR@cGlumShapeBase@Glumer@@@std@@PAX@std@@@std@@@std@@QAEXPAU?$pair@$$CBIUPTR@cGlumShapeBase@Glumer@@@1@@Z 10042be0 f i cGlumShapeFactory.obj
 0002:00010c40       ??$destroy@U?$pair@$$CBIUPTR@cGlumShapeBase@Glumer@@@std@@@?$allocator@U?$_Tree_node@U?$pair@$$CBIUPTR@cGlumShapeBase@Glumer@@@std@@PAX@std@@@std@@QAEXPAU?$pair@$$CBIUPTR@cGlumShapeBase@Glumer@@@1@@Z 10042c40 f i cGlumShapeFactory.obj
 0002:00010c80       ??$destroy@U?$pair@$$CBIUPTR@cGlumShapeBase@Glumer@@@std@@@?$allocator_traits@V?$allocator@U?$_Tree_node@U?$pair@$$CBIUPTR@cGlumShapeBase@Glumer@@@std@@PAX@std@@@std@@@std@@SAXAAV?$allocator@U?$_Tree_node@U?$pair@$$CBIUPTR@cGlumShapeBase@Glumer@@@std@@PAX@std@@@1@PAU?$pair@$$CBIUPTR@cGlumShapeBase@Glumer@@@1@@Z 10042c80 f i cGlumShapeFactory.obj
 0002:00010cd0       ??$destroy@UPTR@cGlumShape_Console@Glumer@@@?$_Wrap_alloc@V?$allocator@UPTR@cGlumShape_Console@Glumer@@@std@@@std@@QAEXPAUPTR@cGlumShape_Console@Glumer@@@Z 10042cd0 f i cGlumShapeFactory.obj
 0002:00010d30       ??$destroy@UPTR@cGlumShape_Console@Glumer@@@?$allocator@UPTR@cGlumShape_Console@Glumer@@@std@@QAEXPAUPTR@cGlumShape_Console@Glumer@@@Z 10042d30 f i cGlumShapeFactory.obj
 0002:00010d70       ??$destroy@UPTR@cGlumShape_Console@Glumer@@@?$allocator_traits@V?$allocator@UPTR@cGlumShape_Console@Glumer@@@std@@@std@@SAXAAV?$allocator@UPTR@cGlumShape_Console@Glumer@@@1@PAUPTR@cGlumShape_Console@Glumer@@@Z 10042d70 f i cGlumShapeFactory.obj
 0002:00010dc0       ??$destroy@UPTR@cGlumShape_HUDLongRadar@Glumer@@@?$_Wrap_alloc@V?$allocator@UPTR@cGlumShape_HUDLongRadar@Glumer@@@std@@@std@@QAEXPAUPTR@cGlumShape_HUDLongRadar@Glumer@@@Z 10042dc0 f i cGlumShapeFactory.obj
 0002:00010e20       ??$destroy@UPTR@cGlumShape_HUDLongRadar@Glumer@@@?$allocator@UPTR@cGlumShape_HUDLongRadar@Glumer@@@std@@QAEXPAUPTR@cGlumShape_HUDLongRadar@Glumer@@@Z 10042e20 f i cGlumShapeFactory.obj
 0002:00010e60       ??$destroy@UPTR@cGlumShape_HUDLongRadar@Glumer@@@?$allocator_traits@V?$allocator@UPTR@cGlumShape_HUDLongRadar@Glumer@@@std@@@std@@SAXAAV?$allocator@UPTR@cGlumShape_HUDLongRadar@Glumer@@@1@PAUPTR@cGlumShape_HUDLongRadar@Glumer@@@Z 10042e60 f i cGlumShapeFactory.obj
 0002:00010eb0       ??$destroy@UPTR@cGlumShape_HUDShortRadar@Glumer@@@?$_Wrap_alloc@V?$allocator@UPTR@cGlumShape_HUDShortRadar@Glumer@@@std@@@std@@QAEXPAUPTR@cGlumShape_HUDShortRadar@Glumer@@@Z 10042eb0 f i cGlumShapeFactory.obj
 0002:00010f10       ??$destroy@UPTR@cGlumShape_HUDShortRadar@Glumer@@@?$allocator@UPTR@cGlumShape_HUDShortRadar@Glumer@@@std@@QAEXPAUPTR@cGlumShape_HUDShortRadar@Glumer@@@Z 10042f10 f i cGlumShapeFactory.obj
 0002:00010f50       ??$destroy@UPTR@cGlumShape_HUDShortRadar@Glumer@@@?$allocator_traits@V?$allocator@UPTR@cGlumShape_HUDShortRadar@Glumer@@@std@@@std@@SAXAAV?$allocator@UPTR@cGlumShape_HUDShortRadar@Glumer@@@1@PAUPTR@cGlumShape_HUDShortRadar@Glumer@@@Z 10042f50 f i cGlumShapeFactory.obj
 0002:00010fa0       ??$destroy@UPTR@cGlumShape_RegularPolyhedron@Glumer@@@?$_Wrap_alloc@V?$allocator@UPTR@cGlumShape_RegularPolyhedron@Glumer@@@std@@@std@@QAEXPAUPTR@cGlumShape_RegularPolyhedron@Glumer@@@Z 10042fa0 f i cGlumShapeFactory.obj
 0002:00011000       ??$destroy@UPTR@cGlumShape_RegularPolyhedron@Glumer@@@?$allocator@UPTR@cGlumShape_RegularPolyhedron@Glumer@@@std@@QAEXPAUPTR@cGlumShape_RegularPolyhedron@Glumer@@@Z 10043000 f i cGlumShapeFactory.obj
 0002:00011040       ??$destroy@UPTR@cGlumShape_RegularPolyhedron@Glumer@@@?$allocator_traits@V?$allocator@UPTR@cGlumShape_RegularPolyhedron@Glumer@@@std@@@std@@SAXAAV?$allocator@UPTR@cGlumShape_RegularPolyhedron@Glumer@@@1@PAUPTR@cGlumShape_RegularPolyhedron@Glumer@@@Z 10043040 f i cGlumShapeFactory.obj
 0002:00011090       ??$destroy@UPTR@cGlumShape_SwitchGadget@Glumer@@@?$_Wrap_alloc@V?$allocator@UPTR@cGlumShape_SwitchGadget@Glumer@@@std@@@std@@QAEXPAUPTR@cGlumShape_SwitchGadget@Glumer@@@Z 10043090 f i cGlumShapeFactory.obj
 0002:000110f0       ??$destroy@UPTR@cGlumShape_SwitchGadget@Glumer@@@?$allocator@UPTR@cGlumShape_SwitchGadget@Glumer@@@std@@QAEXPAUPTR@cGlumShape_SwitchGadget@Glumer@@@Z 100430f0 f i cGlumShapeFactory.obj
 0002:00011130       ??$destroy@UPTR@cGlumShape_SwitchGadget@Glumer@@@?$allocator_traits@V?$allocator@UPTR@cGlumShape_SwitchGadget@Glumer@@@std@@@std@@SAXAAV?$allocator@UPTR@cGlumShape_SwitchGadget@Glumer@@@1@PAUPTR@cGlumShape_SwitchGadget@Glumer@@@Z 10043130 f i cGlumShapeFactory.obj
 0002:00011180       ??$destroy@UPTR@cMovementBase@Glumer@@@?$_Wrap_alloc@V?$allocator@UPTR@cMovementBase@Glumer@@@std@@@std@@QAEXPAUPTR@cMovementBase@Glumer@@@Z 10043180 f i cGlumShapeFactory.obj
 0002:000111e0       ??$destroy@UPTR@cMovementBase@Glumer@@@?$allocator@UPTR@cMovementBase@Glumer@@@std@@QAEXPAUPTR@cMovementBase@Glumer@@@Z 100431e0 f i cGlumShapeFactory.obj
 0002:00011220       ??$destroy@UPTR@cMovementBase@Glumer@@@?$allocator_traits@V?$allocator@UPTR@cMovementBase@Glumer@@@std@@@std@@SAXAAV?$allocator@UPTR@cMovementBase@Glumer@@@1@PAUPTR@cMovementBase@Glumer@@@Z 10043220 f i cGlumShapeFactory.obj
 0002:00011270       ??$destroy@UPTR@cMovement_Camera@Glumer@@@?$_Wrap_alloc@V?$allocator@UPTR@cMovement_Camera@Glumer@@@std@@@std@@QAEXPAUPTR@cMovement_Camera@Glumer@@@Z 10043270 f i cGlumShapeFactory.obj
 0002:000112d0       ??$destroy@UPTR@cMovement_Camera@Glumer@@@?$allocator@UPTR@cMovement_Camera@Glumer@@@std@@QAEXPAUPTR@cMovement_Camera@Glumer@@@Z 100432d0 f i cGlumShapeFactory.obj
 0002:00011310       ??$destroy@UPTR@cMovement_Camera@Glumer@@@?$allocator_traits@V?$allocator@UPTR@cMovement_Camera@Glumer@@@std@@@std@@SAXAAV?$allocator@UPTR@cMovement_Camera@Glumer@@@1@PAUPTR@cMovement_Camera@Glumer@@@Z 10043310 f i cGlumShapeFactory.obj
 0002:00011360       ??$destroy@UPTR@cObjectMoveableBase@Glumer@@@?$_Wrap_alloc@V?$allocator@UPTR@cObjectMoveableBase@Glumer@@@std@@@std@@QAEXPAUPTR@cObjectMoveableBase@Glumer@@@Z 10043360 f i cGlumShapeFactory.obj
 0002:000113c0       ??$destroy@UPTR@cObjectMoveableBase@Glumer@@@?$allocator@UPTR@cObjectMoveableBase@Glumer@@@std@@QAEXPAUPTR@cObjectMoveableBase@Glumer@@@Z 100433c0 f i cGlumShapeFactory.obj
 0002:00011400       ??$destroy@UPTR@cObjectMoveableBase@Glumer@@@?$allocator_traits@V?$allocator@UPTR@cObjectMoveableBase@Glumer@@@std@@@std@@SAXAAV?$allocator@UPTR@cObjectMoveableBase@Glumer@@@1@PAUPTR@cObjectMoveableBase@Glumer@@@Z 10043400 f i cGlumShapeFactory.obj
 0002:00011450       ??$destroy@U_Container_proxy@std@@@?$_Wrap_alloc@V?$allocator@U_Container_proxy@std@@@std@@@std@@QAEXPAU_Container_proxy@1@@Z 10043450 f i cGlumShapeFactory.obj
 0002:000114b0       ??$destroy@U_Container_proxy@std@@@?$allocator@U_Container_proxy@std@@@std@@QAEXPAU_Container_proxy@1@@Z 100434b0 f i cGlumShapeFactory.obj
 0002:000114f0       ??$destroy@U_Container_proxy@std@@@?$allocator_traits@V?$allocator@U_Container_proxy@std@@@std@@@std@@SAXAAV?$allocator@U_Container_proxy@std@@@1@PAU_Container_proxy@1@@Z 100434f0 f i cGlumShapeFactory.obj
 0002:00011540       ??$find@V?$_Vector_iterator@V?$_Vector_val@U?$_Simple_types@UPTR@cMovement_Camera@Glumer@@@std@@@std@@@std@@I@std@@YA?AV?$_Vector_iterator@V?$_Vector_val@U?$_Simple_types@UPTR@cMovement_Camera@Glumer@@@std@@@std@@@0@V10@0ABI@Z 10043540 f i cGlumShapeFactory.obj
 0002:00011720       ??$for_each@V?$_Vector_iterator@V?$_Vector_val@U?$_Simple_types@UPTR@cObjectMoveableBase@Glumer@@@std@@@std@@@std@@P6AXAAUPTR@cObjectMoveableBase@Glumer@@@Z@std@@YAP6AXAAUPTR@cObjectMoveableBase@Glumer@@@ZV?$_Vector_iterator@V?$_Vector_val@U?$_Simple_types@UPTR@cObjectMoveableBase@Glumer@@@std@@@std@@@0@1P6AX0@Z@Z 10043720 f i cGlumShapeFactory.obj
 0002:000118f0       ??$forward@AAI@std@@YAAAIAAI@Z 100438f0 f i cGlumShapeFactory.obj
 0002:00011930       ??$forward@AAPAD@std@@YAAAPADAAPAD@Z 10043930 f i cGlumShapeFactory.obj
 0002:00011970       ??$forward@AAPAU?$_Tree_node@U?$pair@$$CBIUPTR@cGlumShapeBase@Glumer@@@std@@PAX@std@@@std@@YAAAPAU?$_Tree_node@U?$pair@$$CBIUPTR@cGlumShapeBase@Glumer@@@std@@PAX@0@AAPAU10@@Z 10043970 f i cGlumShapeFactory.obj
 0002:000119b0       ??$forward@AAPAVcObjectBase@Glumer@@@std@@YAAAPAVcObjectBase@Glumer@@AAPAV12@@Z 100439b0 f i cGlumShapeFactory.obj
 0002:000119f0       ??$forward@AAU?$pair@$$CBIUPTR@cGlumShapeBase@Glumer@@@std@@@std@@YAAAU?$pair@$$CBIUPTR@cGlumShapeBase@Glumer@@@0@AAU10@@Z 100439f0 f i cGlumShapeFactory.obj
 0002:00011a30       ??$forward@AAUPTR@cGlumShape_Console@Glumer@@@std@@YAAAUPTR@cGlumShape_Console@Glumer@@AAU123@@Z 10043a30 f i cGlumShapeFactory.obj
 0002:00011a70       ??$forward@AAUPTR@cGlumShape_HUDLongRadar@Glumer@@@std@@YAAAUPTR@cGlumShape_HUDLongRadar@Glumer@@AAU123@@Z 10043a70 f i cGlumShapeFactory.obj
 0002:00011ab0       ??$forward@AAUPTR@cGlumShape_HUDShortRadar@Glumer@@@std@@YAAAUPTR@cGlumShape_HUDShortRadar@Glumer@@AAU123@@Z 10043ab0 f i cGlumShapeFactory.obj
 0002:00011af0       ??$forward@AAUPTR@cGlumShape_RegularPolyhedron@Glumer@@@std@@YAAAUPTR@cGlumShape_RegularPolyhedron@Glumer@@AAU123@@Z 10043af0 f i cGlumShapeFactory.obj
 0002:00011b30       ??$forward@AAUPTR@cGlumShape_SwitchGadget@Glumer@@@std@@YAAAUPTR@cGlumShape_SwitchGadget@Glumer@@AAU123@@Z 10043b30 f i cGlumShapeFactory.obj
 0002:00011b70       ??$forward@AAUPTR@cMovementBase@Glumer@@@std@@YAAAUPTR@cMovementBase@Glumer@@AAU123@@Z 10043b70 f i cGlumShapeFactory.obj
 0002:00011bb0       ??$forward@AAUPTR@cMovement_Camera@Glumer@@@std@@YAAAUPTR@cMovement_Camera@Glumer@@AAU123@@Z 10043bb0 f i cGlumShapeFactory.obj
 0002:00011bf0       ??$forward@AAUPTR@cObjectMoveableBase@Glumer@@@std@@YAAAUPTR@cObjectMoveableBase@Glumer@@AAU123@@Z 10043bf0 f i cGlumShapeFactory.obj
 0002:00011c30       ??$forward@AAV?$_Tree_iterator@V?$_Tree_val@U?$_Tree_simple_types@U?$pair@$$CBIUPTR@cGlumShapeBase@Glumer@@@std@@@std@@@std@@@std@@@std@@YAAAV?$_Tree_iterator@V?$_Tree_val@U?$_Tree_simple_types@U?$pair@$$CBIUPTR@cGlumShapeBase@Glumer@@@std@@@std@@@std@@@0@AAV10@@Z 10043c30 f i cGlumShapeFactory.obj
 0002:00011c70       ??$forward@ABI@std@@YAABIABI@Z 10043c70 f i cGlumShapeFactory.obj
 0002:00011cb0       ??$forward@ABQAVcObjectBase@Glumer@@@std@@YAABQAVcObjectBase@Glumer@@ABQAV12@@Z 10043cb0 f i cGlumShapeFactory.obj
 0002:00011cf0       ??$forward@ABUPTR@cGlumShape_Console@Glumer@@@std@@YAABUPTR@cGlumShape_Console@Glumer@@ABU123@@Z 10043cf0 f i cGlumShapeFactory.obj
 0002:00011d30       ??$forward@ABUPTR@cGlumShape_HUDLongRadar@Glumer@@@std@@YAABUPTR@cGlumShape_HUDLongRadar@Glumer@@ABU123@@Z 10043d30 f i cGlumShapeFactory.obj
 0002:00011d70       ??$forward@ABUPTR@cGlumShape_HUDShortRadar@Glumer@@@std@@YAABUPTR@cGlumShape_HUDShortRadar@Glumer@@ABU123@@Z 10043d70 f i cGlumShapeFactory.obj
 0002:00011db0       ??$forward@ABUPTR@cGlumShape_RegularPolyhedron@Glumer@@@std@@YAABUPTR@cGlumShape_RegularPolyhedron@Glumer@@ABU123@@Z 10043db0 f i cGlumShapeFactory.obj
 0002:00011df0       ??$forward@ABUPTR@cGlumShape_SwitchGadget@Glumer@@@std@@YAABUPTR@cGlumShape_SwitchGadget@Glumer@@ABU123@@Z 10043df0 f i cGlumShapeFactory.obj
 0002:00011e30       ??$forward@ABUPTR@cMovementBase@Glumer@@@std@@YAABUPTR@cMovementBase@Glumer@@ABU123@@Z 10043e30 f i cGlumShapeFactory.obj
 0002:00011e70       ??$forward@ABUPTR@cMovement_Camera@Glumer@@@std@@YAABUPTR@cMovement_Camera@Glumer@@ABU123@@Z 10043e70 f i cGlumShapeFactory.obj
 0002:00011eb0       ??$forward@ABUPTR@cObjectMoveableBase@Glumer@@@std@@YAABUPTR@cObjectMoveableBase@Glumer@@ABU123@@Z 10043eb0 f i cGlumShapeFactory.obj
 0002:00011ef0       ??$forward@I@std@@YA$$QAIAAI@Z 10043ef0 f i cGlumShapeFactory.obj
 0002:00011f30       ??$forward@U?$pair@IUPTR@cGlumShapeBase@Glumer@@@std@@@std@@YA$$QAU?$pair@IUPTR@cGlumShapeBase@Glumer@@@0@AAU10@@Z 10043f30 f i cGlumShapeFactory.obj
 0002:00011f70       ??$forward@UPTR@cGlumShapeBase@Glumer@@@std@@YA$$QAUPTR@cGlumShapeBase@Glumer@@AAU123@@Z 10043f70 f i cGlumShapeFactory.obj
 0002:00011fb0       ??$forward@UPTR@cGlumShape_Console@Glumer@@@std@@YA$$QAUPTR@cGlumShape_Console@Glumer@@AAU123@@Z 10043fb0 f i cGlumShapeFactory.obj
 0002:00011ff0       ??$forward@UPTR@cGlumShape_HUDLongRadar@Glumer@@@std@@YA$$QAUPTR@cGlumShape_HUDLongRadar@Glumer@@AAU123@@Z 10043ff0 f i cGlumShapeFactory.obj
 0002:00012030       ??$forward@UPTR@cGlumShape_HUDShortRadar@Glumer@@@std@@YA$$QAUPTR@cGlumShape_HUDShortRadar@Glumer@@AAU123@@Z 10044030 f i cGlumShapeFactory.obj
 0002:00012070       ??$forward@UPTR@cGlumShape_RegularPolyhedron@Glumer@@@std@@YA$$QAUPTR@cGlumShape_RegularPolyhedron@Glumer@@AAU123@@Z 10044070 f i cGlumShapeFactory.obj
 0002:000120b0       ??$forward@UPTR@cGlumShape_SwitchGadget@Glumer@@@std@@YA$$QAUPTR@cGlumShape_SwitchGadget@Glumer@@AAU123@@Z 100440b0 f i cGlumShapeFactory.obj
 0002:000120f0       ??$forward@UPTR@cMovementBase@Glumer@@@std@@YA$$QAUPTR@cMovementBase@Glumer@@AAU123@@Z 100440f0 f i cGlumShapeFactory.obj
 0002:00012130       ??$forward@UPTR@cMovement_Camera@Glumer@@@std@@YA$$QAUPTR@cMovement_Camera@Glumer@@AAU123@@Z 10044130 f i cGlumShapeFactory.obj
 0002:00012170       ??$forward@UPTR@cObjectMoveableBase@Glumer@@@std@@YA$$QAUPTR@cObjectMoveableBase@Glumer@@AAU123@@Z 10044170 f i cGlumShapeFactory.obj
 0002:000121b0       ??$forward@U_Container_proxy@std@@@std@@YA$$QAU_Container_proxy@0@AAU10@@Z 100441b0 f i cGlumShapeFactory.obj
 0002:000121f0       ??$forward@V?$_Tree_iterator@V?$_Tree_val@U?$_Tree_simple_types@U?$pair@$$CBIUPTR@cGlumShapeBase@Glumer@@@std@@@std@@@std@@@std@@@std@@YA$$QAV?$_Tree_iterator@V?$_Tree_val@U?$_Tree_simple_types@U?$pair@$$CBIUPTR@cGlumShapeBase@Glumer@@@std@@@std@@@std@@@0@AAV10@@Z 100441f0 f i cGlumShapeFactory.obj
 0002:00012230       ??$forward@_N@std@@YA$$QA_NAA_N@Z 10044230 f i cGlumShapeFactory.obj
 0002:00012270       ??$insert@U?$pair@IUPTR@cGlumShapeBase@Glumer@@@std@@@?$_Tree@V?$_Tmap_traits@IUPTR@cGlumShapeBase@Glumer@@U?$less@I@std@@V?$allocator@U?$pair@$$CBIUPTR@cGlumShapeBase@Glumer@@@std@@@5@$0A@@std@@@std@@QAE?AV?$_Tree_iterator@V?$_Tree_val@U?$_Tree_simple_types@U?$pair@$$CBIUPTR@cGlumShapeBase@Glumer@@@std@@@std@@@std@@@1@V?$_Tree_const_iterator@V?$_Tree_val@U?$_Tree_simple_types@U?$pair@$$CBIUPTR@cGlumShapeBase@Glumer@@@std@@@std@@@std@@@1@$$QAU?$pair@IUPTR@cGlumShapeBase@Glumer@@@1@@Z 10044270 f i cGlumShapeFactory.obj
 0002:000123a0       ??$move@AAI@std@@YA$$QAIAAI@Z 100443a0 f i cGlumShapeFactory.obj
 0002:000123e0       ??$move@AAP6AXAAUPTR@cObjectMoveableBase@Glumer@@@Z@std@@YA$$QAP6AXAAUPTR@cObjectMoveableBase@Glumer@@@ZAAP6AX0@Z@Z 100443e0 f i cGlumShapeFactory.obj
 0002:00012420       ??$swap@D@std@@YAXAAD0@Z   10044420 f i cGlumShapeFactory.obj
 0002:000124e0       ??0?$_Iterator012@Ubidirectional_iterator_tag@std@@U?$pair@$$CBIUPTR@cGlumShapeBase@Glumer@@@2@HPBU32@ABU32@U_Iterator_base12@2@@std@@QAE@ABU01@@Z 100444e0 f i cGlumShapeFactory.obj
 0002:00012540       ??0?$_Iterator012@Ubidirectional_iterator_tag@std@@U?$pair@$$CBIUPTR@cGlumShapeBase@Glumer@@@2@HPBU32@ABU32@U_Iterator_base12@2@@std@@QAE@XZ 10044540 f i cGlumShapeFactory.obj
 0002:000125a0       ??0?$_Iterator012@Urandom_access_iterator_tag@std@@IHPBIABIU_Iterator_base12@2@@std@@QAE@ABU01@@Z 100445a0 f i cGlumShapeFactory.obj
[...]
 0004:000005f4       ?_Generic_object@?$_Error_objects@H@std@@2V_Generic_error_category@2@A 100ad5f4     cGlumShapeFactory.obj
 0004:000005f8       ?_Iostream_object@?$_Error_objects@H@std@@2V_Iostream_error_category@2@A 100ad5f8     cGlumShapeFactory.obj
 0004:000005fc       ?_System_object@?$_Error_objects@H@std@@2V_System_error_category@2@A 100ad5fc     cGlumShapeFactory.obj
 0004:00000600       ?id@?$num_put@DV?$back_insert_iterator@V?$basic_string@DU?$char_traits@D@std@@V?$allocator@D@2@@std@@@std@@@std@@2V0locale@2@A 100ad600     cGlumShapeFactory.obj
 0004:00000604       ?id@?$num_put@_WV?$back_insert_iterator@V?$basic_string@_WU?$char_traits@_W@std@@V?$allocator@_W@2@@std@@@std@@@std@@2V0locale@2@A 100ad604     cGlumShapeFactory.obj
 0004:00000608       ?setup@?1??GetLineWidth@cGlumShape_SwitchGadget@Glumer@@SAM_N@Z@4_NA 100ad608     cGlumShapeFactory.obj
 0004:0000060c       ?fSizes@?3??GetLineWidth@cGlumShape_SwitchGadget@Glumer@@SAM_N@Z@4PAMA 100ad60c     cGlumShapeFactory.obj
 0004:00000618       ?mDefaultLineWidth@?3??GetLineWidth@cGlumShape_SwitchGadget@Glumer@@SAM_N@Z@4MA 100ad618     cGlumShapeFactory.obj
 0004:0000061c       ??_B?3??GetLineWidth@cGlumShape_SwitchGadget@Glumer@@SAM_N@Z@53 100ad61c     cGlumShapeFactory.obj
 0004:00000620       ?mLineWidth@?3??GetLineWidth@cGlumShape_SwitchGadget@Glumer@@SAM_N@Z@4MA 100ad620     cGlumShapeFactory.obj
 0004:00000624       ?mReadWriteLock@?$cGlumShapeFactory_ShapeContainer@VcGlumShape_RegularPolyhedron@Glumer@@@Glumer@@0VcMutexWrapper@TimerWrapper@@A 100ad624     cGlumShapeFactory.obj
 0004:00000630       ?mList@?$cGlumShapeFactory_ShapeContainer@VcGlumShape_RegularPolyhedron@Glumer@@@Glumer@@0V?$vector@UPTR@cGlumShape_RegularPolyhedron@Glumer@@V?$allocator@UPTR@cGlumShape_RegularPolyhedron@Glumer@@@std@@@std@@A 100ad630     cGlumShapeFactory.obj
 0004:00000644       ?mRecycleBin@?$cGlumShapeFactory_ShapeContainer@VcGlumShape_RegularPolyhedron@Glumer@@@Glumer@@0V?$vector@UPTR@cGlumShape_RegularPolyhedron@Glumer@@V?$allocator@UPTR@cGlumShape_RegularPolyhedron@Glumer@@@std@@@std@@A 100ad644     cGlumShapeFactory.obj
 0004:00000658       ?mReadWriteLock@?$cGlumShapeFactory_ShapeContainer@VcGlumShape_SwitchGadget@Glumer@@@Glumer@@0VcMutexWrapper@TimerWrapper@@A 100ad658     cGlumShapeFactory.obj
 0004:00000664       ?mList@?$cGlumShapeFactory_ShapeContainer@VcGlumShape_SwitchGadget@Glumer@@@Glumer@@0V?$vector@UPTR@cGlumShape_SwitchGadget@Glumer@@V?$allocator@UPTR@cGlumShape_SwitchGadget@Glumer@@@std@@@std@@A 100ad664     cGlumShapeFactory.obj
 0004:00000678       ?mRecycleBin@?$cGlumShapeFactory_ShapeContainer@VcGlumShape_SwitchGadget@Glumer@@@Glumer@@0V?$vector@UPTR@cGlumShape_SwitchGadget@Glumer@@V?$allocator@UPTR@cGlumShape_SwitchGadget@Glumer@@@std@@@std@@A 100ad678     cGlumShapeFactory.obj
 0004:0000068c       ?mReadWriteLock@?$cGlumShapeFactory_ShapeContainer@VcGlumShape_HUDShortRadar@Glumer@@@Glumer@@0VcMutexWrapper@TimerWrapper@@A 100ad68c     cGlumShapeFactory.obj
 0004:00000698       ?mList@?$cGlumShapeFactory_ShapeContainer@VcGlumShape_HUDShortRadar@Glumer@@@Glumer@@0V?$vector@UPTR@cGlumShape_HUDShortRadar@Glumer@@V?$allocator@UPTR@cGlumShape_HUDShortRadar@Glumer@@@std@@@std@@A 100ad698     cGlumShapeFactory.obj
 0004:000006ac       ?mRecycleBin@?$cGlumShapeFactory_ShapeContainer@VcGlumShape_HUDShortRadar@Glumer@@@Glumer@@0V?$vector@UPTR@cGlumShape_HUDShortRadar@Glumer@@V?$allocator@UPTR@cGlumShape_HUDShortRadar@Glumer@@@std@@@std@@A 100ad6ac     cGlumShapeFactory.obj
 0004:000006c0       ?mReadWriteLock@?$cGlumShapeFactory_ShapeContainer@VcGlumShape_HUDLongRadar@Glumer@@@Glumer@@0VcMutexWrapper@TimerWrapper@@A 100ad6c0     cGlumShapeFactory.obj
 0004:000006cc       ?mList@?$cGlumShapeFactory_ShapeContainer@VcGlumShape_HUDLongRadar@Glumer@@@Glumer@@0V?$vector@UPTR@cGlumShape_HUDLongRadar@Glumer@@V?$allocator@UPTR@cGlumShape_HUDLongRadar@Glumer@@@std@@@std@@A 100ad6cc     cGlumShapeFactory.obj
 0004:000006e0       ?mRecycleBin@?$cGlumShapeFactory_ShapeContainer@VcGlumShape_HUDLongRadar@Glumer@@@Glumer@@0V?$vector@UPTR@cGlumShape_HUDLongRadar@Glumer@@V?$allocator@UPTR@cGlumShape_HUDLongRadar@Glumer@@@std@@@std@@A 100ad6e0     cGlumShapeFactory.obj
 0004:000006f4       ?mReadWriteLock@?$cGlumShapeFactory_ShapeContainer@VcGlumShape_Console@Glumer@@@Glumer@@0VcMutexWrapper@TimerWrapper@@A 100ad6f4     cGlumShapeFactory.obj
 0004:00000700       ?mList@?$cGlumShapeFactory_ShapeContainer@VcGlumShape_Console@Glumer@@@Glumer@@0V?$vector@UPTR@cGlumShape_Console@Glumer@@V?$allocator@UPTR@cGlumShape_Console@Glumer@@@std@@@std@@A 100ad700     cGlumShapeFactory.obj
 0004:00000714       ?mRecycleBin@?$cGlumShapeFactory_ShapeContainer@VcGlumShape_Console@Glumer@@@Glumer@@0V?$vector@UPTR@cGlumShape_Console@Glumer@@V?$allocator@UPTR@cGlumShape_Console@Glumer@@@std@@@std@@A 100ad714     cGlumShapeFactory.obj
 0004:00000728       ?mReadWriteLock@?$cGlumShapeFactory_ShapeContainer@VcMovement_Camera@Glumer@@@Glumer@@0VcMutexWrapper@TimerWrapper@@A 100ad728     cGlumShapeFactory.obj
 0004:00000734       ?mList@?$cGlumShapeFactory_ShapeContainer@VcMovement_Camera@Glumer@@@Glumer@@0V?$vector@UPTR@cMovement_Camera@Glumer@@V?$allocator@UPTR@cMovement_Camera@Glumer@@@std@@@std@@A 100ad734     cGlumShapeFactory.obj
 0004:00000748       ?mRecycleBin@?$cGlumShapeFactory_ShapeContainer@VcMovement_Camera@Glumer@@@Glumer@@0V?$vector@UPTR@cMovement_Camera@Glumer@@V?$allocator@UPTR@cMovement_Camera@Glumer@@@std@@@std@@A 100ad748     cGlumShapeFactory.obj
 0004:0000075c       ?mHUDColour@cGlumShape_HUDLongRadar@Glumer@@2PAVcHUD_Colour@2@A 100ad75c     cGlumShape_HUDLongRadar.obj
 0004:00000780       ?mDrawLists@cPolyLetter@Glumer@@0V?$map@DIU?$less@D@std@@V?$allocator@U?$pair@$$CBDI@std@@@2@@std@@A 100ad780     cPolyLetter.obj
 0004:00000c18       ?wsprintffp@@3P6AHPADPBDZZA 100adc18     MSVCRTD:error.obj
 0004:00000c28       ?__type_info_root_node@@3U__type_info_node@@A 100adc28     MSVCRTD:tncleanup.obj
 0004:00000c3c       ___native_startup_lock     100adc3c     <common>
 0004:00000c4c       ___native_startup_state    100adc4c     <common>
 0004:00000c50       ___dyn_tls_init_callback   100adc50     <common>
 0004:00000c5c       ___onexitend               100adc5c     <common>
 0004:00000c6c       ___onexitbegin             100adc6c     <common>
 0005:00000000       __IMPORT_DESCRIPTOR_SDL    100ae000     SDL:SDL.dll
 0005:00000014       __IMPORT_DESCRIPTOR_OPENGL32 100ae014     OpenGL32:OPENGL32.dll
 0005:00000028       __IMPORT_DESCRIPTOR_GLU32  100ae028     GlU32:GLU32.dll
 0005:0000003c       __IMPORT_DESCRIPTOR_MSVCR110D 100ae03c     MSVCRTD:MSVCR110D.dll
 0005:00000050       __IMPORT_DESCRIPTOR_MSVCP110D 100ae050     msvcprtd:MSVCP110D.dll
 0005:00000064       __IMPORT_DESCRIPTOR_KERNEL32 100ae064     kernel32:KERNEL32.dll
 0005:00000078       __NULL_IMPORT_DESCRIPTOR   100ae078     SDL:SDL.dll
 0005:000003a4       __imp__gluPickMatrix@36    100ae3a4     GlU32:GLU32.dll
 0005:000003a8       __imp__gluPerspective@32   100ae3a8     GlU32:GLU32.dll
 0005:000003ac       \177GLU32_NULL_THUNK_DATA  100ae3ac     GlU32:GLU32.dll
 0005:000003d8       __imp__FreeLibrary@4       100ae3d8     kernel32:KERNEL32.dll
 0005:000003dc       __imp__VirtualQuery@12     100ae3dc     kernel32:KERNEL32.dll
 0005:000003e0       __imp__GetProcessHeap@0    100ae3e0     kernel32:KERNEL32.dll
 0005:000003e4       __imp__HeapFree@12         100ae3e4     kernel32:KERNEL32.dll
 0005:000003e8       __imp__HeapAlloc@12        100ae3e8     kernel32:KERNEL32.dll
 0005:000003ec       __imp__DisableThreadLibraryCalls@4 100ae3ec     kernel32:KERNEL32.dll
 0005:000003f0       __imp__GetSystemTimeAsFileTime@4 100ae3f0     kernel32:KERNEL32.dll
 0005:000003f4       __imp__GetCurrentThreadId@0 100ae3f4     kernel32:KERNEL32.dll
 0005:000003f8       __imp__GetCurrentProcessId@0 100ae3f8     kernel32:KERNEL32.dll
 0005:000003fc       __imp__QueryPerformanceCounter@4 100ae3fc     kernel32:KERNEL32.dll
 0005:00000400       __imp__GetModuleFileNameW@12 100ae400     kernel32:KERNEL32.dll
 0005:00000404       __imp__MultiByteToWideChar@24 100ae404     kernel32:KERNEL32.dll
 0005:00000408       __imp__LoadLibraryW@4      100ae408     kernel32:KERNEL32.dll
 0005:0000040c       __imp__lstrlenA@4          100ae40c     kernel32:KERNEL32.dll
 0005:00000410       __imp__LoadLibraryExW@12   100ae410     kernel32:KERNEL32.dll
 0005:00000414       __imp__GetProcAddress@8    100ae414     kernel32:KERNEL32.dll
 0005:00000418       __imp__GetLastError@0      100ae418     kernel32:KERNEL32.dll
 0005:0000041c       __imp__RaiseException@16   100ae41c     kernel32:KERNEL32.dll
 0005:00000420       __imp__IsProcessorFeaturePresent@4 100ae420     kernel32:KERNEL32.dll
 0005:00000424       __imp__IsDebuggerPresent@0 100ae424     kernel32:KERNEL32.dll
 0005:00000428       __imp__DecodePointer@4     100ae428     kernel32:KERNEL32.dll
 0005:0000042c       __imp__EncodePointer@4     100ae42c     kernel32:KERNEL32.dll
 0005:00000430       __imp__GetModuleHandleW@4  100ae430     kernel32:KERNEL32.dll
 0005:00000434       __imp__WideCharToMultiByte@32 100ae434     kernel32:KERNEL32.dll
 0005:00000438       \177KERNEL32_NULL_THUNK_DATA 100ae438     kernel32:KERNEL32.dll
 0005:00000474       __imp_?_Syserror_map@std@@YAPBDH@Z 100ae474     msvcprtd:MSVCP110D.dll
 0005:00000478       __imp_??0id@locale@std@@QAE@I@Z 100ae478     msvcprtd:MSVCP110D.dll
 0005:0000047c       __imp_?_Xout_of_range@std@@YAXPBD@Z 100ae47c     msvcprtd:MSVCP110D.dll
 0005:00000480       __imp_?_Xlength_error@std@@YAXPBD@Z 100ae480     msvcprtd:MSVCP110D.dll
 0005:00000484       __imp_?_Xbad_alloc@std@@YAXXZ 100ae484     msvcprtd:MSVCP110D.dll
 0005:00000488       __imp_?_Orphan_all@_Container_base12@std@@QAEXXZ 100ae488     msvcprtd:MSVCP110D.dll
 0005:0000048c       __imp_?_Getpfirst@_Container_base12@std@@QBEPAPAU_Iterator_base12@2@XZ 100ae48c     msvcprtd:MSVCP110D.dll
 0005:00000490       __imp_??1_Container_base12@std@@QAE@XZ 100ae490     msvcprtd:MSVCP110D.dll
 0005:00000494       __imp_??0_Container_base12@std@@QAE@XZ 100ae494     msvcprtd:MSVCP110D.dll
 0005:00000498       __imp_?_Swap_all@_Container_base12@std@@QAEXAAU12@@Z 100ae498     msvcprtd:MSVCP110D.dll
 0005:0000049c       __imp_?_Winerror_map@std@@YAPBDH@Z 100ae49c     msvcprtd:MSVCP110D.dll
 0005:000004a0       __imp_??1_Lockit@std@@QAE@XZ 100ae4a0     msvcprtd:MSVCP110D.dll
 0005:000004a4       __imp_?_Debug_message@std@@YAXPB_W0I@Z 100ae4a4     msvcprtd:MSVCP110D.dll
 0005:000004a8       __imp_??0_Lockit@std@@QAE@H@Z 100ae4a8     msvcprtd:MSVCP110D.dll
 0005:000004ac       \177MSVCP110D_NULL_THUNK_DATA 100ae4ac     msvcprtd:MSVCP110D.dll
 0005:000004e0       __imp____CxxFrameHandler3  100ae4e0     MSVCRTD:MSVCR110D.dll
 0005:000004e4       __imp_??2@YAPAXI@Z         100ae4e4     MSVCRTD:MSVCR110D.dll
 0005:000004e8       __imp___invalid_parameter  100ae4e8     MSVCRTD:MSVCR110D.dll
 0005:000004ec       __imp__memcpy              100ae4ec     MSVCRTD:MSVCR110D.dll
 0005:000004f0       __imp__strlen              100ae4f0     MSVCRTD:MSVCR110D.dll
 0005:000004f4       __imp__memmove             100ae4f4     MSVCRTD:MSVCR110D.dll
 0005:000004f8       __imp___CrtDbgReportW      100ae4f8     MSVCRTD:MSVCR110D.dll
 0005:000004fc       __imp_??_V@YAXPAX@Z        100ae4fc     MSVCRTD:MSVCR110D.dll
 0005:00000500       __imp_??_U@YAPAXI@Z        100ae500     MSVCRTD:MSVCR110D.dll
 0005:00000504       __imp____RTDynamicCast     100ae504     MSVCRTD:MSVCR110D.dll
 0005:00000508       __imp__memchr              100ae508     MSVCRTD:MSVCR110D.dll
 0005:0000050c       __imp__memcmp              100ae50c     MSVCRTD:MSVCR110D.dll
 0005:00000510       __imp___CRT_RTC_INITW      100ae510     MSVCRTD:MSVCR110D.dll
 0005:00000514       __imp_??1type_info@@UAE@XZ 100ae514     MSVCRTD:MSVCR110D.dll
 0005:00000518       __imp___lock               100ae518     MSVCRTD:MSVCR110D.dll
 0005:0000051c       __imp___unlock             100ae51c     MSVCRTD:MSVCR110D.dll
 0005:00000520       __imp___calloc_dbg         100ae520     MSVCRTD:MSVCR110D.dll
 0005:00000524       __imp____dllonexit         100ae524     MSVCRTD:MSVCR110D.dll
 0005:00000528       __imp___onexit             100ae528     MSVCRTD:MSVCR110D.dll
 0005:0000052c       __imp____CppXcptFilter     100ae52c     MSVCRTD:MSVCR110D.dll
 0005:00000530       __imp___amsg_exit          100ae530     MSVCRTD:MSVCR110D.dll
 0005:00000534       __imp___malloc_dbg         100ae534     MSVCRTD:MSVCR110D.dll
 0005:00000538       __imp___free_dbg           100ae538     MSVCRTD:MSVCR110D.dll
 0005:0000053c       __imp___CrtSetCheckCount   100ae53c     MSVCRTD:MSVCR110D.dll
 0005:00000540       __imp___initterm           100ae540     MSVCRTD:MSVCR110D.dll
 0005:00000544       __imp___initterm_e         100ae544     MSVCRTD:MSVCR110D.dll
 0005:00000548       __imp___crt_debugger_hook  100ae548     MSVCRTD:MSVCR110D.dll
 0005:0000054c       __imp____crtUnhandledException 100ae54c     MSVCRTD:MSVCR110D.dll
 0005:00000550       __imp____crtTerminateProcess 100ae550     MSVCRTD:MSVCR110D.dll
 0005:00000554       __imp_?terminate@@YAXXZ    100ae554     MSVCRTD:MSVCR110D.dll
 0005:00000558       __imp___except_handler4_common 100ae558     MSVCRTD:MSVCR110D.dll
 0005:0000055c       __imp____clean_type_info_names_internal 100ae55c     MSVCRTD:MSVCR110D.dll
 0005:00000560       __imp__wcscpy_s            100ae560     MSVCRTD:MSVCR110D.dll
 0005:00000564       __imp___wmakepath_s        100ae564     MSVCRTD:MSVCR110D.dll
 0005:00000568       __imp___wsplitpath_s       100ae568     MSVCRTD:MSVCR110D.dll
 0005:0000056c       __imp___CxxThrowException@8 100ae56c     MSVCRTD:MSVCR110D.dll
 0005:00000570       __imp___purecall           100ae570     MSVCRTD:MSVCR110D.dll
 0005:00000574       __imp_??3@YAXPAX@Z         100ae574     MSVCRTD:MSVCR110D.dll
 0005:00000578       \177MSVCR110D_NULL_THUNK_DATA 100ae578     MSVCRTD:MSVCR110D.dll
 0005:000005c0       __imp__glSelectBuffer@8    100ae5c0     OpenGL32:OPENGL32.dll
 0005:000005c4       __imp__glRenderMode@4      100ae5c4     OpenGL32:OPENGL32.dll
 0005:000005c8       __imp__glPushName@4        100ae5c8     OpenGL32:OPENGL32.dll
 0005:000005cc       __imp__glPopName@0         100ae5cc     OpenGL32:OPENGL32.dll
 0005:000005d0       __imp__glMatrixMode@4      100ae5d0     OpenGL32:OPENGL32.dll
 0005:000005d4       __imp__glInitNames@0       100ae5d4     OpenGL32:OPENGL32.dll
 0005:000005d8       __imp__glGetIntegerv@8     100ae5d8     OpenGL32:OPENGL32.dll
 0005:000005dc       __imp__glTranslatef@12     100ae5dc     OpenGL32:OPENGL32.dll
 0005:000005e0       __imp__glRotatef@16        100ae5e0     OpenGL32:OPENGL32.dll
 0005:000005e4       __imp__glVertex3f@12       100ae5e4     OpenGL32:OPENGL32.dll
 0005:000005e8       __imp__glScalef@12         100ae5e8     OpenGL32:OPENGL32.dll
 0005:000005ec       __imp__glPushMatrix@0      100ae5ec     OpenGL32:OPENGL32.dll
 0005:000005f0       __imp__glPopMatrix@0       100ae5f0     OpenGL32:OPENGL32.dll
 0005:000005f4       __imp__glNewList@8         100ae5f4     OpenGL32:OPENGL32.dll
 0005:000005f8       __imp__glLoadIdentity@0    100ae5f8     OpenGL32:OPENGL32.dll
 0005:000005fc       __imp__glLineWidth@4       100ae5fc     OpenGL32:OPENGL32.dll
 0005:00000600       __imp__glGetFloatv@8       100ae600     OpenGL32:OPENGL32.dll
 0005:00000604       __imp__glGenLists@4        100ae604     OpenGL32:OPENGL32.dll
 0005:00000608       __imp__glEndList@0         100ae608     OpenGL32:OPENGL32.dll
 0005:0000060c       __imp__glEnd@0             100ae60c     OpenGL32:OPENGL32.dll
 0005:00000610       __imp__glDeleteLists@8     100ae610     OpenGL32:OPENGL32.dll
 0005:00000614       __imp__glColor3ub@12       100ae614     OpenGL32:OPENGL32.dll
 0005:00000618       __imp__glCallList@4        100ae618     OpenGL32:OPENGL32.dll
 0005:0000061c       __imp__glBegin@4           100ae61c     OpenGL32:OPENGL32.dll
 0005:00000620       \177OPENGL32_NULL_THUNK_DATA 100ae620     OpenGL32:OPENGL32.dll
 0005:0000065c       __imp__SDL_WasInit         100ae65c     SDL:SDL.dll
 0005:00000660       __imp__SDL_DestroyMutex    100ae660     SDL:SDL.dll
 0005:00000664       __imp__SDL_mutexV          100ae664     SDL:SDL.dll
 0005:00000668       __imp__SDL_mutexP          100ae668     SDL:SDL.dll
 0005:0000066c       __imp__SDL_CreateMutex     100ae66c     SDL:SDL.dll
 0005:00000670       __imp__SDL_RemoveTimer     100ae670     SDL:SDL.dll
 0005:00000674       __imp__SDL_AddTimer        100ae674     SDL:SDL.dll
 0005:00000678       __imp__SDL_Delay           100ae678     SDL:SDL.dll
 0005:0000067c       __imp__SDL_GetTicks        100ae67c     SDL:SDL.dll
 0005:00000680       __imp__SDL_WaitThread      100ae680     SDL:SDL.dll
 0005:00000684       __imp__SDL_CreateThread    100ae684     SDL:SDL.dll
 0005:00000688       \177SDL_NULL_THUNK_DATA    100ae688     SDL:SDL.dll

 entry point at        0002:00001720


 Exports

  ordinal    name

        1    _AddConsoleCode@12
               exported name: AddConsoleCode
        2    _AddConsoleText@12
               exported name: AddConsoleText
        3    _AddDirection@16
               exported name: AddDirection
        4    _AddLocation@16
               exported name: AddLocation
        5    _AddOrientation@24
               exported name: AddOrientation
        6    _CallToGetCoords@0
               exported name: CallToGetCoords
        7    _CreateButton@20
               exported name: CreateButton
        8    _CreateCamera@0
               exported name: CreateCamera
        9    _CreateConsole@16
               exported name: CreateConsole
       10    _CreatePolyhedron@24
               exported name: CreatePolyhedron
       11    _CreateSwitch@24
               exported name: CreateSwitch
       12    _Delete@4
               exported name: Delete
       13    _DrawScene@12
               exported name: DrawScene
       14    _GetDirection@16
               exported name: GetDirection
       15    _GetLocation@16
               exported name: GetLocation
       16    _GetOrientation@24
               exported name: GetOrientation
       17    _GetPolyhedronRadius@8
               exported name: GetPolyhedronRadius
       18    _GetRenderCount@0
               exported name: GetRenderCount
       19    _HitTest@12
               exported name: HitTest
       20    _InitGlumer@0
               exported name: InitGlumer
       21    _ScrollConsoleText@8
               exported name: ScrollConsoleText
       22    _SetConsoleText@12
               exported name: SetConsoleText
       23    _SetDirection@16
               exported name: SetDirection
       24    _SetInvisible@8
               exported name: SetInvisible
       25    _SetLocation@16
               exported name: SetLocation
       26    _SetOrientation@24
               exported name: SetOrientation
       27    _SetPolyhedronOnClicked@8
               exported name: SetPolyhedronOnClicked
       28    _Start@4
               exported name: Start
       29    _UnInitGlumer@0
               exported name: UnInitGlumer
       30    _AddConsoleCode@12
       31    _AddConsoleText@12
       32    _AddDirection@16
       33    _AddLocation@16
       34    _AddOrientation@24
       35    _CallToGetCoords@0
       36    _CreateButton@20
       37    _CreateCamera@0
       38    _CreateConsole@16
       39    _CreatePolyhedron@24
       40    _CreateSwitch@24
       41    _Delete@4
       42    _DrawScene@12
       43    _GetDirection@16
       44    _GetLocation@16
       45    _GetOrientation@24
       46    _GetPolyhedronRadius@8
       47    _GetRenderCount@0
       48    _HitTest@12
       49    _InitGlumer@0
       50    _ScrollConsoleText@8
       51    _SetConsoleText@12
       52    _SetDirection@16
       53    _SetInvisible@8
       54    _SetLocation@16
       55    _SetOrientation@24
       56    _SetPolyhedronOnClicked@8
       57    _Start@4
       58    _UnInitGlumer@0
