 Glumer

 Timestamp is 5424c88f (Fri Sep 26 02:59:43 2014)

 Preferred load address is 10000000

 Start         Length     Name                   Class
 0001:00000000 0002b8a5H .textbss                DATA
 0002:00000000 00054004H .text                   CODE
 0002:00054010 00007c68H .text$x                 CODE
 0002:0005bc80 00001a32H .text$yc                CODE
 0002:0005d6c0 0000183aH .text$yd                CODE
 0003:00000000 00000104H .CRT$XCA                DATA
 0003:00000104 000002c5H .CRT$XCU                DATA
 0003:000003cc 00000104H .CRT$XCZ                DATA
 0003:000004d0 00000104H .CRT$XIA                DATA
 0003:000005d4 00000104H .CRT$XIAA               DATA
 0003:000006d8 00000104H .CRT$XIZ                DATA
 0003:000007e0 00007a53H .rdata                  DATA
 0003:00008234 00000167H .rdata$debug            DATA
 0003:0000839c 00000ad2H .rdata$r                DATA
 0003:00008e70 00000104H .rtc$IAA                DATA
 0003:00008f74 00000148H .rtc$IMZ                DATA
 0003:000090bc 00000104H .rtc$IZZ                DATA
 0003:000091c0 00000104H .rtc$TAA                DATA
 0003:000092c4 00000148H .rtc$TMZ                DATA
 0003:0000940c 00000104H .rtc$TZZ                DATA
 0003:00009510 00006c41H .xdata$x                DATA
 0003:00010160 00000838H .edata                  DATA
 0004:00000000 00000554H .data                   DATA
 0004:00000558 0000069cH .bss                    DATA
 0005:00000000 00000078H .idata$2                DATA
 0005:00000078 00000014H .idata$3                DATA
 0005:0000008c 0000032cH .idata$4                DATA
 0005:000003b8 0000032cH .idata$5                DATA
 0005:000006e4 00000af8H .idata$6                DATA
 0006:00000000 00000169H .rsrc$01                DATA
 0006:00000170 000002e9H .rsrc$02                DATA

  Address         Publics by Value              Rva+Base       Lib:Object

 0000:00000000       ___safe_se_handler_count   00000000     <absolute>
 0000:00000000       __except_list              00000000     <absolute>
 0000:00000000       ___safe_se_handler_table   00000000     <absolute>
 0000:00009876       __ldused                   00009876     <absolute>
 0000:00009876       __fltused                  00009876     <absolute>
 0000:00000000       ___ImageBase               10000000     <linker-defined>
 0001:00000000       __enc$textbss$begin        10001000     <linker-defined>
 0001:0002b8a5       __enc$textbss$end          1002c8a5     <linker-defined>
 0002:00004630       ??0cTimerWrapper@TimerWrapper@@QAE@XZ 10031630 f   TimerWrapper.obj
 0002:000046c0       ??_GcTimerWrapper@TimerWrapper@@UAEPAXI@Z 100316c0 f i TimerWrapper.obj
 0002:000046c0       ??_EcTimerWrapper@TimerWrapper@@UAEPAXI@Z 100316c0 f i TimerWrapper.obj
 0002:00004730       ??1cTimerWrapper@TimerWrapper@@UAE@XZ 10031730 f   TimerWrapper.obj
 0002:000047b0       ?AddTimer@cTimerWrapper@TimerWrapper@@SAXPAV12@@Z 100317b0 f   TimerWrapper.obj
 0002:00004820       ?AddThread@cTimerWrapper@TimerWrapper@@SAXPAV12@@Z 10031820 f   TimerWrapper.obj
 0002:00004880       ?RemoveTimer@cTimerWrapper@TimerWrapper@@SAXPAV12@@Z 10031880 f   TimerWrapper.obj
 0002:000048f0       ?timer_callback@cTimerWrapper@TimerWrapper@@SAIIPAX@Z 100318f0 f   TimerWrapper.obj
 0002:00004a60       ?thread_function@cTimerWrapper@TimerWrapper@@SAHPAX@Z 10031a60 f   TimerWrapper.obj
 0002:00004cb0       ??0cGlumShapeFactory@Glumer@@QAE@XZ 10031cb0 f   cGlumShapeFactory.obj
 0002:00004d80       ??0cMutexWrapper@TimerWrapper@@QAE@XZ 10031d80 f i cGlumShapeFactory.obj
 0002:00004df0       ??1cMutexWrapper@TimerWrapper@@UAE@XZ 10031df0 f i cGlumShapeFactory.obj
 0002:00004e60       ??_GcMutexWrapper@TimerWrapper@@UAEPAXI@Z 10031e60 f i cGlumShapeFactory.obj
 0002:00004e60       ??_EcMutexWrapper@TimerWrapper@@UAEPAXI@Z 10031e60 f i cGlumShapeFactory.obj
 0002:00004ed0       ??0cGlumShapeFactoryState@Glumer@@QAE@I@Z 10031ed0 f i cGlumShapeFactory.obj
 0002:00005020       ??1?$map@IUPTR@cGlumShapeBase@Glumer@@U?$less@I@std@@V?$allocator@U?$pair@$$CBIUPTR@cGlumShapeBase@Glumer@@@std@@@5@@std@@QAE@XZ 10032020 f i cGlumShapeFactory.obj
 0002:00005070       ?Start@cGlumShapeFactory@Glumer@@QAEXI@Z 10032070 f   cGlumShapeFactory.obj
 0002:00005270       ?Init@cMovement_Camera@Glumer@@QAEXI@Z 10032270 f i cGlumShapeFactory.obj
 0002:000052d0       ?FactorySetDelay@cTimerWrapper@TimerWrapper@@QAEXI@Z 100322d0 f i cGlumShapeFactory.obj
 0002:00005320       ??1?$_Vector_iterator@V?$_Vector_val@UPTR@cMovement_Camera@Glumer@@V?$allocator@UPTR@cMovement_Camera@Glumer@@@std@@@std@@@std@@QAE@XZ 10032320 f i cGlumShapeFactory.obj
 0002:00005370       ??1?$_Vector_const_iterator@V?$_Vector_val@UPTR@cMovement_Camera@Glumer@@V?$allocator@UPTR@cMovement_Camera@Glumer@@@std@@@std@@@std@@QAE@XZ 10032370 f i cGlumShapeFactory.obj
 0002:000053c0       ??1?$_Iterator012@Urandom_access_iterator_tag@std@@UPTR@cMovement_Camera@Glumer@@HPBU345@ABU345@U_Iterator_base12@2@@std@@QAE@XZ 100323c0 f i cGlumShapeFactory.obj
 0002:00005410       ??1_Iterator_base12@std@@QAE@XZ 10032410 f i cGlumShapeFactory.obj
 0002:00005510       ?_Orphan_me@_Iterator_base12@std@@QAEXXZ 10032510 f i cGlumShapeFactory.obj
 0002:000055e0       ?DoubleBufferCoordinates@cGlumShapeFactory@Glumer@@QAEXXZ 100325e0 f   cGlumShapeFactory.obj
 0002:00005810       ??0Lock@cMutexWrapper@TimerWrapper@@QAE@PAV12@@Z 10032810 f i cGlumShapeFactory.obj
 0002:00005880       ??1Lock@cMutexWrapper@TimerWrapper@@QAE@XZ 10032880 f i cGlumShapeFactory.obj
 0002:000058e0       ?CopyBuffer@cGlumShapeBase@Glumer@@QAEXXZ 100328e0 f i cGlumShapeFactory.obj
 0002:00005b00       ?GetXYZ@cGluperDirection@Glumer@@QBEXAAM00@Z 10032b00 f i cGlumShapeFactory.obj
 0002:00005b60       ?FactorySetXYZ@cGluperDirection@Glumer@@QAEXMMM@Z 10032b60 f i cGlumShapeFactory.obj
 0002:00005bc0       ?GetXYZ@cGluperCenter@Glumer@@QBEXAAM00@Z 10032bc0 f i cGlumShapeFactory.obj
 0002:00005c20       ?FactorySetXYZ@cGluperCenter@Glumer@@QAEXMMM@Z 10032c20 f i cGlumShapeFactory.obj
 0002:00005c80       ?GetXYZAngleAndIncrement@cGluperOrientation@Glumer@@QBEXAAM0000@Z 10032c80 f i cGlumShapeFactory.obj
 0002:00005d00       ?FactorySetAngleXYZ@cGluperOrientation@Glumer@@QAEXMMM@Z 10032d00 f i cGlumShapeFactory.obj
 0002:00005d60       ?FactorySetAngle@cGluperOrientation@Glumer@@QAEXM@Z 10032d60 f i cGlumShapeFactory.obj
 0002:00005db0       ?FactorySetAngleIncrement@cGluperOrientation@Glumer@@QAEXM@Z 10032db0 f i cGlumShapeFactory.obj
 0002:00005e00       ?GetGlumShapeMapLock@cGlumShapeFactoryState@Glumer@@QAEPAVcMutexWrapper@TimerWrapper@@XZ 10032e00 f i cGlumShapeFactory.obj
 0002:00005e40       ?GetGlumShapeMap@cGlumShapeFactoryState@Glumer@@QAEAAV?$map@IUPTR@cGlumShapeBase@Glumer@@U?$less@I@std@@V?$allocator@U?$pair@$$CBIUPTR@cGlumShapeBase@Glumer@@@std@@@5@@std@@XZ 10032e40 f i cGlumShapeFactory.obj
 0002:00005e80       ?GetGlumShapeList@cGlumShapeFactoryState@Glumer@@QAEAAV?$vector@IV?$allocator@I@std@@@std@@XZ 10032e80 f i cGlumShapeFactory.obj
 0002:00005ec0       ??1?$_Vector_iterator@V?$_Vector_val@IV?$allocator@I@std@@@std@@@std@@QAE@XZ 10032ec0 f i cGlumShapeFactory.obj
 0002:00005f10       ??1?$_Vector_const_iterator@V?$_Vector_val@IV?$allocator@I@std@@@std@@@std@@QAE@XZ 10032f10 f i cGlumShapeFactory.obj
 0002:00005f60       ??1?$_Iterator012@Urandom_access_iterator_tag@std@@IHPBIABIU_Iterator_base12@2@@std@@QAE@XZ 10032f60 f i cGlumShapeFactory.obj
 0002:00005fb0       ?DrawScene@cGlumShapeFactory@Glumer@@QAEXPAVcHUD_Colour@2@@Z 10032fb0 f   cGlumShapeFactory.obj
 0002:000060c0       ?FireEventShow@cObjectMoveableBase@Glumer@@SAXAAUPTR@12@@Z 100330c0 f i cGlumShapeFactory.obj
 0002:00006120       ?GetDrawList@cGlumShapeFactoryState@Glumer@@QAEAAV?$vector@UPTR@cObjectMoveableBase@Glumer@@V?$allocator@UPTR@cObjectMoveableBase@Glumer@@@std@@@std@@XZ 10033120 f i cGlumShapeFactory.obj
 0002:00006160       ??1?$_Vector_iterator@V?$_Vector_val@UPTR@cObjectMoveableBase@Glumer@@V?$allocator@UPTR@cObjectMoveableBase@Glumer@@@std@@@std@@@std@@QAE@XZ 10033160 f i cGlumShapeFactory.obj
 0002:000061b0       ??1?$_Vector_const_iterator@V?$_Vector_val@UPTR@cObjectMoveableBase@Glumer@@V?$allocator@UPTR@cObjectMoveableBase@Glumer@@@std@@@std@@@std@@QAE@XZ 100331b0 f i cGlumShapeFactory.obj
 0002:00006200       ??1?$_Iterator012@Urandom_access_iterator_tag@std@@UPTR@cObjectMoveableBase@Glumer@@HPBU345@ABU345@U_Iterator_base12@2@@std@@QAE@XZ 10033200 f i cGlumShapeFactory.obj
 0002:00006250       ?CreateRock@cGlumShapeFactory@Glumer@@QAE?AUPTR@cGlumShape_Rock@2@PAVcHUD_Colour@2@M_NP6GXI@Z@Z 10033250 f   cGlumShapeFactory.obj
 0002:00006450       ?GetID@cGlumShapeBase@Glumer@@QBEIXZ 10033450 f i cGlumShapeFactory.obj
 0002:00006490       ?FactorySetRadius@cGlumShape_Rock@Glumer@@QAEXM@Z 10033490 f i cGlumShapeFactory.obj
 0002:000064e0       ?FactorySetOnCliced@cGlumShape_Rock@Glumer@@QAEXP6GXI@Z@Z 100334e0 f i cGlumShapeFactory.obj
 0002:00006530       ?FactoryListAdd@cGlumShapeFactoryState@Glumer@@QAEXUPTR@cGlumShapeBase@2@@Z 10033530 f i cGlumShapeFactory.obj
 0002:00006670       ?DrawListAdd@cGlumShapeFactoryState@Glumer@@QAEXUPTR@cObjectMoveableBase@2@I@Z 10033670 f i cGlumShapeFactory.obj
 0002:000066e0       ?SelectableDrawListAdd@cGlumShapeFactoryState@Glumer@@QAEXPAVcObjectBase@2@I@Z 100336e0 f i cGlumShapeFactory.obj
 0002:000067f0       ?GetSelectableDrawListLock@cGlumShapeFactoryState@Glumer@@QAEPAVcMutexWrapper@TimerWrapper@@XZ 100337f0 f i cGlumShapeFactory.obj
 0002:00006830       ?CreateBullet@cGlumShapeFactory@Glumer@@QAE?AUPTR@cGlumShape_Rock@2@PAVcHUD_Colour@2@M_N@Z 10033830 f   cGlumShapeFactory.obj
 0002:000069e0       ?FactorySetDelay@cGlumShape_Rock@Glumer@@QAEXI@Z 100339e0 f i cGlumShapeFactory.obj
 0002:00006a30       ?CreateSwitchGadget@cGlumShapeFactory@Glumer@@QAE?AUPTR@cGlumShape_SwitchGadget@2@PAVcHUD_Colour@2@MP6AXPAVcTimer_PistonMotion@2@PAVcGlumShapeBase@2@M_N@ZP6GXI3@ZP6GXI@Z@Z 10033a30 f   cGlumShapeFactory.obj
 0002:00006c00       ?CreateHUDShortRadar@cGlumShapeFactory@Glumer@@QAE?AUPTR@cGlumShape_HUDShortRadar@2@PAVcHUD_Colour@2@MM@Z 10033c00 f   cGlumShapeFactory.obj
 0002:00006d80       ?CreateHUDLongRadar@cGlumShapeFactory@Glumer@@QAE?AUPTR@cGlumShape_HUDLongRadar@2@PAVcHUD_Colour@2@MM@Z 10033d80 f   cGlumShapeFactory.obj
 0002:00006f20       ?FactorySetInvisible@cGlumShapeBase@Glumer@@QAEX_N@Z 10033f20 f i cGlumShapeFactory.obj
 0002:00006f70       ?CreateConsole@cGlumShapeFactory@Glumer@@QAE?AUPTR@cGlumShape_Console@2@PAVcHUD_Colour@2@M@Z 10033f70 f   cGlumShapeFactory.obj
 0002:000070e0       ?CreateCamera@cGlumShapeFactory@Glumer@@QAE?AUPTR@cMovement_Camera@2@XZ 100340e0 f   cGlumShapeFactory.obj
 0002:000071e0       ??0?$map@IUPTR@cGlumShapeBase@Glumer@@U?$less@I@std@@V?$allocator@U?$pair@$$CBIUPTR@cGlumShapeBase@Glumer@@@std@@@5@@std@@QAE@XZ 100341e0 f i cGlumShapeFactory.obj
 0002:00007250       ??A?$map@IUPTR@cGlumShapeBase@Glumer@@U?$less@I@std@@V?$allocator@U?$pair@$$CBIUPTR@cGlumShapeBase@Glumer@@@std@@@5@@std@@QAEAAUPTR@cGlumShapeBase@Glumer@@$$QAI@Z 10034250 f i cGlumShapeFactory.obj
 0002:00007510       ??1?$_Tree_iterator@V?$_Tree_val@V?$_Tmap_traits@IUPTR@cGlumShapeBase@Glumer@@U?$less@I@std@@V?$allocator@U?$pair@$$CBIUPTR@cGlumShapeBase@Glumer@@@std@@@5@$0A@@std@@@std@@@std@@QAE@XZ 10034510 f i cGlumShapeFactory.obj
 0002:00007560       ??0?$_Tree_const_iterator@V?$_Tree_val@V?$_Tmap_traits@IUPTR@cGlumShapeBase@Glumer@@U?$less@I@std@@V?$allocator@U?$pair@$$CBIUPTR@cGlumShapeBase@Glumer@@@std@@@5@$0A@@std@@@std@@@std@@QAE@ABV01@@Z 10034560 f i cGlumShapeFactory.obj
 0002:000075c0       ??1?$_Tree_const_iterator@V?$_Tree_val@V?$_Tmap_traits@IUPTR@cGlumShapeBase@Glumer@@U?$less@I@std@@V?$allocator@U?$pair@$$CBIUPTR@cGlumShapeBase@Glumer@@@std@@@5@$0A@@std@@@std@@@std@@QAE@XZ 100345c0 f i cGlumShapeFactory.obj
 0002:00007610       ??0?$_Tree_unchecked_const_iterator@V?$_Tree_val@V?$_Tmap_traits@IUPTR@cGlumShapeBase@Glumer@@U?$less@I@std@@V?$allocator@U?$pair@$$CBIUPTR@cGlumShapeBase@Glumer@@@std@@@5@$0A@@std@@@std@@U_Iterator_base12@2@@std@@QAE@ABV01@@Z 10034610 f i cGlumShapeFactory.obj
 0002:00007680       ??1?$_Tree_unchecked_const_iterator@V?$_Tree_val@V?$_Tmap_traits@IUPTR@cGlumShapeBase@Glumer@@U?$less@I@std@@V?$allocator@U?$pair@$$CBIUPTR@cGlumShapeBase@Glumer@@@std@@@5@$0A@@std@@@std@@U_Iterator_base12@2@@std@@QAE@XZ 10034680 f i cGlumShapeFactory.obj
 0002:000076d0       ??0?$_Iterator012@Ubidirectional_iterator_tag@std@@U?$pair@$$CBIUPTR@cGlumShapeBase@Glumer@@@2@HPBU32@ABU32@U_Iterator_base12@2@@std@@QAE@ABU01@@Z 100346d0 f i cGlumShapeFactory.obj
 0002:00007730       ??0_Iterator_base12@std@@QAE@ABU01@@Z 10034730 f i cGlumShapeFactory.obj
 0002:000077b0       ??4_Iterator_base12@std@@QAEAAU01@ABU01@@Z 100347b0 f i cGlumShapeFactory.obj
 0002:00007820       ?_Adopt@_Iterator_base12@std@@QAEXPBU_Container_base12@2@@Z 10034820 f i cGlumShapeFactory.obj
 0002:00007970       ??1?$_Iterator012@Ubidirectional_iterator_tag@std@@U?$pair@$$CBIUPTR@cGlumShapeBase@Glumer@@@2@HPBU32@ABU32@U_Iterator_base12@2@@std@@QAE@XZ 10034970 f i cGlumShapeFactory.obj
 0002:000079c0       ??A?$map@IUPTR@cGlumShapeBase@Glumer@@U?$less@I@std@@V?$allocator@U?$pair@$$CBIUPTR@cGlumShapeBase@Glumer@@@std@@@5@@std@@QAEAAUPTR@cGlumShapeBase@Glumer@@ABI@Z 100349c0 f i cGlumShapeFactory.obj
 0002:00007c60       ??1?$_Tree@V?$_Tmap_traits@IUPTR@cGlumShapeBase@Glumer@@U?$less@I@std@@V?$allocator@U?$pair@$$CBIUPTR@cGlumShapeBase@Glumer@@@std@@@5@$0A@@std@@@std@@QAE@XZ 10034c60 f i cGlumShapeFactory.obj
 0002:00007d00       ?end@?$_Tree@V?$_Tmap_traits@IUPTR@cGlumShapeBase@Glumer@@U?$less@I@std@@V?$allocator@U?$pair@$$CBIUPTR@cGlumShapeBase@Glumer@@@std@@@5@$0A@@std@@@std@@QAE?AV?$_Tree_iterator@V?$_Tree_val@V?$_Tmap_traits@IUPTR@cGlumShapeBase@Glumer@@U?$less@I@std@@V?$allocator@U?$pair@$$CBIUPTR@cGlumShapeBase@Glumer@@@std@@@5@$0A@@std@@@std@@@2@XZ 10034d00 f i cGlumShapeFactory.obj
 0002:00007d90       ??0?$vector@IV?$allocator@I@std@@@std@@QAE@XZ 10034d90 f i cGlumShapeFactory.obj
 0002:00007e00       ?push_back@?$vector@IV?$allocator@I@std@@@std@@QAEX$$QAI@Z 10034e00 f i cGlumShapeFactory.obj
 0002:00007f90       ??1?$vector@IV?$allocator@I@std@@@std@@QAE@XZ 10034f90 f i cGlumShapeFactory.obj
 0002:00008030       ?reserve@?$vector@IV?$allocator@I@std@@@std@@QAEXI@Z 10035030 f i cGlumShapeFactory.obj
 0002:00008210       ?begin@?$vector@IV?$allocator@I@std@@@std@@QAE?AV?$_Vector_iterator@V?$_Vector_val@IV?$allocator@I@std@@@std@@@2@XZ 10035210 f i cGlumShapeFactory.obj
 0002:000082a0       ?end@?$vector@IV?$allocator@I@std@@@std@@QAE?AV?$_Vector_iterator@V?$_Vector_val@IV?$allocator@I@std@@@std@@@2@XZ 100352a0 f i cGlumShapeFactory.obj
 0002:00008330       ?push_back@?$vector@IV?$allocator@I@std@@@std@@QAEXABI@Z 10035330 f i cGlumShapeFactory.obj
 0002:000084a0       ??0?$vector@UPTR@cObjectMoveableBase@Glumer@@V?$allocator@UPTR@cObjectMoveableBase@Glumer@@@std@@@std@@QAE@XZ 100354a0 f i cGlumShapeFactory.obj
 0002:00008510       ??1?$vector@UPTR@cObjectMoveableBase@Glumer@@V?$allocator@UPTR@cObjectMoveableBase@Glumer@@@std@@@std@@QAE@XZ 10035510 f i cGlumShapeFactory.obj
 0002:000085b0       ?reserve@?$vector@UPTR@cObjectMoveableBase@Glumer@@V?$allocator@UPTR@cObjectMoveableBase@Glumer@@@std@@@std@@QAEXI@Z 100355b0 f i cGlumShapeFactory.obj
 0002:00008790       ?begin@?$vector@UPTR@cObjectMoveableBase@Glumer@@V?$allocator@UPTR@cObjectMoveableBase@Glumer@@@std@@@std@@QAE?AV?$_Vector_iterator@V?$_Vector_val@UPTR@cObjectMoveableBase@Glumer@@V?$allocator@UPTR@cObjectMoveableBase@Glumer@@@std@@@std@@@2@XZ 10035790 f i cGlumShapeFactory.obj
 0002:00008820       ?end@?$vector@UPTR@cObjectMoveableBase@Glumer@@V?$allocator@UPTR@cObjectMoveableBase@Glumer@@@std@@@std@@QAE?AV?$_Vector_iterator@V?$_Vector_val@UPTR@cObjectMoveableBase@Glumer@@V?$allocator@UPTR@cObjectMoveableBase@Glumer@@@std@@@std@@@2@XZ 10035820 f i cGlumShapeFactory.obj
 0002:000088b0       ?push_back@?$vector@UPTR@cObjectMoveableBase@Glumer@@V?$allocator@UPTR@cObjectMoveableBase@Glumer@@@std@@@std@@QAEXABUPTR@cObjectMoveableBase@Glumer@@@Z 100358b0 f i cGlumShapeFactory.obj
 0002:00008a20       ??0?$vector@PAVcObjectBase@Glumer@@V?$allocator@PAVcObjectBase@Glumer@@@std@@@std@@QAE@XZ 10035a20 f i cGlumShapeFactory.obj
 0002:00008a90       ??1?$vector@PAVcObjectBase@Glumer@@V?$allocator@PAVcObjectBase@Glumer@@@std@@@std@@QAE@XZ 10035a90 f i cGlumShapeFactory.obj
 0002:00008b30       ?push_back@?$vector@PAVcObjectBase@Glumer@@V?$allocator@PAVcObjectBase@Glumer@@@std@@@std@@QAEXABQAVcObjectBase@Glumer@@@Z 10035b30 f i cGlumShapeFactory.obj
 0002:00008ca0       ??8?$_Tree_const_iterator@V?$_Tree_val@V?$_Tmap_traits@IUPTR@cGlumShapeBase@Glumer@@U?$less@I@std@@V?$allocator@U?$pair@$$CBIUPTR@cGlumShapeBase@Glumer@@@std@@@5@$0A@@std@@@std@@@std@@QBE_NABV01@@Z 10035ca0 f i cGlumShapeFactory.obj
 0002:00008dd0       ?_Getcont@_Iterator_base12@std@@QBEPBU_Container_base12@2@XZ 10035dd0 f i cGlumShapeFactory.obj
 0002:00008e40       ??D?$_Vector_iterator@V?$_Vector_val@IV?$allocator@I@std@@@std@@@std@@QBEAAIXZ 10035e40 f i cGlumShapeFactory.obj
 0002:00008e90       ??E?$_Vector_iterator@V?$_Vector_val@IV?$allocator@I@std@@@std@@@std@@QAE?AV01@H@Z 10035e90 f i cGlumShapeFactory.obj
 0002:00008fb0       ??9?$_Vector_const_iterator@V?$_Vector_val@IV?$allocator@I@std@@@std@@@std@@QBE_NABV01@@Z 10035fb0 f i cGlumShapeFactory.obj
 0002:00009020       ?CreateNew@?$cGlumShapeFactory_ShapeContainer@VcGlumShape_Rock@Glumer@@@Glumer@@SA?AUPTR@cGlumShape_Rock@2@IPAVcHUD_Colour@2@@Z 10036020 f i cGlumShapeFactory.obj
 0002:000091b0       ??0cGlumShape_Rock@Glumer@@QAE@IPAVcHUD_Colour@1@@Z 100361b0 f i cGlumShapeFactory.obj
 0002:00009440       ?NormaliseOrientation@cGlumShapeBase@Glumer@@UAEXXZ 10036440 f i cGlumShapeFactory.obj
 0002:00009640       ?NormaliseValue@cGlumShapeBase@Glumer@@SA_NMAAM@Z 10036640 f i cGlumShapeFactory.obj
 0002:000096c0       ??0cGlumShapeBase@Glumer@@QAE@I@Z 100366c0 f i cGlumShapeFactory.obj
 0002:00009890       ??0cGluperDirection@Glumer@@QAE@MMM@Z 10036890 f i cGlumShapeFactory.obj
 0002:00009900       ??1cGluperDirection@Glumer@@UAE@XZ 10036900 f i cGlumShapeFactory.obj
 0002:00009940       ??_EcGluperDirection@Glumer@@UAEPAXI@Z 10036940 f i cGlumShapeFactory.obj
 0002:00009940       ??_GcGluperDirection@Glumer@@UAEPAXI@Z 10036940 f i cGlumShapeFactory.obj
 0002:000099b0       ??0cGluperCenter@Glumer@@QAE@MMM@Z 100369b0 f i cGlumShapeFactory.obj
 0002:00009a40       ??0cMovementBase@Glumer@@QAE@XZ 10036a40 f i cGlumShapeFactory.obj
 0002:00009a90       ??_GcMovementBase@Glumer@@UAEPAXI@Z 10036a90 f i cGlumShapeFactory.obj
 0002:00009a90       ??_EcMovementBase@Glumer@@UAEPAXI@Z 10036a90 f i cGlumShapeFactory.obj
 0002:00009b00       ??1cMovementBase@Glumer@@UAE@XZ 10036b00 f i cGlumShapeFactory.obj
 0002:00009b40       ??1cGluperCenter@Glumer@@UAE@XZ 10036b40 f i cGlumShapeFactory.obj
 0002:00009ba0       ??_EcGluperCenter@Glumer@@UAEPAXI@Z 10036ba0 f i cGlumShapeFactory.obj
 0002:00009ba0       ??_GcGluperCenter@Glumer@@UAEPAXI@Z 10036ba0 f i cGlumShapeFactory.obj
 0002:00009c10       ??0cGluperOrientation@Glumer@@QAE@MMM@Z 10036c10 f i cGlumShapeFactory.obj
 0002:00009cb0       ??1cGluperOrientation@Glumer@@UAE@XZ 10036cb0 f i cGlumShapeFactory.obj
 0002:00009d10       ??_GcGluperOrientation@Glumer@@UAEPAXI@Z 10036d10 f i cGlumShapeFactory.obj
 0002:00009d10       ??_EcGluperOrientation@Glumer@@UAEPAXI@Z 10036d10 f i cGlumShapeFactory.obj
 0002:00009d80       ?Start@cGlumShapeBase@Glumer@@UAEXPAVcMovementBase@2@@Z 10036d80 f i cGlumShapeFactory.obj
 0002:00009dc0       ?Stop@cGlumShapeBase@Glumer@@UAEXXZ 10036dc0 f i cGlumShapeFactory.obj
 0002:00009e00       ?NormaliseDirection@cGlumShapeBase@Glumer@@UAEXXZ 10036e00 f i cGlumShapeFactory.obj
 0002:00009e40       ??1cGlumShapeBase@Glumer@@UAE@XZ 10036e40 f i cGlumShapeFactory.obj
 0002:00009f40       ??_EcGlumShapeBase@Glumer@@UAEPAXI@Z 10036f40 f i cGlumShapeFactory.obj
 0002:00009f40       ??_GcGlumShapeBase@Glumer@@UAEPAXI@Z 10036f40 f i cGlumShapeFactory.obj
 0002:00009fb0       ??1cObjectMoveableBase@Glumer@@UAE@XZ 10036fb0 f i cGlumShapeFactory.obj
 0002:0000a060       ??1cObjectBase@Glumer@@UAE@XZ 10037060 f i cGlumShapeFactory.obj
 0002:0000a0a0       ??_EcObjectBase@Glumer@@UAEPAXI@Z 100370a0 f i cGlumShapeFactory.obj
 0002:0000a0a0       ??_GcObjectBase@Glumer@@UAEPAXI@Z 100370a0 f i cGlumShapeFactory.obj
 0002:0000a110       ??_GcObjectMoveableBase@Glumer@@UAEPAXI@Z 10037110 f i cGlumShapeFactory.obj
 0002:0000a110       ??_EcObjectMoveableBase@Glumer@@UAEPAXI@Z 10037110 f i cGlumShapeFactory.obj
 0002:0000a180       ?FactorySetGuts@cSelectableBase@Glumer@@QAEXPAVcObjectMoveableBase@2@@Z 10037180 f i cGlumShapeFactory.obj
 0002:0000a1d0       ?NormaliseDirection@cGlumShape_Rock@Glumer@@UAEXXZ 100371d0 f i cGlumShapeFactory.obj
 0002:0000a210       ?Stop@cGlumShape_Rock@Glumer@@UAEXXZ 10037210 f i cGlumShapeFactory.obj
 0002:0000a280       ?SetPause@cTimerWrapper@TimerWrapper@@QAEX_N@Z 10037280 f i cGlumShapeFactory.obj
 0002:0000a2e0       ?Abort@cTimerWrapper@TimerWrapper@@QAEXXZ 100372e0 f i cGlumShapeFactory.obj
 0002:0000a320       ?EventShow@cGlumShape_Rock@Glumer@@UAEXXZ 10037320 f i cGlumShapeFactory.obj
 0002:0000a560       ?IsShown@cGlumShapeBase@Glumer@@QBE_NXZ 10037560 f i cGlumShapeFactory.obj
 0002:0000a5f0       ?Show@cGlumShape_Rock@Glumer@@ABEXM@Z 100375f0 f i cGlumShapeFactory.obj
 0002:0000a670       ?Octahedron@cGlumShape_Rock@Glumer@@ABEXM@Z 10037670 f i cGlumShapeFactory.obj
 0002:0000aae0       ?GetRadius@cGlumShape_Rock@Glumer@@QBEMXZ 10037ae0 f i cGlumShapeFactory.obj
 0002:0000ab20       ?EventSelected@cGlumShape_Rock@Glumer@@UAEXXZ 10037b20 f i cGlumShapeFactory.obj
 0002:0000aba0       ??_EcGlumShape_Rock@Glumer@@UAEPAXI@Z 10037ba0 f i cGlumShapeFactory.obj
 0002:0000aba0       ??_GcGlumShape_Rock@Glumer@@UAEPAXI@Z 10037ba0 f i cGlumShapeFactory.obj
 0002:0000ac10       ??1cGlumShape_Rock@Glumer@@UAE@XZ 10037c10 f i cGlumShapeFactory.obj
 0002:0000ade0       ?HasAborted@cTimerWrapper@TimerWrapper@@QAE_NXZ 10037de0 f i cGlumShapeFactory.obj
 0002:0000ae20       ??1?$vector@UPTR@cMovementBase@Glumer@@V?$allocator@UPTR@cMovementBase@Glumer@@@std@@@std@@QAE@XZ 10037e20 f i cGlumShapeFactory.obj
 0002:0000aec0       ?push_back@?$vector@UPTR@cMovementBase@Glumer@@V?$allocator@UPTR@cMovementBase@Glumer@@@std@@@std@@QAEXABUPTR@cMovementBase@Glumer@@@Z 10037ec0 f i cGlumShapeFactory.obj
 0002:0000b030       ?Start@?$cGlumShapeFactory_ShapeContainer@VcGlumShape_Rock@Glumer@@@Glumer@@SAXPAVcMovementBase@2@@Z 10038030 f i cGlumShapeFactory.obj
 0002:0000b1e0       ??1?$_Vector_iterator@V?$_Vector_val@UPTR@cGlumShape_Rock@Glumer@@V?$allocator@UPTR@cGlumShape_Rock@Glumer@@@std@@@std@@@std@@QAE@XZ 100381e0 f i cGlumShapeFactory.obj
 0002:0000b230       ??1?$_Vector_const_iterator@V?$_Vector_val@UPTR@cGlumShape_Rock@Glumer@@V?$allocator@UPTR@cGlumShape_Rock@Glumer@@@std@@@std@@@std@@QAE@XZ 10038230 f i cGlumShapeFactory.obj
 0002:0000b280       ??1?$_Iterator012@Urandom_access_iterator_tag@std@@UPTR@cGlumShape_Rock@Glumer@@HPBU345@ABU345@U_Iterator_base12@2@@std@@QAE@XZ 10038280 f i cGlumShapeFactory.obj
 0002:0000b2d0       ?CreateNew@?$cGlumShapeFactory_ShapeContainer@VcGlumShape_SwitchGadget@Glumer@@@Glumer@@SA?AUPTR@cGlumShape_SwitchGadget@2@IPAVcHUD_Colour@2@@Z 100382d0 f i cGlumShapeFactory.obj
 0002:0000b460       ??0cGlumShape_SwitchGadget@Glumer@@QAE@IPAVcHUD_Colour@1@@Z 10038460 f i cGlumShapeFactory.obj
 0002:0000b7c0       ??0cGluperScale@Glumer@@QAE@MMM@Z 100387c0 f i cGlumShapeFactory.obj
 0002:0000b850       ??1cGluperScale@Glumer@@UAE@XZ 10038850 f i cGlumShapeFactory.obj
 0002:0000b8b0       ?EventPossition@cGluperScale@Glumer@@UAEXXZ 100388b0 f i cGlumShapeFactory.obj
 0002:0000b950       ?GetIgnore@cMovementBase@Glumer@@QBE_NXZ 10038950 f i cGlumShapeFactory.obj
 0002:0000b990       ??_GcGluperScale@Glumer@@UAEPAXI@Z 10038990 f i cGlumShapeFactory.obj
 0002:0000b990       ??_EcGluperScale@Glumer@@UAEPAXI@Z 10038990 f i cGlumShapeFactory.obj
 0002:0000ba00       ?Start@cGlumShape_SwitchGadget@Glumer@@UAEXPAVcMovementBase@2@@Z 10038a00 f i cGlumShapeFactory.obj
 0002:0000bbb0       ?CalculateInitialValue@cTimer_PistonMotion@Glumer@@QAEMMM@Z 10038bb0 f i cGlumShapeFactory.obj
 0002:0000bc10       ??0cTimer_PistonMotion@Glumer@@QAE@PAVcGlumShapeBase@1@P6AXPAV01@0M_N@Z@Z 10038c10 f i cGlumShapeFactory.obj
 0002:0000bd50       ?EventTimer@cTimer_PistonMotion@Glumer@@UAEXXZ 10038d50 f i cGlumShapeFactory.obj
 0002:0000bed0       ?Reset@cTimer_PistonMotion@Glumer@@QAEXMMMM_N@Z 10038ed0 f i cGlumShapeFactory.obj
 0002:0000bfd0       ?SetPause@cTimer_PistonMotion@Glumer@@QAEX_N@Z 10038fd0 f i cGlumShapeFactory.obj
 0002:0000c040       ?SetRange@cTimer_PistonMotion@Glumer@@QAEXMMMM@Z 10039040 f i cGlumShapeFactory.obj
 0002:0000c0b0       ??_EcTimer_PistonMotion@Glumer@@UAEPAXI@Z 100390b0 f i cGlumShapeFactory.obj
 0002:0000c0b0       ??_GcTimer_PistonMotion@Glumer@@UAEPAXI@Z 100390b0 f i cGlumShapeFactory.obj
 0002:0000c120       ??1cTimer_PistonMotion@Glumer@@UAE@XZ 10039120 f i cGlumShapeFactory.obj
 0002:0000c180       ?Stop@cGlumShape_SwitchGadget@Glumer@@UAEXXZ 10039180 f i cGlumShapeFactory.obj
 0002:0000c240       ?EventShow@?IcObjectBase@Glumer@cGlumShape_SwitchGadget@2@UAEXXZ 10039240 f i cGlumShapeFactory.obj
 0002:0000c2c0       ?Show@cGlumShape_SwitchGadget@Glumer@@AAEXXZ 100392c0 f i cGlumShapeFactory.obj
 0002:0000c930       ?GetLineWidth@cGlumShape_SwitchGadget@Glumer@@SAM_N@Z 10039930 f i cGlumShapeFactory.obj
 0002:0000ca20       ??_GcGlumShape_SwitchGadget@Glumer@@UAEPAXI@Z 10039a20 f i cGlumShapeFactory.obj
 0002:0000ca20       ??_EcGlumShape_SwitchGadget@Glumer@@UAEPAXI@Z 10039a20 f i cGlumShapeFactory.obj
 0002:0000ca90       ??1cGlumShape_SwitchGadget@Glumer@@UAE@XZ 10039a90 f i cGlumShapeFactory.obj
 0002:0000cc00       ?Start@?$cGlumShapeFactory_ShapeContainer@VcGlumShape_SwitchGadget@Glumer@@@Glumer@@SAXPAVcMovementBase@2@@Z 10039c00 f i cGlumShapeFactory.obj
 0002:0000cdb0       ?CreateNew@?$cGlumShapeFactory_ShapeContainer@VcGlumShape_HUDShortRadar@Glumer@@@Glumer@@SA?AUPTR@cGlumShape_HUDShortRadar@2@IPAVcHUD_Colour@2@@Z 10039db0 f i cGlumShapeFactory.obj
 0002:0000cf40       ?Start@?$cGlumShapeFactory_ShapeContainer@VcGlumShape_HUDShortRadar@Glumer@@@Glumer@@SAXPAVcMovementBase@2@@Z 10039f40 f i cGlumShapeFactory.obj
 0002:0000d0f0       ?CreateNew@?$cGlumShapeFactory_ShapeContainer@VcGlumShape_HUDLongRadar@Glumer@@@Glumer@@SA?AUPTR@cGlumShape_HUDLongRadar@2@IPAVcHUD_Colour@2@@Z 1003a0f0 f i cGlumShapeFactory.obj
 0002:0000d280       ?Start@?$cGlumShapeFactory_ShapeContainer@VcGlumShape_HUDLongRadar@Glumer@@@Glumer@@SAXPAVcMovementBase@2@@Z 1003a280 f i cGlumShapeFactory.obj
 0002:0000d430       ?CreateNew@?$cGlumShapeFactory_ShapeContainer@VcGlumShape_Console@Glumer@@@Glumer@@SA?AUPTR@cGlumShape_Console@2@IPAVcHUD_Colour@2@@Z 1003a430 f i cGlumShapeFactory.obj
 0002:0000d5c0       ?Start@?$cGlumShapeFactory_ShapeContainer@VcGlumShape_Console@Glumer@@@Glumer@@SAXPAVcMovementBase@2@@Z 1003a5c0 f i cGlumShapeFactory.obj
 0002:0000d770       ??1?$_Vector_iterator@V?$_Vector_val@UPTR@cGlumShape_Console@Glumer@@V?$allocator@UPTR@cGlumShape_Console@Glumer@@@std@@@std@@@std@@QAE@XZ 1003a770 f i cGlumShapeFactory.obj
 0002:0000d7c0       ??1?$_Vector_const_iterator@V?$_Vector_val@UPTR@cGlumShape_Console@Glumer@@V?$allocator@UPTR@cGlumShape_Console@Glumer@@@std@@@std@@@std@@QAE@XZ 1003a7c0 f i cGlumShapeFactory.obj
 0002:0000d810       ??1?$_Iterator012@Urandom_access_iterator_tag@std@@UPTR@cGlumShape_Console@Glumer@@HPBU345@ABU345@U_Iterator_base12@2@@std@@QAE@XZ 1003a810 f i cGlumShapeFactory.obj
 0002:0000d860       ?CreateNew@?$cGlumShapeFactory_ShapeContainer@VcMovement_Camera@Glumer@@@Glumer@@SA?AUPTR@cMovement_Camera@2@IPAVcHUD_Colour@2@@Z 1003a860 f i cGlumShapeFactory.obj
 0002:0000d9f0       ??0cMovement_Camera@Glumer@@QAE@IPAX@Z 1003a9f0 f i cGlumShapeFactory.obj
 0002:0000daf0       ?Start@cMovement_Camera@Glumer@@UAEXPAVcMovementBase@2@@Z 1003aaf0 f i cGlumShapeFactory.obj
 0002:0000db80       ??_GcMovement_Camera@Glumer@@UAEPAXI@Z 1003ab80 f i cGlumShapeFactory.obj
 0002:0000db80       ??_EcMovement_Camera@Glumer@@UAEPAXI@Z 1003ab80 f i cGlumShapeFactory.obj
 0002:0000dbf0       ??1cMovement_Camera@Glumer@@UAE@XZ 1003abf0 f i cGlumShapeFactory.obj
 0002:0000dce0       ?Get@?$cGlumShapeFactory_ShapeContainer@VcMovement_Camera@Glumer@@@Glumer@@SA?AV?$_Vector_iterator@V?$_Vector_val@UPTR@cMovement_Camera@Glumer@@V?$allocator@UPTR@cMovement_Camera@Glumer@@@std@@@std@@@std@@IAA_N@Z 1003ace0 f i cGlumShapeFactory.obj
 0002:0000dfa0       ?IsMarkedForDelete@cGlumShapeBase@Glumer@@QBE_NXZ 1003afa0 f i cGlumShapeFactory.obj
 0002:0000dfe0       ??D?$_Vector_iterator@V?$_Vector_val@UPTR@cMovement_Camera@Glumer@@V?$allocator@UPTR@cMovement_Camera@Glumer@@@std@@@std@@@std@@QBEAAUPTR@cMovement_Camera@Glumer@@XZ 1003afe0 f i cGlumShapeFactory.obj
 0002:0000e030       ??4?$_Tree_iterator@V?$_Tree_val@V?$_Tmap_traits@IUPTR@cGlumShapeBase@Glumer@@U?$less@I@std@@V?$allocator@U?$pair@$$CBIUPTR@cGlumShapeBase@Glumer@@@std@@@5@$0A@@std@@@std@@@std@@QAEAAV01@ABV01@@Z 1003b030 f i cGlumShapeFactory.obj
 0002:0000e090       ??0?$_Vector_iterator@V?$_Vector_val@IV?$allocator@I@std@@@std@@@std@@QAE@ABV01@@Z 1003b090 f i cGlumShapeFactory.obj
 0002:0000e0f0       ??1?$_Vector_iterator@V?$_Vector_val@UPTR@cGlumShape_SwitchGadget@Glumer@@V?$allocator@UPTR@cGlumShape_SwitchGadget@Glumer@@@std@@@std@@@std@@QAE@XZ 1003b0f0 f i cGlumShapeFactory.obj
 0002:0000e140       ??1?$_Vector_iterator@V?$_Vector_val@UPTR@cGlumShape_HUDShortRadar@Glumer@@V?$allocator@UPTR@cGlumShape_HUDShortRadar@Glumer@@@std@@@std@@@std@@QAE@XZ 1003b140 f i cGlumShapeFactory.obj
 0002:0000e190       ??1?$_Vector_iterator@V?$_Vector_val@UPTR@cGlumShape_HUDLongRadar@Glumer@@V?$allocator@UPTR@cGlumShape_HUDLongRadar@Glumer@@@std@@@std@@@std@@QAE@XZ 1003b190 f i cGlumShapeFactory.obj
 0002:0000e1e0       ??4?$_Vector_iterator@V?$_Vector_val@UPTR@cMovement_Camera@Glumer@@V?$allocator@UPTR@cMovement_Camera@Glumer@@@std@@@std@@@std@@QAEAAV01@ABV01@@Z 1003b1e0 f i cGlumShapeFactory.obj
 0002:0000e240       ??0?$_Vector_iterator@V?$_Vector_val@UPTR@cMovement_Camera@Glumer@@V?$allocator@UPTR@cMovement_Camera@Glumer@@@std@@@std@@@std@@QAE@ABV01@@Z 1003b240 f i cGlumShapeFactory.obj
 0002:0000e2a0       ??4?$_Tree_const_iterator@V?$_Tree_val@V?$_Tmap_traits@IUPTR@cGlumShapeBase@Glumer@@U?$less@I@std@@V?$allocator@U?$pair@$$CBIUPTR@cGlumShapeBase@Glumer@@@std@@@5@$0A@@std@@@std@@@std@@QAEAAV01@ABV01@@Z 1003b2a0 f i cGlumShapeFactory.obj
 0002:0000e300       ??0?$_Vector_const_iterator@V?$_Vector_val@IV?$allocator@I@std@@@std@@@std@@QAE@ABV01@@Z 1003b300 f i cGlumShapeFactory.obj
 0002:0000e370       ??1?$_Vector_const_iterator@V?$_Vector_val@UPTR@cGlumShape_SwitchGadget@Glumer@@V?$allocator@UPTR@cGlumShape_SwitchGadget@Glumer@@@std@@@std@@@std@@QAE@XZ 1003b370 f i cGlumShapeFactory.obj
 0002:0000e3c0       ??1?$_Vector_const_iterator@V?$_Vector_val@UPTR@cGlumShape_HUDShortRadar@Glumer@@V?$allocator@UPTR@cGlumShape_HUDShortRadar@Glumer@@@std@@@std@@@std@@QAE@XZ 1003b3c0 f i cGlumShapeFactory.obj
 0002:0000e410       ??1?$_Vector_const_iterator@V?$_Vector_val@UPTR@cGlumShape_HUDLongRadar@Glumer@@V?$allocator@UPTR@cGlumShape_HUDLongRadar@Glumer@@@std@@@std@@@std@@QAE@XZ 1003b410 f i cGlumShapeFactory.obj
 0002:0000e460       ??4?$_Vector_const_iterator@V?$_Vector_val@UPTR@cMovement_Camera@Glumer@@V?$allocator@UPTR@cMovement_Camera@Glumer@@@std@@@std@@@std@@QAEAAV01@ABV01@@Z 1003b460 f i cGlumShapeFactory.obj
 0002:0000e4d0       ??0?$_Vector_const_iterator@V?$_Vector_val@UPTR@cMovement_Camera@Glumer@@V?$allocator@UPTR@cMovement_Camera@Glumer@@@std@@@std@@@std@@QAE@ABV01@@Z 1003b4d0 f i cGlumShapeFactory.obj
 0002:0000e540       ??4?$_Tree_unchecked_const_iterator@V?$_Tree_val@V?$_Tmap_traits@IUPTR@cGlumShapeBase@Glumer@@U?$less@I@std@@V?$allocator@U?$pair@$$CBIUPTR@cGlumShapeBase@Glumer@@@std@@@5@$0A@@std@@@std@@U_Iterator_base12@2@@std@@QAEAAV01@ABV01@@Z 1003b540 f i cGlumShapeFactory.obj
 0002:0000e5b0       ??0?$_Iterator012@Urandom_access_iterator_tag@std@@IHPBIABIU_Iterator_base12@2@@std@@QAE@ABU01@@Z 1003b5b0 f i cGlumShapeFactory.obj
 0002:0000e610       ??1?$_Iterator012@Urandom_access_iterator_tag@std@@UPTR@cGlumShape_SwitchGadget@Glumer@@HPBU345@ABU345@U_Iterator_base12@2@@std@@QAE@XZ 1003b610 f i cGlumShapeFactory.obj
 0002:0000e660       ??1?$_Iterator012@Urandom_access_iterator_tag@std@@UPTR@cGlumShape_HUDShortRadar@Glumer@@HPBU345@ABU345@U_Iterator_base12@2@@std@@QAE@XZ 1003b660 f i cGlumShapeFactory.obj
 0002:0000e6b0       ??1?$_Iterator012@Urandom_access_iterator_tag@std@@UPTR@cGlumShape_HUDLongRadar@Glumer@@HPBU345@ABU345@U_Iterator_base12@2@@std@@QAE@XZ 1003b6b0 f i cGlumShapeFactory.obj
 0002:0000e700       ??4?$_Iterator012@Urandom_access_iterator_tag@std@@UPTR@cMovement_Camera@Glumer@@HPBU345@ABU345@U_Iterator_base12@2@@std@@QAEAAU01@ABU01@@Z 1003b700 f i cGlumShapeFactory.obj
 0002:0000e760       ??0?$_Iterator012@Urandom_access_iterator_tag@std@@UPTR@cMovement_Camera@Glumer@@HPBU345@ABU345@U_Iterator_base12@2@@std@@QAE@ABU01@@Z 1003b760 f i cGlumShapeFactory.obj
 0002:0000e7c0       ??4?$_Iterator012@Ubidirectional_iterator_tag@std@@U?$pair@$$CBIUPTR@cGlumShapeBase@Glumer@@@2@HPBU32@ABU32@U_Iterator_base12@2@@std@@QAEAAU01@ABU01@@Z 1003b7c0 f i cGlumShapeFactory.obj
 0002:0000e820       ?_Inside@?$vector@UPTR@cMovementBase@Glumer@@V?$allocator@UPTR@cMovementBase@Glumer@@@std@@@std@@IBE_NPBUPTR@cMovementBase@Glumer@@@Z 1003b820 f i cGlumShapeFactory.obj
 0002:0000e8a0       ?_Reserve@?$vector@UPTR@cMovementBase@Glumer@@V?$allocator@UPTR@cMovementBase@Glumer@@@std@@@std@@IAEXI@Z 1003b8a0 f i cGlumShapeFactory.obj
 0002:0000e950       ?_Tidy@?$vector@UPTR@cMovementBase@Glumer@@V?$allocator@UPTR@cMovementBase@Glumer@@@std@@@std@@IAEXXZ 1003b950 f i cGlumShapeFactory.obj
 0002:0000ea30       ?_Orphan_range@?$vector@UPTR@cMovementBase@Glumer@@V?$allocator@UPTR@cMovementBase@Glumer@@@std@@@std@@IBEXPAUPTR@cMovementBase@Glumer@@0@Z 1003ba30 f i cGlumShapeFactory.obj
 0002:0000ebb0       ?_Clrcont@_Iterator_base12@std@@QAEXXZ 1003bbb0 f i cGlumShapeFactory.obj
 0002:0000ebf0       ?_Getpnext@_Iterator_base12@std@@QAEPAPAU12@XZ 1003bbf0 f i cGlumShapeFactory.obj
 0002:0000ec30       ??1?$_Vector_val@UPTR@cMovementBase@Glumer@@V?$allocator@UPTR@cMovementBase@Glumer@@@std@@@std@@QAE@XZ 1003bc30 f i cGlumShapeFactory.obj
 0002:0000ed70       ??0?$_Tree@V?$_Tmap_traits@IUPTR@cGlumShapeBase@Glumer@@U?$less@I@std@@V?$allocator@U?$pair@$$CBIUPTR@cGlumShapeBase@Glumer@@@std@@@5@$0A@@std@@@std@@QAE@ABU?$less@I@1@ABV?$allocator@U?$pair@$$CBIUPTR@cGlumShapeBase@Glumer@@@std@@@1@@Z 1003bd70 f i cGlumShapeFactory.obj
 0002:0000ede0       ?lower_bound@?$_Tree@V?$_Tmap_traits@IUPTR@cGlumShapeBase@Glumer@@U?$less@I@std@@V?$allocator@U?$pair@$$CBIUPTR@cGlumShapeBase@Glumer@@@std@@@5@$0A@@std@@@std@@QAE?AV?$_Tree_iterator@V?$_Tree_val@V?$_Tmap_traits@IUPTR@cGlumShapeBase@Glumer@@U?$less@I@std@@V?$allocator@U?$pair@$$CBIUPTR@cGlumShapeBase@Glumer@@@std@@@5@$0A@@std@@@std@@@2@ABI@Z 1003bde0 f i cGlumShapeFactory.obj
 0002:0000ee70       ?_Tidy@?$_Tree@V?$_Tmap_traits@IUPTR@cGlumShapeBase@Glumer@@U?$less@I@std@@V?$allocator@U?$pair@$$CBIUPTR@cGlumShapeBase@Glumer@@@std@@@5@$0A@@std@@@std@@IAEXXZ 1003be70 f i cGlumShapeFactory.obj
 0002:0000f000       ??1?$_Tree_val@V?$_Tmap_traits@IUPTR@cGlumShapeBase@Glumer@@U?$less@I@std@@V?$allocator@U?$pair@$$CBIUPTR@cGlumShapeBase@Glumer@@@std@@@5@$0A@@std@@@std@@QAE@XZ 1003c000 f i cGlumShapeFactory.obj
 0002:0000f0b0       ?_Key@?$_Tree_val@V?$_Tmap_traits@IUPTR@cGlumShapeBase@Glumer@@U?$less@I@std@@V?$allocator@U?$pair@$$CBIUPTR@cGlumShapeBase@Glumer@@@std@@@5@$0A@@std@@@std@@SAAAIPAU_Node@?$_Tree_nod@V?$_Tmap_traits@IUPTR@cGlumShapeBase@Glumer@@U?$less@I@std@@V?$allocator@U?$pair@$$CBIUPTR@cGlumShapeBase@Glumer@@@std@@@5@$0A@@std@@@2@@Z 1003c0b0 f i cGlumShapeFactory.obj
 0002:0000f110       ?_Myval@?$_Tree_val@V?$_Tmap_traits@IUPTR@cGlumShapeBase@Glumer@@U?$less@I@std@@V?$allocator@U?$pair@$$CBIUPTR@cGlumShapeBase@Glumer@@@std@@@5@$0A@@std@@@std@@SAAAU?$pair@$$CBIUPTR@cGlumShapeBase@Glumer@@@2@PAU_Node@?$_Tree_nod@V?$_Tmap_traits@IUPTR@cGlumShapeBase@Glumer@@U?$less@I@std@@V?$allocator@U?$pair@$$CBIUPTR@cGlumShapeBase@Glumer@@@std@@@5@$0A@@std@@@2@@Z 1003c110 f i cGlumShapeFactory.obj
 0002:0000f150       ??0?$allocator@U?$pair@$$CBIUPTR@cGlumShapeBase@Glumer@@@std@@@std@@QAE@XZ 1003c150 f i cGlumShapeFactory.obj
 0002:0000f190       ??R?$less@I@std@@QBE_NABI0@Z 1003c190 f i cGlumShapeFactory.obj
 0002:0000f1e0       ?deallocate@?$allocator@U_Node@?$_Tree_nod@V?$_Tmap_traits@IUPTR@cGlumShapeBase@Glumer@@U?$less@I@std@@V?$allocator@U?$pair@$$CBIUPTR@cGlumShapeBase@Glumer@@@std@@@5@$0A@@std@@@std@@@std@@QAEXPAU_Node@?$_Tree_nod@V?$_Tmap_traits@IUPTR@cGlumShapeBase@Glumer@@U?$less@I@std@@V?$allocator@U?$pair@$$CBIUPTR@cGlumShapeBase@Glumer@@@std@@@5@$0A@@std@@@2@I@Z 1003c1e0 f i cGlumShapeFactory.obj
 0002:0000f240       ?capacity@?$vector@IV?$allocator@I@std@@@std@@QBEIXZ 1003c240 f i cGlumShapeFactory.obj
 0002:0000f290       ?size@?$vector@IV?$allocator@I@std@@@std@@QBEIXZ 1003c290 f i cGlumShapeFactory.obj
 0002:0000f2e0       ?max_size@?$vector@IV?$allocator@I@std@@@std@@QBEIXZ 1003c2e0 f i cGlumShapeFactory.obj
 0002:0000f340       ?_Destroy@?$vector@IV?$allocator@I@std@@@std@@IAEXPAI0@Z 1003c340 f i cGlumShapeFactory.obj
 0002:0000f3b0       ?_Inside@?$vector@IV?$allocator@I@std@@@std@@IBE_NPBI@Z 1003c3b0 f i cGlumShapeFactory.obj
 0002:0000f430       ?_Reserve@?$vector@IV?$allocator@I@std@@@std@@IAEXI@Z 1003c430 f i cGlumShapeFactory.obj
 0002:0000f4e0       ?_Tidy@?$vector@IV?$allocator@I@std@@@std@@IAEXXZ 1003c4e0 f i cGlumShapeFactory.obj
 0002:0000f5c0       ?_Xlen@?$vector@IV?$allocator@I@std@@@std@@IBEXXZ 1003c5c0 f i cGlumShapeFactory.obj
 0002:0000f620       ?_Orphan_range@?$vector@IV?$allocator@I@std@@@std@@IBEXPAI0@Z 1003c620 f i cGlumShapeFactory.obj
 0002:0000f7a0       ??0?$_Vector_val@IV?$allocator@I@std@@@std@@QAE@V?$allocator@I@1@@Z 1003c7a0 f i cGlumShapeFactory.obj
 0002:0000f920       ??0_Container_proxy@std@@QAE@XZ 1003c920 f i cGlumShapeFactory.obj
 0002:0000f970       ??1?$_Vector_val@IV?$allocator@I@std@@@std@@QAE@XZ 1003c970 f i cGlumShapeFactory.obj
 0002:0000fab0       ??0?$allocator@I@std@@QAE@XZ 1003cab0 f i cGlumShapeFactory.obj
 0002:0000faf0       ?deallocate@?$allocator@I@std@@QAEXPAII@Z 1003caf0 f i cGlumShapeFactory.obj
 0002:0000fb50       ?allocate@?$allocator@I@std@@QAEPAII@Z 1003cb50 f i cGlumShapeFactory.obj
 0002:0000fbb0       ?capacity@?$vector@UPTR@cObjectMoveableBase@Glumer@@V?$allocator@UPTR@cObjectMoveableBase@Glumer@@@std@@@std@@QBEIXZ 1003cbb0 f i cGlumShapeFactory.obj
 0002:0000fc00       ?size@?$vector@UPTR@cObjectMoveableBase@Glumer@@V?$allocator@UPTR@cObjectMoveableBase@Glumer@@@std@@@std@@QBEIXZ 1003cc00 f i cGlumShapeFactory.obj
 0002:0000fc50       ?max_size@?$vector@UPTR@cObjectMoveableBase@Glumer@@V?$allocator@UPTR@cObjectMoveableBase@Glumer@@@std@@@std@@QBEIXZ 1003cc50 f i cGlumShapeFactory.obj
 0002:0000fcb0       ?_Destroy@?$vector@UPTR@cObjectMoveableBase@Glumer@@V?$allocator@UPTR@cObjectMoveableBase@Glumer@@@std@@@std@@IAEXPAUPTR@cObjectMoveableBase@Glumer@@0@Z 1003ccb0 f i cGlumShapeFactory.obj
 0002:0000fd20       ?_Inside@?$vector@UPTR@cObjectMoveableBase@Glumer@@V?$allocator@UPTR@cObjectMoveableBase@Glumer@@@std@@@std@@IBE_NPBUPTR@cObjectMoveableBase@Glumer@@@Z 1003cd20 f i cGlumShapeFactory.obj
 0002:0000fda0       ?_Reserve@?$vector@UPTR@cObjectMoveableBase@Glumer@@V?$allocator@UPTR@cObjectMoveableBase@Glumer@@@std@@@std@@IAEXI@Z 1003cda0 f i cGlumShapeFactory.obj
 0002:0000fe50       ?_Tidy@?$vector@UPTR@cObjectMoveableBase@Glumer@@V?$allocator@UPTR@cObjectMoveableBase@Glumer@@@std@@@std@@IAEXXZ 1003ce50 f i cGlumShapeFactory.obj
 0002:0000ff30       ?_Xlen@?$vector@UPTR@cObjectMoveableBase@Glumer@@V?$allocator@UPTR@cObjectMoveableBase@Glumer@@@std@@@std@@IBEXXZ 1003cf30 f i cGlumShapeFactory.obj
 0002:0000ff90       ?_Orphan_range@?$vector@UPTR@cObjectMoveableBase@Glumer@@V?$allocator@UPTR@cObjectMoveableBase@Glumer@@@std@@@std@@IBEXPAUPTR@cObjectMoveableBase@Glumer@@0@Z 1003cf90 f i cGlumShapeFactory.obj
 0002:00010110       ??0?$_Vector_val@UPTR@cObjectMoveableBase@Glumer@@V?$allocator@UPTR@cObjectMoveableBase@Glumer@@@std@@@std@@QAE@V?$allocator@UPTR@cObjectMoveableBase@Glumer@@@1@@Z 1003d110 f i cGlumShapeFactory.obj
 0002:00010290       ??1?$_Vector_val@UPTR@cObjectMoveableBase@Glumer@@V?$allocator@UPTR@cObjectMoveableBase@Glumer@@@std@@@std@@QAE@XZ 1003d290 f i cGlumShapeFactory.obj
 0002:000103d0       ??0?$allocator@UPTR@cObjectMoveableBase@Glumer@@@std@@QAE@XZ 1003d3d0 f i cGlumShapeFactory.obj
 0002:00010410       ?deallocate@?$allocator@UPTR@cObjectMoveableBase@Glumer@@@std@@QAEXPAUPTR@cObjectMoveableBase@Glumer@@I@Z 1003d410 f i cGlumShapeFactory.obj
 0002:00010470       ?allocate@?$allocator@UPTR@cObjectMoveableBase@Glumer@@@std@@QAEPAUPTR@cObjectMoveableBase@Glumer@@I@Z 1003d470 f i cGlumShapeFactory.obj
 0002:000104d0       ?_Inside@?$vector@PAVcObjectBase@Glumer@@V?$allocator@PAVcObjectBase@Glumer@@@std@@@std@@IBE_NPBQAVcObjectBase@Glumer@@@Z 1003d4d0 f i cGlumShapeFactory.obj
 0002:00010550       ?_Reserve@?$vector@PAVcObjectBase@Glumer@@V?$allocator@PAVcObjectBase@Glumer@@@std@@@std@@IAEXI@Z 1003d550 f i cGlumShapeFactory.obj
 0002:00010600       ?_Tidy@?$vector@PAVcObjectBase@Glumer@@V?$allocator@PAVcObjectBase@Glumer@@@std@@@std@@IAEXXZ 1003d600 f i cGlumShapeFactory.obj
 0002:000106e0       ?_Orphan_range@?$vector@PAVcObjectBase@Glumer@@V?$allocator@PAVcObjectBase@Glumer@@@std@@@std@@IBEXPAPAVcObjectBase@Glumer@@0@Z 1003d6e0 f i cGlumShapeFactory.obj
 0002:00010860       ??0?$_Vector_val@PAVcObjectBase@Glumer@@V?$allocator@PAVcObjectBase@Glumer@@@std@@@std@@QAE@V?$allocator@PAVcObjectBase@Glumer@@@1@@Z 1003d860 f i cGlumShapeFactory.obj
 0002:000109e0       ??1?$_Vector_val@PAVcObjectBase@Glumer@@V?$allocator@PAVcObjectBase@Glumer@@@std@@@std@@QAE@XZ 1003d9e0 f i cGlumShapeFactory.obj
 0002:00010b20       ??0?$allocator@PAVcObjectBase@Glumer@@@std@@QAE@XZ 1003db20 f i cGlumShapeFactory.obj
 0002:00010b60       ??0?$_Tree_iterator@V?$_Tree_val@V?$_Tmap_traits@IUPTR@cGlumShapeBase@Glumer@@U?$less@I@std@@V?$allocator@U?$pair@$$CBIUPTR@cGlumShapeBase@Glumer@@@std@@@5@$0A@@std@@@std@@@std@@QAE@PAU_Node@?$_Tree_nod@V?$_Tmap_traits@IUPTR@cGlumShapeBase@Glumer@@U?$less@I@std@@V?$allocator@U?$pair@$$CBIUPTR@cGlumShapeBase@Glumer@@@std@@@5@$0A@@std@@@1@PBV?$_Tree_val@V?$_Tmap_traits@IUPTR@cGlumShapeBase@Glumer@@U?$less@I@std@@V?$allocator@U?$pair@$$CBIUPTR@cGlumShapeBase@Glumer@@@std@@@5@$0A@@std@@@1@@Z 1003db60 f i cGlumShapeFactory.obj
 0002:00010bc0       ??D?$_Tree_iterator@V?$_Tree_val@V?$_Tmap_traits@IUPTR@cGlumShapeBase@Glumer@@U?$less@I@std@@V?$allocator@U?$pair@$$CBIUPTR@cGlumShapeBase@Glumer@@@std@@@5@$0A@@std@@@std@@@std@@QBEAAU?$pair@$$CBIUPTR@cGlumShapeBase@Glumer@@@1@XZ 1003dbc0 f i cGlumShapeFactory.obj
 0002:00010c10       ?_Mynode@?$_Tree_unchecked_const_iterator@V?$_Tree_val@V?$_Tmap_traits@IUPTR@cGlumShapeBase@Glumer@@U?$less@I@std@@V?$allocator@U?$pair@$$CBIUPTR@cGlumShapeBase@Glumer@@@std@@@5@$0A@@std@@@std@@U_Iterator_base12@2@@std@@QBEPAU_Node@?$_Tree_nod@V?$_Tmap_traits@IUPTR@cGlumShapeBase@Glumer@@U?$less@I@std@@V?$allocator@U?$pair@$$CBIUPTR@cGlumShapeBase@Glumer@@@std@@@5@$0A@@std@@@2@XZ 1003dc10 f i cGlumShapeFactory.obj
 0002:00010c50       ??0?$_Vector_iterator@V?$_Vector_val@IV?$allocator@I@std@@@std@@@std@@QAE@PAIPBU_Container_base12@1@@Z 1003dc50 f i cGlumShapeFactory.obj
 0002:00010cb0       ??E?$_Vector_iterator@V?$_Vector_val@IV?$allocator@I@std@@@std@@@std@@QAEAAV01@XZ 1003dcb0 f i cGlumShapeFactory.obj
 0002:00010d10       ??D?$_Vector_const_iterator@V?$_Vector_val@IV?$allocator@I@std@@@std@@@std@@QBEABIXZ 1003dd10 f i cGlumShapeFactory.obj
 0002:00010e40       ??8?$_Vector_const_iterator@V?$_Vector_val@IV?$allocator@I@std@@@std@@@std@@QBE_NABV01@@Z 1003de40 f i cGlumShapeFactory.obj
 0002:00010eb0       ??0?$_Vector_iterator@V?$_Vector_val@UPTR@cObjectMoveableBase@Glumer@@V?$allocator@UPTR@cObjectMoveableBase@Glumer@@@std@@@std@@@std@@QAE@PAUPTR@cObjectMoveableBase@Glumer@@PBU_Container_base12@1@@Z 1003deb0 f i cGlumShapeFactory.obj
 0002:00010f10       ?Purge@?$cGlumShapeFactory_ShapeContainer@VcGlumShape_Rock@Glumer@@@Glumer@@SAXXZ 1003df10 f i cGlumShapeFactory.obj
 0002:000112a0       ?GetDeleteAt@cGlumShapeBase@Glumer@@QBEIXZ 1003e2a0 f i cGlumShapeFactory.obj
 0002:000112e0       ??0?$vector@UPTR@cGlumShape_Rock@Glumer@@V?$allocator@UPTR@cGlumShape_Rock@Glumer@@@std@@@std@@QAE@XZ 1003e2e0 f i cGlumShapeFactory.obj
 0002:00011350       ??1?$vector@UPTR@cGlumShape_Rock@Glumer@@V?$allocator@UPTR@cGlumShape_Rock@Glumer@@@std@@@std@@QAE@XZ 1003e350 f i cGlumShapeFactory.obj
 0002:000113f0       ??4?$_Vector_iterator@V?$_Vector_val@UPTR@cGlumShape_Rock@Glumer@@V?$allocator@UPTR@cGlumShape_Rock@Glumer@@@std@@@std@@@std@@QAEAAV01@ABV01@@Z 1003e3f0 f i cGlumShapeFactory.obj
 0002:00011450       ??4?$_Vector_const_iterator@V?$_Vector_val@UPTR@cGlumShape_Rock@Glumer@@V?$allocator@UPTR@cGlumShape_Rock@Glumer@@@std@@@std@@@std@@QAEAAV01@ABV01@@Z 1003e450 f i cGlumShapeFactory.obj
 0002:000114c0       ??4?$_Iterator012@Urandom_access_iterator_tag@std@@UPTR@cGlumShape_Rock@Glumer@@HPBU345@ABU345@U_Iterator_base12@2@@std@@QAEAAU01@ABU01@@Z 1003e4c0 f i cGlumShapeFactory.obj
 0002:00011520       ?begin@?$vector@UPTR@cGlumShape_Rock@Glumer@@V?$allocator@UPTR@cGlumShape_Rock@Glumer@@@std@@@std@@QAE?AV?$_Vector_iterator@V?$_Vector_val@UPTR@cGlumShape_Rock@Glumer@@V?$allocator@UPTR@cGlumShape_Rock@Glumer@@@std@@@std@@@2@XZ 1003e520 f i cGlumShapeFactory.obj
 0002:000115b0       ?end@?$vector@UPTR@cGlumShape_Rock@Glumer@@V?$allocator@UPTR@cGlumShape_Rock@Glumer@@@std@@@std@@QAE?AV?$_Vector_iterator@V?$_Vector_val@UPTR@cGlumShape_Rock@Glumer@@V?$allocator@UPTR@cGlumShape_Rock@Glumer@@@std@@@std@@@2@XZ 1003e5b0 f i cGlumShapeFactory.obj
 0002:00011640       ?size@?$vector@UPTR@cGlumShape_Rock@Glumer@@V?$allocator@UPTR@cGlumShape_Rock@Glumer@@@std@@@std@@QBEIXZ 1003e640 f i cGlumShapeFactory.obj
 0002:00011690       ?push_back@?$vector@UPTR@cGlumShape_Rock@Glumer@@V?$allocator@UPTR@cGlumShape_Rock@Glumer@@@std@@@std@@QAEXABUPTR@cGlumShape_Rock@Glumer@@@Z 1003e690 f i cGlumShapeFactory.obj
 0002:00011800       ?_Tidy@?$vector@UPTR@cGlumShape_Rock@Glumer@@V?$allocator@UPTR@cGlumShape_Rock@Glumer@@@std@@@std@@IAEXXZ 1003e800 f i cGlumShapeFactory.obj
 0002:000118e0       ??0?$_Vector_val@UPTR@cGlumShape_Rock@Glumer@@V?$allocator@UPTR@cGlumShape_Rock@Glumer@@@std@@@std@@QAE@V?$allocator@UPTR@cGlumShape_Rock@Glumer@@@1@@Z 1003e8e0 f i cGlumShapeFactory.obj
 0002:00011a60       ??1?$_Vector_val@UPTR@cGlumShape_Rock@Glumer@@V?$allocator@UPTR@cGlumShape_Rock@Glumer@@@std@@@std@@QAE@XZ 1003ea60 f i cGlumShapeFactory.obj
 0002:00011ba0       ??0?$allocator@UPTR@cGlumShape_Rock@Glumer@@@std@@QAE@XZ 1003eba0 f i cGlumShapeFactory.obj
 0002:00011be0       ?Purge@?$cGlumShapeFactory_ShapeContainer@VcGlumShape_SwitchGadget@Glumer@@@Glumer@@SAXXZ 1003ebe0 f i cGlumShapeFactory.obj
 0002:00011f70       ??0?$vector@UPTR@cGlumShape_SwitchGadget@Glumer@@V?$allocator@UPTR@cGlumShape_SwitchGadget@Glumer@@@std@@@std@@QAE@XZ 1003ef70 f i cGlumShapeFactory.obj
 0002:00011fe0       ??1?$vector@UPTR@cGlumShape_SwitchGadget@Glumer@@V?$allocator@UPTR@cGlumShape_SwitchGadget@Glumer@@@std@@@std@@QAE@XZ 1003efe0 f i cGlumShapeFactory.obj
 0002:00012080       ?begin@?$vector@UPTR@cGlumShape_SwitchGadget@Glumer@@V?$allocator@UPTR@cGlumShape_SwitchGadget@Glumer@@@std@@@std@@QAE?AV?$_Vector_iterator@V?$_Vector_val@UPTR@cGlumShape_SwitchGadget@Glumer@@V?$allocator@UPTR@cGlumShape_SwitchGadget@Glumer@@@std@@@std@@@2@XZ 1003f080 f i cGlumShapeFactory.obj
 0002:00012110       ?end@?$vector@UPTR@cGlumShape_SwitchGadget@Glumer@@V?$allocator@UPTR@cGlumShape_SwitchGadget@Glumer@@@std@@@std@@QAE?AV?$_Vector_iterator@V?$_Vector_val@UPTR@cGlumShape_SwitchGadget@Glumer@@V?$allocator@UPTR@cGlumShape_SwitchGadget@Glumer@@@std@@@std@@@2@XZ 1003f110 f i cGlumShapeFactory.obj
 0002:000121a0       ?size@?$vector@UPTR@cGlumShape_SwitchGadget@Glumer@@V?$allocator@UPTR@cGlumShape_SwitchGadget@Glumer@@@std@@@std@@QBEIXZ 1003f1a0 f i cGlumShapeFactory.obj
 0002:000121f0       ?push_back@?$vector@UPTR@cGlumShape_SwitchGadget@Glumer@@V?$allocator@UPTR@cGlumShape_SwitchGadget@Glumer@@@std@@@std@@QAEXABUPTR@cGlumShape_SwitchGadget@Glumer@@@Z 1003f1f0 f i cGlumShapeFactory.obj
 0002:00012360       ?_Tidy@?$vector@UPTR@cGlumShape_SwitchGadget@Glumer@@V?$allocator@UPTR@cGlumShape_SwitchGadget@Glumer@@@std@@@std@@IAEXXZ 1003f360 f i cGlumShapeFactory.obj
 0002:00012440       ??0?$_Vector_val@UPTR@cGlumShape_SwitchGadget@Glumer@@V?$allocator@UPTR@cGlumShape_SwitchGadget@Glumer@@@std@@@std@@QAE@V?$allocator@UPTR@cGlumShape_SwitchGadget@Glumer@@@1@@Z 1003f440 f i cGlumShapeFactory.obj
 0002:000125c0       ??1?$_Vector_val@UPTR@cGlumShape_SwitchGadget@Glumer@@V?$allocator@UPTR@cGlumShape_SwitchGadget@Glumer@@@std@@@std@@QAE@XZ 1003f5c0 f i cGlumShapeFactory.obj
 0002:00012700       ??0?$allocator@UPTR@cGlumShape_SwitchGadget@Glumer@@@std@@QAE@XZ 1003f700 f i cGlumShapeFactory.obj
 0002:00012740       ?Purge@?$cGlumShapeFactory_ShapeContainer@VcGlumShape_HUDShortRadar@Glumer@@@Glumer@@SAXXZ 1003f740 f i cGlumShapeFactory.obj
 0002:00012ad0       ??0?$vector@UPTR@cGlumShape_HUDShortRadar@Glumer@@V?$allocator@UPTR@cGlumShape_HUDShortRadar@Glumer@@@std@@@std@@QAE@XZ 1003fad0 f i cGlumShapeFactory.obj
 0002:00012b40       ??1?$vector@UPTR@cGlumShape_HUDShortRadar@Glumer@@V?$allocator@UPTR@cGlumShape_HUDShortRadar@Glumer@@@std@@@std@@QAE@XZ 1003fb40 f i cGlumShapeFactory.obj
 0002:00012be0       ?begin@?$vector@UPTR@cGlumShape_HUDShortRadar@Glumer@@V?$allocator@UPTR@cGlumShape_HUDShortRadar@Glumer@@@std@@@std@@QAE?AV?$_Vector_iterator@V?$_Vector_val@UPTR@cGlumShape_HUDShortRadar@Glumer@@V?$allocator@UPTR@cGlumShape_HUDShortRadar@Glumer@@@std@@@std@@@2@XZ 1003fbe0 f i cGlumShapeFactory.obj
 0002:00012c70       ?end@?$vector@UPTR@cGlumShape_HUDShortRadar@Glumer@@V?$allocator@UPTR@cGlumShape_HUDShortRadar@Glumer@@@std@@@std@@QAE?AV?$_Vector_iterator@V?$_Vector_val@UPTR@cGlumShape_HUDShortRadar@Glumer@@V?$allocator@UPTR@cGlumShape_HUDShortRadar@Glumer@@@std@@@std@@@2@XZ 1003fc70 f i cGlumShapeFactory.obj
 0002:00012d00       ?size@?$vector@UPTR@cGlumShape_HUDShortRadar@Glumer@@V?$allocator@UPTR@cGlumShape_HUDShortRadar@Glumer@@@std@@@std@@QBEIXZ 1003fd00 f i cGlumShapeFactory.obj
 0002:00012d50       ?push_back@?$vector@UPTR@cGlumShape_HUDShortRadar@Glumer@@V?$allocator@UPTR@cGlumShape_HUDShortRadar@Glumer@@@std@@@std@@QAEXABUPTR@cGlumShape_HUDShortRadar@Glumer@@@Z 1003fd50 f i cGlumShapeFactory.obj
 0002:00012ec0       ?_Tidy@?$vector@UPTR@cGlumShape_HUDShortRadar@Glumer@@V?$allocator@UPTR@cGlumShape_HUDShortRadar@Glumer@@@std@@@std@@IAEXXZ 1003fec0 f i cGlumShapeFactory.obj
 0002:00012fa0       ??0?$_Vector_val@UPTR@cGlumShape_HUDShortRadar@Glumer@@V?$allocator@UPTR@cGlumShape_HUDShortRadar@Glumer@@@std@@@std@@QAE@V?$allocator@UPTR@cGlumShape_HUDShortRadar@Glumer@@@1@@Z 1003ffa0 f i cGlumShapeFactory.obj
 0002:00013120       ??1?$_Vector_val@UPTR@cGlumShape_HUDShortRadar@Glumer@@V?$allocator@UPTR@cGlumShape_HUDShortRadar@Glumer@@@std@@@std@@QAE@XZ 10040120 f i cGlumShapeFactory.obj
 0002:00013260       ??0?$allocator@UPTR@cGlumShape_HUDShortRadar@Glumer@@@std@@QAE@XZ 10040260 f i cGlumShapeFactory.obj
 0002:000132a0       ?Purge@?$cGlumShapeFactory_ShapeContainer@VcGlumShape_HUDLongRadar@Glumer@@@Glumer@@SAXXZ 100402a0 f i cGlumShapeFactory.obj
 0002:00013630       ??0?$vector@UPTR@cGlumShape_HUDLongRadar@Glumer@@V?$allocator@UPTR@cGlumShape_HUDLongRadar@Glumer@@@std@@@std@@QAE@XZ 10040630 f i cGlumShapeFactory.obj
 0002:000136a0       ??1?$vector@UPTR@cGlumShape_HUDLongRadar@Glumer@@V?$allocator@UPTR@cGlumShape_HUDLongRadar@Glumer@@@std@@@std@@QAE@XZ 100406a0 f i cGlumShapeFactory.obj
 0002:00013740       ?begin@?$vector@UPTR@cGlumShape_HUDLongRadar@Glumer@@V?$allocator@UPTR@cGlumShape_HUDLongRadar@Glumer@@@std@@@std@@QAE?AV?$_Vector_iterator@V?$_Vector_val@UPTR@cGlumShape_HUDLongRadar@Glumer@@V?$allocator@UPTR@cGlumShape_HUDLongRadar@Glumer@@@std@@@std@@@2@XZ 10040740 f i cGlumShapeFactory.obj
 0002:000137d0       ?end@?$vector@UPTR@cGlumShape_HUDLongRadar@Glumer@@V?$allocator@UPTR@cGlumShape_HUDLongRadar@Glumer@@@std@@@std@@QAE?AV?$_Vector_iterator@V?$_Vector_val@UPTR@cGlumShape_HUDLongRadar@Glumer@@V?$allocator@UPTR@cGlumShape_HUDLongRadar@Glumer@@@std@@@std@@@2@XZ 100407d0 f i cGlumShapeFactory.obj
 0002:00013860       ?size@?$vector@UPTR@cGlumShape_HUDLongRadar@Glumer@@V?$allocator@UPTR@cGlumShape_HUDLongRadar@Glumer@@@std@@@std@@QBEIXZ 10040860 f i cGlumShapeFactory.obj
 0002:000138b0       ?push_back@?$vector@UPTR@cGlumShape_HUDLongRadar@Glumer@@V?$allocator@UPTR@cGlumShape_HUDLongRadar@Glumer@@@std@@@std@@QAEXABUPTR@cGlumShape_HUDLongRadar@Glumer@@@Z 100408b0 f i cGlumShapeFactory.obj
 0002:00013a20       ?_Tidy@?$vector@UPTR@cGlumShape_HUDLongRadar@Glumer@@V?$allocator@UPTR@cGlumShape_HUDLongRadar@Glumer@@@std@@@std@@IAEXXZ 10040a20 f i cGlumShapeFactory.obj
 0002:00013b00       ??0?$_Vector_val@UPTR@cGlumShape_HUDLongRadar@Glumer@@V?$allocator@UPTR@cGlumShape_HUDLongRadar@Glumer@@@std@@@std@@QAE@V?$allocator@UPTR@cGlumShape_HUDLongRadar@Glumer@@@1@@Z 10040b00 f i cGlumShapeFactory.obj
 0002:00013c80       ??1?$_Vector_val@UPTR@cGlumShape_HUDLongRadar@Glumer@@V?$allocator@UPTR@cGlumShape_HUDLongRadar@Glumer@@@std@@@std@@QAE@XZ 10040c80 f i cGlumShapeFactory.obj
 0002:00013dc0       ??0?$allocator@UPTR@cGlumShape_HUDLongRadar@Glumer@@@std@@QAE@XZ 10040dc0 f i cGlumShapeFactory.obj
 0002:00013e00       ?Purge@?$cGlumShapeFactory_ShapeContainer@VcGlumShape_Console@Glumer@@@Glumer@@SAXXZ 10040e00 f i cGlumShapeFactory.obj
 0002:00014190       ??0?$vector@UPTR@cGlumShape_Console@Glumer@@V?$allocator@UPTR@cGlumShape_Console@Glumer@@@std@@@std@@QAE@XZ 10041190 f i cGlumShapeFactory.obj
 0002:00014200       ??1?$vector@UPTR@cGlumShape_Console@Glumer@@V?$allocator@UPTR@cGlumShape_Console@Glumer@@@std@@@std@@QAE@XZ 10041200 f i cGlumShapeFactory.obj
 0002:000142a0       ??4?$_Vector_iterator@V?$_Vector_val@UPTR@cGlumShape_Console@Glumer@@V?$allocator@UPTR@cGlumShape_Console@Glumer@@@std@@@std@@@std@@QAEAAV01@ABV01@@Z 100412a0 f i cGlumShapeFactory.obj
 0002:00014300       ??4?$_Vector_const_iterator@V?$_Vector_val@UPTR@cGlumShape_Console@Glumer@@V?$allocator@UPTR@cGlumShape_Console@Glumer@@@std@@@std@@@std@@QAEAAV01@ABV01@@Z 10041300 f i cGlumShapeFactory.obj
 0002:00014370       ??4?$_Iterator012@Urandom_access_iterator_tag@std@@UPTR@cGlumShape_Console@Glumer@@HPBU345@ABU345@U_Iterator_base12@2@@std@@QAEAAU01@ABU01@@Z 10041370 f i cGlumShapeFactory.obj
 0002:000143d0       ?begin@?$vector@UPTR@cGlumShape_Console@Glumer@@V?$allocator@UPTR@cGlumShape_Console@Glumer@@@std@@@std@@QAE?AV?$_Vector_iterator@V?$_Vector_val@UPTR@cGlumShape_Console@Glumer@@V?$allocator@UPTR@cGlumShape_Console@Glumer@@@std@@@std@@@2@XZ 100413d0 f i cGlumShapeFactory.obj
 0002:00014460       ?end@?$vector@UPTR@cGlumShape_Console@Glumer@@V?$allocator@UPTR@cGlumShape_Console@Glumer@@@std@@@std@@QAE?AV?$_Vector_iterator@V?$_Vector_val@UPTR@cGlumShape_Console@Glumer@@V?$allocator@UPTR@cGlumShape_Console@Glumer@@@std@@@std@@@2@XZ 10041460 f i cGlumShapeFactory.obj
 0002:000144f0       ?size@?$vector@UPTR@cGlumShape_Console@Glumer@@V?$allocator@UPTR@cGlumShape_Console@Glumer@@@std@@@std@@QBEIXZ 100414f0 f i cGlumShapeFactory.obj
 0002:00014540       ?push_back@?$vector@UPTR@cGlumShape_Console@Glumer@@V?$allocator@UPTR@cGlumShape_Console@Glumer@@@std@@@std@@QAEXABUPTR@cGlumShape_Console@Glumer@@@Z 10041540 f i cGlumShapeFactory.obj
 0002:000146b0       ?_Tidy@?$vector@UPTR@cGlumShape_Console@Glumer@@V?$allocator@UPTR@cGlumShape_Console@Glumer@@@std@@@std@@IAEXXZ 100416b0 f i cGlumShapeFactory.obj
 0002:00014790       ??0?$_Vector_val@UPTR@cGlumShape_Console@Glumer@@V?$allocator@UPTR@cGlumShape_Console@Glumer@@@std@@@std@@QAE@V?$allocator@UPTR@cGlumShape_Console@Glumer@@@1@@Z 10041790 f i cGlumShapeFactory.obj
 0002:00014910       ??1?$_Vector_val@UPTR@cGlumShape_Console@Glumer@@V?$allocator@UPTR@cGlumShape_Console@Glumer@@@std@@@std@@QAE@XZ 10041910 f i cGlumShapeFactory.obj
 0002:00014a50       ??0?$allocator@UPTR@cGlumShape_Console@Glumer@@@std@@QAE@XZ 10041a50 f i cGlumShapeFactory.obj
 0002:00014a90       ?Purge@?$cGlumShapeFactory_ShapeContainer@VcMovement_Camera@Glumer@@@Glumer@@SAXXZ 10041a90 f i cGlumShapeFactory.obj
 0002:00014e20       ??0?$vector@UPTR@cMovement_Camera@Glumer@@V?$allocator@UPTR@cMovement_Camera@Glumer@@@std@@@std@@QAE@XZ 10041e20 f i cGlumShapeFactory.obj
 0002:00014e90       ??1?$vector@UPTR@cMovement_Camera@Glumer@@V?$allocator@UPTR@cMovement_Camera@Glumer@@@std@@@std@@QAE@XZ 10041e90 f i cGlumShapeFactory.obj
 0002:00014f30       ?begin@?$vector@UPTR@cMovement_Camera@Glumer@@V?$allocator@UPTR@cMovement_Camera@Glumer@@@std@@@std@@QAE?AV?$_Vector_iterator@V?$_Vector_val@UPTR@cMovement_Camera@Glumer@@V?$allocator@UPTR@cMovement_Camera@Glumer@@@std@@@std@@@2@XZ 10041f30 f i cGlumShapeFactory.obj
 0002:00014fc0       ?end@?$vector@UPTR@cMovement_Camera@Glumer@@V?$allocator@UPTR@cMovement_Camera@Glumer@@@std@@@std@@QAE?AV?$_Vector_iterator@V?$_Vector_val@UPTR@cMovement_Camera@Glumer@@V?$allocator@UPTR@cMovement_Camera@Glumer@@@std@@@std@@@2@XZ 10041fc0 f i cGlumShapeFactory.obj
 0002:00015050       ?size@?$vector@UPTR@cMovement_Camera@Glumer@@V?$allocator@UPTR@cMovement_Camera@Glumer@@@std@@@std@@QBEIXZ 10042050 f i cGlumShapeFactory.obj
 0002:000150a0       ?push_back@?$vector@UPTR@cMovement_Camera@Glumer@@V?$allocator@UPTR@cMovement_Camera@Glumer@@@std@@@std@@QAEXABUPTR@cMovement_Camera@Glumer@@@Z 100420a0 f i cGlumShapeFactory.obj
 0002:00015210       ?_Tidy@?$vector@UPTR@cMovement_Camera@Glumer@@V?$allocator@UPTR@cMovement_Camera@Glumer@@@std@@@std@@IAEXXZ 10042210 f i cGlumShapeFactory.obj
 0002:000152f0       ??0?$_Vector_val@UPTR@cMovement_Camera@Glumer@@V?$allocator@UPTR@cMovement_Camera@Glumer@@@std@@@std@@QAE@V?$allocator@UPTR@cMovement_Camera@Glumer@@@1@@Z 100422f0 f i cGlumShapeFactory.obj
 0002:00015470       ??1?$_Vector_val@UPTR@cMovement_Camera@Glumer@@V?$allocator@UPTR@cMovement_Camera@Glumer@@@std@@@std@@QAE@XZ 10042470 f i cGlumShapeFactory.obj
 0002:000155b0       ??0?$allocator@UPTR@cMovement_Camera@Glumer@@@std@@QAE@XZ 100425b0 f i cGlumShapeFactory.obj
 0002:000155f0       ??D?$_Vector_iterator@V?$_Vector_val@UPTR@cGlumShape_Rock@Glumer@@V?$allocator@UPTR@cGlumShape_Rock@Glumer@@@std@@@std@@@std@@QBEAAUPTR@cGlumShape_Rock@Glumer@@XZ 100425f0 f i cGlumShapeFactory.obj
 0002:00015640       ??C?$_Vector_iterator@V?$_Vector_val@UPTR@cGlumShape_Rock@Glumer@@V?$allocator@UPTR@cGlumShape_Rock@Glumer@@@std@@@std@@@std@@QBEPAUPTR@cGlumShape_Rock@Glumer@@XZ 10042640 f i cGlumShapeFactory.obj
 0002:00015690       ??E?$_Vector_iterator@V?$_Vector_val@UPTR@cGlumShape_Rock@Glumer@@V?$allocator@UPTR@cGlumShape_Rock@Glumer@@@std@@@std@@@std@@QAE?AV01@H@Z 10042690 f i cGlumShapeFactory.obj
 0002:000157b0       ??0?$_Vector_iterator@V?$_Vector_val@UPTR@cGlumShape_Rock@Glumer@@V?$allocator@UPTR@cGlumShape_Rock@Glumer@@@std@@@std@@@std@@QAE@ABV01@@Z 100427b0 f i cGlumShapeFactory.obj
 0002:00015810       ??0?$_Vector_const_iterator@V?$_Vector_val@UPTR@cGlumShape_Rock@Glumer@@V?$allocator@UPTR@cGlumShape_Rock@Glumer@@@std@@@std@@@std@@QAE@ABV01@@Z 10042810 f i cGlumShapeFactory.obj
 0002:00015880       ??0?$_Iterator012@Urandom_access_iterator_tag@std@@UPTR@cGlumShape_Rock@Glumer@@HPBU345@ABU345@U_Iterator_base12@2@@std@@QAE@ABU01@@Z 10042880 f i cGlumShapeFactory.obj
 0002:000158e0       ??9?$_Vector_const_iterator@V?$_Vector_val@UPTR@cGlumShape_Rock@Glumer@@V?$allocator@UPTR@cGlumShape_Rock@Glumer@@@std@@@std@@@std@@QBE_NABV01@@Z 100428e0 f i cGlumShapeFactory.obj
 0002:00015950       ??8?$_Vector_const_iterator@V?$_Vector_val@UPTR@cGlumShape_Rock@Glumer@@V?$allocator@UPTR@cGlumShape_Rock@Glumer@@@std@@@std@@@std@@QBE_NABV01@@Z 10042950 f i cGlumShapeFactory.obj
 0002:000159c0       ??D?$_Vector_iterator@V?$_Vector_val@UPTR@cGlumShape_Console@Glumer@@V?$allocator@UPTR@cGlumShape_Console@Glumer@@@std@@@std@@@std@@QBEAAUPTR@cGlumShape_Console@Glumer@@XZ 100429c0 f i cGlumShapeFactory.obj
 0002:00015a10       ??C?$_Vector_iterator@V?$_Vector_val@UPTR@cGlumShape_Console@Glumer@@V?$allocator@UPTR@cGlumShape_Console@Glumer@@@std@@@std@@@std@@QBEPAUPTR@cGlumShape_Console@Glumer@@XZ 10042a10 f i cGlumShapeFactory.obj
 0002:00015a60       ??E?$_Vector_iterator@V?$_Vector_val@UPTR@cGlumShape_Console@Glumer@@V?$allocator@UPTR@cGlumShape_Console@Glumer@@@std@@@std@@@std@@QAE?AV01@H@Z 10042a60 f i cGlumShapeFactory.obj
 0002:00015b80       ??0?$_Vector_iterator@V?$_Vector_val@UPTR@cGlumShape_Console@Glumer@@V?$allocator@UPTR@cGlumShape_Console@Glumer@@@std@@@std@@@std@@QAE@ABV01@@Z 10042b80 f i cGlumShapeFactory.obj
 0002:00015be0       ??0?$_Vector_const_iterator@V?$_Vector_val@UPTR@cGlumShape_Console@Glumer@@V?$allocator@UPTR@cGlumShape_Console@Glumer@@@std@@@std@@@std@@QAE@ABV01@@Z 10042be0 f i cGlumShapeFactory.obj
 0002:00015c50       ??0?$_Iterator012@Urandom_access_iterator_tag@std@@UPTR@cGlumShape_Console@Glumer@@HPBU345@ABU345@U_Iterator_base12@2@@std@@QAE@ABU01@@Z 10042c50 f i cGlumShapeFactory.obj
 0002:00015cb0       ??9?$_Vector_const_iterator@V?$_Vector_val@UPTR@cGlumShape_Console@Glumer@@V?$allocator@UPTR@cGlumShape_Console@Glumer@@@std@@@std@@@std@@QBE_NABV01@@Z 10042cb0 f i cGlumShapeFactory.obj
 0002:00015d20       ??8?$_Vector_const_iterator@V?$_Vector_val@UPTR@cGlumShape_Console@Glumer@@V?$allocator@UPTR@cGlumShape_Console@Glumer@@@std@@@std@@@std@@QBE_NABV01@@Z 10042d20 f i cGlumShapeFactory.obj
 0002:00015d90       ??0?$_Vector_iterator@V?$_Vector_val@UPTR@cMovement_Camera@Glumer@@V?$allocator@UPTR@cMovement_Camera@Glumer@@@std@@@std@@@std@@QAE@XZ 10042d90 f i cGlumShapeFactory.obj
 0002:00015df0       ??C?$_Vector_iterator@V?$_Vector_val@UPTR@cMovement_Camera@Glumer@@V?$allocator@UPTR@cMovement_Camera@Glumer@@@std@@@std@@@std@@QBEPAUPTR@cMovement_Camera@Glumer@@XZ 10042df0 f i cGlumShapeFactory.obj
 0002:00015e40       ??D?$_Vector_const_iterator@V?$_Vector_val@UPTR@cMovement_Camera@Glumer@@V?$allocator@UPTR@cMovement_Camera@Glumer@@@std@@@std@@@std@@QBEABUPTR@cMovement_Camera@Glumer@@XZ 10042e40 f i cGlumShapeFactory.obj
 0002:00015f70       ??9?$_Vector_const_iterator@V?$_Vector_val@UPTR@cMovement_Camera@Glumer@@V?$allocator@UPTR@cMovement_Camera@Glumer@@@std@@@std@@@std@@QBE_NABV01@@Z 10042f70 f i cGlumShapeFactory.obj
 0002:00015fe0       ??0?$pair@IUPTR@cGlumShapeBase@Glumer@@@std@@QAE@$$QAI$$QAUPTR@cGlumShapeBase@Glumer@@@Z 10042fe0 f i cGlumShapeFactory.obj
 0002:00016060       ??0?$pair@$$CBIUPTR@cGlumShapeBase@Glumer@@@std@@QAE@ABI$$QAUPTR@cGlumShapeBase@Glumer@@@Z 10043060 f i cGlumShapeFactory.obj
 0002:000160d0       ??C?$_Vector_iterator@V?$_Vector_val@UPTR@cGlumShape_SwitchGadget@Glumer@@V?$allocator@UPTR@cGlumShape_SwitchGadget@Glumer@@@std@@@std@@@std@@QBEPAUPTR@cGlumShape_SwitchGadget@Glumer@@XZ 100430d0 f i cGlumShapeFactory.obj
 0002:00016120       ??E?$_Vector_iterator@V?$_Vector_val@UPTR@cGlumShape_SwitchGadget@Glumer@@V?$allocator@UPTR@cGlumShape_SwitchGadget@Glumer@@@std@@@std@@@std@@QAE?AV01@H@Z 10043120 f i cGlumShapeFactory.obj
 0002:00016240       ??9?$_Vector_const_iterator@V?$_Vector_val@UPTR@cGlumShape_SwitchGadget@Glumer@@V?$allocator@UPTR@cGlumShape_SwitchGadget@Glumer@@@std@@@std@@@std@@QBE_NABV01@@Z 10043240 f i cGlumShapeFactory.obj
 0002:000162b0       ??C?$_Vector_iterator@V?$_Vector_val@UPTR@cGlumShape_HUDShortRadar@Glumer@@V?$allocator@UPTR@cGlumShape_HUDShortRadar@Glumer@@@std@@@std@@@std@@QBEPAUPTR@cGlumShape_HUDShortRadar@Glumer@@XZ 100432b0 f i cGlumShapeFactory.obj
 0002:00016300       ??E?$_Vector_iterator@V?$_Vector_val@UPTR@cGlumShape_HUDShortRadar@Glumer@@V?$allocator@UPTR@cGlumShape_HUDShortRadar@Glumer@@@std@@@std@@@std@@QAE?AV01@H@Z 10043300 f i cGlumShapeFactory.obj
 0002:00016420       ??9?$_Vector_const_iterator@V?$_Vector_val@UPTR@cGlumShape_HUDShortRadar@Glumer@@V?$allocator@UPTR@cGlumShape_HUDShortRadar@Glumer@@@std@@@std@@@std@@QBE_NABV01@@Z 10043420 f i cGlumShapeFactory.obj
 0002:00016490       ??C?$_Vector_iterator@V?$_Vector_val@UPTR@cGlumShape_HUDLongRadar@Glumer@@V?$allocator@UPTR@cGlumShape_HUDLongRadar@Glumer@@@std@@@std@@@std@@QBEPAUPTR@cGlumShape_HUDLongRadar@Glumer@@XZ 10043490 f i cGlumShapeFactory.obj
 0002:000164e0       ??E?$_Vector_iterator@V?$_Vector_val@UPTR@cGlumShape_HUDLongRadar@Glumer@@V?$allocator@UPTR@cGlumShape_HUDLongRadar@Glumer@@@std@@@std@@@std@@QAE?AV01@H@Z 100434e0 f i cGlumShapeFactory.obj
 0002:00016600       ??9?$_Vector_const_iterator@V?$_Vector_val@UPTR@cGlumShape_HUDLongRadar@Glumer@@V?$allocator@UPTR@cGlumShape_HUDLongRadar@Glumer@@@std@@@std@@@std@@QBE_NABV01@@Z 10043600 f i cGlumShapeFactory.obj
 0002:00016670       ??4?$_Vector_iterator@V?$_Vector_val@UPTR@cGlumShape_SwitchGadget@Glumer@@V?$allocator@UPTR@cGlumShape_SwitchGadget@Glumer@@@std@@@std@@@std@@QAEAAV01@ABV01@@Z 10043670 f i cGlumShapeFactory.obj
 0002:000166d0       ??4?$_Vector_iterator@V?$_Vector_val@UPTR@cGlumShape_HUDShortRadar@Glumer@@V?$allocator@UPTR@cGlumShape_HUDShortRadar@Glumer@@@std@@@std@@@std@@QAEAAV01@ABV01@@Z 100436d0 f i cGlumShapeFactory.obj
 0002:00016730       ??4?$_Vector_iterator@V?$_Vector_val@UPTR@cGlumShape_HUDLongRadar@Glumer@@V?$allocator@UPTR@cGlumShape_HUDLongRadar@Glumer@@@std@@@std@@@std@@QAEAAV01@ABV01@@Z 10043730 f i cGlumShapeFactory.obj
 0002:00016790       ??0?$_Vector_iterator@V?$_Vector_val@UPTR@cGlumShape_SwitchGadget@Glumer@@V?$allocator@UPTR@cGlumShape_SwitchGadget@Glumer@@@std@@@std@@@std@@QAE@ABV01@@Z 10043790 f i cGlumShapeFactory.obj
 0002:000167f0       ??0?$_Vector_iterator@V?$_Vector_val@UPTR@cGlumShape_HUDShortRadar@Glumer@@V?$allocator@UPTR@cGlumShape_HUDShortRadar@Glumer@@@std@@@std@@@std@@QAE@ABV01@@Z 100437f0 f i cGlumShapeFactory.obj
 0002:00016850       ??0?$_Vector_iterator@V?$_Vector_val@UPTR@cGlumShape_HUDLongRadar@Glumer@@V?$allocator@UPTR@cGlumShape_HUDLongRadar@Glumer@@@std@@@std@@@std@@QAE@ABV01@@Z 10043850 f i cGlumShapeFactory.obj
 0002:000168b0       ??4?$_Vector_const_iterator@V?$_Vector_val@UPTR@cGlumShape_SwitchGadget@Glumer@@V?$allocator@UPTR@cGlumShape_SwitchGadget@Glumer@@@std@@@std@@@std@@QAEAAV01@ABV01@@Z 100438b0 f i cGlumShapeFactory.obj
 0002:00016920       ??4?$_Vector_const_iterator@V?$_Vector_val@UPTR@cGlumShape_HUDShortRadar@Glumer@@V?$allocator@UPTR@cGlumShape_HUDShortRadar@Glumer@@@std@@@std@@@std@@QAEAAV01@ABV01@@Z 10043920 f i cGlumShapeFactory.obj
 0002:00016990       ??4?$_Vector_const_iterator@V?$_Vector_val@UPTR@cGlumShape_HUDLongRadar@Glumer@@V?$allocator@UPTR@cGlumShape_HUDLongRadar@Glumer@@@std@@@std@@@std@@QAEAAV01@ABV01@@Z 10043990 f i cGlumShapeFactory.obj
 0002:00016a00       ??0?$_Vector_const_iterator@V?$_Vector_val@UPTR@cGlumShape_SwitchGadget@Glumer@@V?$allocator@UPTR@cGlumShape_SwitchGadget@Glumer@@@std@@@std@@@std@@QAE@ABV01@@Z 10043a00 f i cGlumShapeFactory.obj
 0002:00016a70       ??0?$_Vector_const_iterator@V?$_Vector_val@UPTR@cGlumShape_HUDShortRadar@Glumer@@V?$allocator@UPTR@cGlumShape_HUDShortRadar@Glumer@@@std@@@std@@@std@@QAE@ABV01@@Z 10043a70 f i cGlumShapeFactory.obj
 0002:00016ae0       ??0?$_Vector_const_iterator@V?$_Vector_val@UPTR@cGlumShape_HUDLongRadar@Glumer@@V?$allocator@UPTR@cGlumShape_HUDLongRadar@Glumer@@@std@@@std@@@std@@QAE@ABV01@@Z 10043ae0 f i cGlumShapeFactory.obj
 0002:00016b50       ??4?$_Iterator012@Urandom_access_iterator_tag@std@@UPTR@cGlumShape_SwitchGadget@Glumer@@HPBU345@ABU345@U_Iterator_base12@2@@std@@QAEAAU01@ABU01@@Z 10043b50 f i cGlumShapeFactory.obj
 0002:00016bb0       ??4?$_Iterator012@Urandom_access_iterator_tag@std@@UPTR@cGlumShape_HUDShortRadar@Glumer@@HPBU345@ABU345@U_Iterator_base12@2@@std@@QAEAAU01@ABU01@@Z 10043bb0 f i cGlumShapeFactory.obj
 0002:00016c10       ??4?$_Iterator012@Urandom_access_iterator_tag@std@@UPTR@cGlumShape_HUDLongRadar@Glumer@@HPBU345@ABU345@U_Iterator_base12@2@@std@@QAEAAU01@ABU01@@Z 10043c10 f i cGlumShapeFactory.obj
 0002:00016c70       ??0?$_Iterator012@Urandom_access_iterator_tag@std@@UPTR@cGlumShape_SwitchGadget@Glumer@@HPBU345@ABU345@U_Iterator_base12@2@@std@@QAE@ABU01@@Z 10043c70 f i cGlumShapeFactory.obj
 0002:00016cd0       ??0?$_Iterator012@Urandom_access_iterator_tag@std@@UPTR@cGlumShape_HUDShortRadar@Glumer@@HPBU345@ABU345@U_Iterator_base12@2@@std@@QAE@ABU01@@Z 10043cd0 f i cGlumShapeFactory.obj
 0002:00016d30       ??0?$_Iterator012@Urandom_access_iterator_tag@std@@UPTR@cGlumShape_HUDLongRadar@Glumer@@HPBU345@ABU345@U_Iterator_base12@2@@std@@QAE@ABU01@@Z 10043d30 f i cGlumShapeFactory.obj
 0002:00016d90       ?reserve@?$vector@UPTR@cMovementBase@Glumer@@V?$allocator@UPTR@cMovementBase@Glumer@@@std@@@std@@QAEXI@Z 10043d90 f i cGlumShapeFactory.obj
 0002:00016f70       ?capacity@?$vector@UPTR@cMovementBase@Glumer@@V?$allocator@UPTR@cMovementBase@Glumer@@@std@@@std@@QBEIXZ 10043f70 f i cGlumShapeFactory.obj
 0002:00016fc0       ?size@?$vector@UPTR@cMovementBase@Glumer@@V?$allocator@UPTR@cMovementBase@Glumer@@@std@@@std@@QBEIXZ 10043fc0 f i cGlumShapeFactory.obj
 0002:00017010       ?max_size@?$vector@UPTR@cMovementBase@Glumer@@V?$allocator@UPTR@cMovementBase@Glumer@@@std@@@std@@QBEIXZ 10044010 f i cGlumShapeFactory.obj
 0002:00017070       ?_Destroy@?$vector@UPTR@cMovementBase@Glumer@@V?$allocator@UPTR@cMovementBase@Glumer@@@std@@@std@@IAEXPAUPTR@cMovementBase@Glumer@@0@Z 10044070 f i cGlumShapeFactory.obj
 0002:000170e0       ?_Grow_to@?$vector@UPTR@cMovementBase@Glumer@@V?$allocator@UPTR@cMovementBase@Glumer@@@std@@@std@@IBEII@Z 100440e0 f i cGlumShapeFactory.obj
 0002:00017190       ?_Xlen@?$vector@UPTR@cMovementBase@Glumer@@V?$allocator@UPTR@cMovementBase@Glumer@@@std@@@std@@IBEXXZ 10044190 f i cGlumShapeFactory.obj
 0002:000171f0       ?deallocate@?$allocator@UPTR@cMovementBase@Glumer@@@std@@QAEXPAUPTR@cMovementBase@Glumer@@I@Z 100441f0 f i cGlumShapeFactory.obj
 0002:00017250       ?begin@?$_Tree@V?$_Tmap_traits@IUPTR@cGlumShapeBase@Glumer@@U?$less@I@std@@V?$allocator@U?$pair@$$CBIUPTR@cGlumShapeBase@Glumer@@@std@@@5@$0A@@std@@@std@@QAE?AV?$_Tree_iterator@V?$_Tree_val@V?$_Tmap_traits@IUPTR@cGlumShapeBase@Glumer@@U?$less@I@std@@V?$allocator@U?$pair@$$CBIUPTR@cGlumShapeBase@Glumer@@@std@@@5@$0A@@std@@@std@@@2@XZ 10044250 f i cGlumShapeFactory.obj
 0002:000172e0       ?_Lmost@?$_Tree@V?$_Tmap_traits@IUPTR@cGlumShapeBase@Glumer@@U?$less@I@std@@V?$allocator@U?$pair@$$CBIUPTR@cGlumShapeBase@Glumer@@@std@@@5@$0A@@std@@@std@@IBEAAPAU_Node@?$_Tree_nod@V?$_Tmap_traits@IUPTR@cGlumShapeBase@Glumer@@U?$less@I@std@@V?$allocator@U?$pair@$$CBIUPTR@cGlumShapeBase@Glumer@@@std@@@5@$0A@@std@@@2@XZ 100442e0 f i cGlumShapeFactory.obj
 0002:00017340       ?_Left@?$_Tree_val@V?$_Tmap_traits@IUPTR@cGlumShapeBase@Glumer@@U?$less@I@std@@V?$allocator@U?$pair@$$CBIUPTR@cGlumShapeBase@Glumer@@@std@@@5@$0A@@std@@@std@@SAAAPAU_Node@?$_Tree_nod@V?$_Tmap_traits@IUPTR@cGlumShapeBase@Glumer@@U?$less@I@std@@V?$allocator@U?$pair@$$CBIUPTR@cGlumShapeBase@Glumer@@@std@@@5@$0A@@std@@@2@PAU342@@Z 10044340 f i cGlumShapeFactory.obj
 0002:00017380       ?erase@?$_Tree@V?$_Tmap_traits@IUPTR@cGlumShapeBase@Glumer@@U?$less@I@std@@V?$allocator@U?$pair@$$CBIUPTR@cGlumShapeBase@Glumer@@@std@@@5@$0A@@std@@@std@@QAE?AV?$_Tree_iterator@V?$_Tree_val@V?$_Tmap_traits@IUPTR@cGlumShapeBase@Glumer@@U?$less@I@std@@V?$allocator@U?$pair@$$CBIUPTR@cGlumShapeBase@Glumer@@@std@@@5@$0A@@std@@@std@@@2@V?$_Tree_const_iterator@V?$_Tree_val@V?$_Tmap_traits@IUPTR@cGlumShapeBase@Glumer@@U?$less@I@std@@V?$allocator@U?$pair@$$CBIUPTR@cGlumShapeBase@Glumer@@@std@@@5@$0A@@std@@@std@@@2@0@Z 10044380 f i cGlumShapeFactory.obj
 0002:00017690       ?erase@?$_Tree@V?$_Tmap_traits@IUPTR@cGlumShapeBase@Glumer@@U?$less@I@std@@V?$allocator@U?$pair@$$CBIUPTR@cGlumShapeBase@Glumer@@@std@@@5@$0A@@std@@@std@@QAE?AV?$_Tree_iterator@V?$_Tree_val@V?$_Tmap_traits@IUPTR@cGlumShapeBase@Glumer@@U?$less@I@std@@V?$allocator@U?$pair@$$CBIUPTR@cGlumShapeBase@Glumer@@@std@@@5@$0A@@std@@@std@@@2@V?$_Tree_const_iterator@V?$_Tree_val@V?$_Tmap_traits@IUPTR@cGlumShapeBase@Glumer@@U?$less@I@std@@V?$allocator@U?$pair@$$CBIUPTR@cGlumShapeBase@Glumer@@@std@@@5@$0A@@std@@@std@@@2@@Z 10044690 f i cGlumShapeFactory.obj
 0002:000180f0       ?_Lrotate@?$_Tree@V?$_Tmap_traits@IUPTR@cGlumShapeBase@Glumer@@U?$less@I@std@@V?$allocator@U?$pair@$$CBIUPTR@cGlumShapeBase@Glumer@@@std@@@5@$0A@@std@@@std@@IAEXPAU_Node@?$_Tree_nod@V?$_Tmap_traits@IUPTR@cGlumShapeBase@Glumer@@U?$less@I@std@@V?$allocator@U?$pair@$$CBIUPTR@cGlumShapeBase@Glumer@@@std@@@5@$0A@@std@@@2@@Z 100450f0 f i cGlumShapeFactory.obj
 0002:000182a0       ?_Rmost@?$_Tree@V?$_Tmap_traits@IUPTR@cGlumShapeBase@Glumer@@U?$less@I@std@@V?$allocator@U?$pair@$$CBIUPTR@cGlumShapeBase@Glumer@@@std@@@5@$0A@@std@@@std@@IBEAAPAU_Node@?$_Tree_nod@V?$_Tmap_traits@IUPTR@cGlumShapeBase@Glumer@@U?$less@I@std@@V?$allocator@U?$pair@$$CBIUPTR@cGlumShapeBase@Glumer@@@std@@@5@$0A@@std@@@2@XZ 100452a0 f i cGlumShapeFactory.obj
 0002:00018300       ?_Root@?$_Tree@V?$_Tmap_traits@IUPTR@cGlumShapeBase@Glumer@@U?$less@I@std@@V?$allocator@U?$pair@$$CBIUPTR@cGlumShapeBase@Glumer@@@std@@@5@$0A@@std@@@std@@IBEAAPAU_Node@?$_Tree_nod@V?$_Tmap_traits@IUPTR@cGlumShapeBase@Glumer@@U?$less@I@std@@V?$allocator@U?$pair@$$CBIUPTR@cGlumShapeBase@Glumer@@@std@@@5@$0A@@std@@@2@XZ 10045300 f i cGlumShapeFactory.obj
 0002:00018360       ?_Rrotate@?$_Tree@V?$_Tmap_traits@IUPTR@cGlumShapeBase@Glumer@@U?$less@I@std@@V?$allocator@U?$pair@$$CBIUPTR@cGlumShapeBase@Glumer@@@std@@@5@$0A@@std@@@std@@IAEXPAU_Node@?$_Tree_nod@V?$_Tmap_traits@IUPTR@cGlumShapeBase@Glumer@@U?$less@I@std@@V?$allocator@U?$pair@$$CBIUPTR@cGlumShapeBase@Glumer@@@std@@@5@$0A@@std@@@2@@Z 10045360 f i cGlumShapeFactory.obj
 0002:00018510       ?_Orphan_ptr@?$_Tree@V?$_Tmap_traits@IUPTR@cGlumShapeBase@Glumer@@U?$less@I@std@@V?$allocator@U?$pair@$$CBIUPTR@cGlumShapeBase@Glumer@@@std@@@5@$0A@@std@@@std@@IBEXAAV12@PAU_Node@?$_Tree_nod@V?$_Tmap_traits@IUPTR@cGlumShapeBase@Glumer@@U?$less@I@std@@V?$allocator@U?$pair@$$CBIUPTR@cGlumShapeBase@Glumer@@@std@@@5@$0A@@std@@@2@@Z 10045510 f i cGlumShapeFactory.obj
 0002:000186a0       ?_Color@?$_Tree_val@V?$_Tmap_traits@IUPTR@cGlumShapeBase@Glumer@@U?$less@I@std@@V?$allocator@U?$pair@$$CBIUPTR@cGlumShapeBase@Glumer@@@std@@@5@$0A@@std@@@std@@SAAADPAU_Node@?$_Tree_nod@V?$_Tmap_traits@IUPTR@cGlumShapeBase@Glumer@@U?$less@I@std@@V?$allocator@U?$pair@$$CBIUPTR@cGlumShapeBase@Glumer@@@std@@@5@$0A@@std@@@2@@Z 100456a0 f i cGlumShapeFactory.obj
 0002:000186e0       ?_Isnil@?$_Tree_val@V?$_Tmap_traits@IUPTR@cGlumShapeBase@Glumer@@U?$less@I@std@@V?$allocator@U?$pair@$$CBIUPTR@cGlumShapeBase@Glumer@@@std@@@5@$0A@@std@@@std@@SAAADPAU_Node@?$_Tree_nod@V?$_Tmap_traits@IUPTR@cGlumShapeBase@Glumer@@U?$less@I@std@@V?$allocator@U?$pair@$$CBIUPTR@cGlumShapeBase@Glumer@@@std@@@5@$0A@@std@@@2@@Z 100456e0 f i cGlumShapeFactory.obj
 0002:00018720       ?_Parent@?$_Tree_val@V?$_Tmap_traits@IUPTR@cGlumShapeBase@Glumer@@U?$less@I@std@@V?$allocator@U?$pair@$$CBIUPTR@cGlumShapeBase@Glumer@@@std@@@5@$0A@@std@@@std@@SAAAPAU_Node@?$_Tree_nod@V?$_Tmap_traits@IUPTR@cGlumShapeBase@Glumer@@U?$less@I@std@@V?$allocator@U?$pair@$$CBIUPTR@cGlumShapeBase@Glumer@@@std@@@5@$0A@@std@@@2@PAU342@@Z 10045720 f i cGlumShapeFactory.obj
 0002:00018760       ?_Right@?$_Tree_val@V?$_Tmap_traits@IUPTR@cGlumShapeBase@Glumer@@U?$less@I@std@@V?$allocator@U?$pair@$$CBIUPTR@cGlumShapeBase@Glumer@@@std@@@5@$0A@@std@@@std@@SAAAPAU_Node@?$_Tree_nod@V?$_Tmap_traits@IUPTR@cGlumShapeBase@Glumer@@U?$less@I@std@@V?$allocator@U?$pair@$$CBIUPTR@cGlumShapeBase@Glumer@@@std@@@5@$0A@@std@@@2@PAU342@@Z 10045760 f i cGlumShapeFactory.obj
 0002:000187a0       ?_Max@?$_Tree_val@V?$_Tmap_traits@IUPTR@cGlumShapeBase@Glumer@@U?$less@I@std@@V?$allocator@U?$pair@$$CBIUPTR@cGlumShapeBase@Glumer@@@std@@@5@$0A@@std@@@std@@SAPAU_Node@?$_Tree_nod@V?$_Tmap_traits@IUPTR@cGlumShapeBase@Glumer@@U?$less@I@std@@V?$allocator@U?$pair@$$CBIUPTR@cGlumShapeBase@Glumer@@@std@@@5@$0A@@std@@@2@PAU342@@Z 100457a0 f i cGlumShapeFactory.obj
 0002:00018820       ?_Min@?$_Tree_val@V?$_Tmap_traits@IUPTR@cGlumShapeBase@Glumer@@U?$less@I@std@@V?$allocator@U?$pair@$$CBIUPTR@cGlumShapeBase@Glumer@@@std@@@5@$0A@@std@@@std@@SAPAU_Node@?$_Tree_nod@V?$_Tmap_traits@IUPTR@cGlumShapeBase@Glumer@@U?$less@I@std@@V?$allocator@U?$pair@$$CBIUPTR@cGlumShapeBase@Glumer@@@std@@@5@$0A@@std@@@2@PAU342@@Z 10045820 f i cGlumShapeFactory.obj
 0002:000188a0       ??E?$_Tree_const_iterator@V?$_Tree_val@V?$_Tmap_traits@IUPTR@cGlumShapeBase@Glumer@@U?$less@I@std@@V?$allocator@U?$pair@$$CBIUPTR@cGlumShapeBase@Glumer@@@std@@@5@$0A@@std@@@std@@@std@@QAEAAV01@XZ 100458a0 f i cGlumShapeFactory.obj
 0002:000189d0       ?_Lbound@?$_Tree@V?$_Tmap_traits@IUPTR@cGlumShapeBase@Glumer@@U?$less@I@std@@V?$allocator@U?$pair@$$CBIUPTR@cGlumShapeBase@Glumer@@@std@@@5@$0A@@std@@@std@@IAEPAU_Node@?$_Tree_nod@V?$_Tmap_traits@IUPTR@cGlumShapeBase@Glumer@@U?$less@I@std@@V?$allocator@U?$pair@$$CBIUPTR@cGlumShapeBase@Glumer@@@std@@@5@$0A@@std@@@2@ABI@Z 100459d0 f i cGlumShapeFactory.obj
 0002:00018ad0       ??0?$_Tree_val@V?$_Tmap_traits@IUPTR@cGlumShapeBase@Glumer@@U?$less@I@std@@V?$allocator@U?$pair@$$CBIUPTR@cGlumShapeBase@Glumer@@@std@@@5@$0A@@std@@@std@@QAE@ABU?$less@I@1@V?$allocator@U?$pair@$$CBIUPTR@cGlumShapeBase@Glumer@@@std@@@1@@Z 10045ad0 f i cGlumShapeFactory.obj
 0002:00018c30       ??1?$_Tree_nod@V?$_Tmap_traits@IUPTR@cGlumShapeBase@Glumer@@U?$less@I@std@@V?$allocator@U?$pair@$$CBIUPTR@cGlumShapeBase@Glumer@@@std@@@5@$0A@@std@@@std@@QAE@XZ 10045c30 f i cGlumShapeFactory.obj
 0002:00018d60       ??0?$allocator@U?$pair@$$CBIUPTR@cGlumShapeBase@Glumer@@@std@@@std@@QAE@ABV01@@Z 10045d60 f i cGlumShapeFactory.obj
 0002:00018da0       ?_Grow_to@?$vector@IV?$allocator@I@std@@@std@@IBEII@Z 10045da0 f i cGlumShapeFactory.obj
 0002:00018e50       ??0?$allocator@I@std@@QAE@ABV01@@Z 10045e50 f i cGlumShapeFactory.obj
 0002:00018e90       ?max_size@?$allocator@I@std@@QBEIXZ 10045e90 f i cGlumShapeFactory.obj
 0002:00018f00       ?_Grow_to@?$vector@UPTR@cObjectMoveableBase@Glumer@@V?$allocator@UPTR@cObjectMoveableBase@Glumer@@@std@@@std@@IBEII@Z 10045f00 f i cGlumShapeFactory.obj
 0002:00018fb0       ??0?$allocator@UPTR@cObjectMoveableBase@Glumer@@@std@@QAE@ABV01@@Z 10045fb0 f i cGlumShapeFactory.obj
 0002:00018ff0       ?max_size@?$allocator@UPTR@cObjectMoveableBase@Glumer@@@std@@QBEIXZ 10045ff0 f i cGlumShapeFactory.obj
 0002:00019060       ?reserve@?$vector@PAVcObjectBase@Glumer@@V?$allocator@PAVcObjectBase@Glumer@@@std@@@std@@QAEXI@Z 10046060 f i cGlumShapeFactory.obj
 0002:00019240       ?capacity@?$vector@PAVcObjectBase@Glumer@@V?$allocator@PAVcObjectBase@Glumer@@@std@@@std@@QBEIXZ 10046240 f i cGlumShapeFactory.obj
 0002:00019290       ?size@?$vector@PAVcObjectBase@Glumer@@V?$allocator@PAVcObjectBase@Glumer@@@std@@@std@@QBEIXZ 10046290 f i cGlumShapeFactory.obj
 0002:000192e0       ?max_size@?$vector@PAVcObjectBase@Glumer@@V?$allocator@PAVcObjectBase@Glumer@@@std@@@std@@QBEIXZ 100462e0 f i cGlumShapeFactory.obj
 0002:00019340       ?_Destroy@?$vector@PAVcObjectBase@Glumer@@V?$allocator@PAVcObjectBase@Glumer@@@std@@@std@@IAEXPAPAVcObjectBase@Glumer@@0@Z 10046340 f i cGlumShapeFactory.obj
 0002:000193b0       ?_Grow_to@?$vector@PAVcObjectBase@Glumer@@V?$allocator@PAVcObjectBase@Glumer@@@std@@@std@@IBEII@Z 100463b0 f i cGlumShapeFactory.obj
 0002:00019460       ?_Xlen@?$vector@PAVcObjectBase@Glumer@@V?$allocator@PAVcObjectBase@Glumer@@@std@@@std@@IBEXXZ 10046460 f i cGlumShapeFactory.obj
 0002:000194c0       ??0?$allocator@PAVcObjectBase@Glumer@@@std@@QAE@ABV01@@Z 100464c0 f i cGlumShapeFactory.obj
 0002:00019500       ?deallocate@?$allocator@PAVcObjectBase@Glumer@@@std@@QAEXPAPAVcObjectBase@Glumer@@I@Z 10046500 f i cGlumShapeFactory.obj
[...]
 0004:0000056d       ?setup@?1??GetLineWidth@cGlumShape_SwitchGadget@Glumer@@SAM_N@Z@4_NA 1009d56d     cGlumShapeFactory.obj
 0004:00000570       ?mList@?$cGlumShapeFactory_ShapeContainer@VcGlumShape_HUDLongRadar@Glumer@@@Glumer@@0V?$vector@UPTR@cGlumShape_HUDLongRadar@Glumer@@V?$allocator@UPTR@cGlumShape_HUDLongRadar@Glumer@@@std@@@std@@A 1009d570     cGlumShapeFactory.obj
 0004:00000588       ?mConsole@cGlumShapeFactory@Glumer@@2V?$cGlumShapeFactory_ShapeContainer@VcGlumShape_Console@Glumer@@@2@A 1009d588     cGlumShapeFactory.obj
 0004:00000589       ?mHud@cGlumShapeFactory@Glumer@@2V?$cGlumShapeFactory_ShapeContainer@VcGlumShape_HUDLongRadar@Glumer@@@2@A 1009d589     cGlumShapeFactory.obj
 0004:0000058a       ?mSwitchGadget@cGlumShapeFactory@Glumer@@2V?$cGlumShapeFactory_ShapeContainer@VcGlumShape_SwitchGadget@Glumer@@@2@A 1009d58a     cGlumShapeFactory.obj
 0004:0000058b       ?mRock@cGlumShapeFactory@Glumer@@2V?$cGlumShapeFactory_ShapeContainer@VcGlumShape_Rock@Glumer@@@2@A 1009d58b     cGlumShapeFactory.obj
 0004:0000058c       ?mRadar@cGlumShapeFactory@Glumer@@2V?$cGlumShapeFactory_ShapeContainer@VcGlumShape_HUDShortRadar@Glumer@@@2@A 1009d58c     cGlumShapeFactory.obj
 0004:0000058d       ?mCamera@cGlumShapeFactory@Glumer@@2V?$cGlumShapeFactory_ShapeContainer@VcMovement_Camera@Glumer@@@2@A 1009d58d     cGlumShapeFactory.obj
 0004:00000590       ?mRecycleBin@?$cGlumShapeFactory_ShapeContainer@VcGlumShape_Rock@Glumer@@@Glumer@@0V?$vector@UPTR@cGlumShape_Rock@Glumer@@V?$allocator@UPTR@cGlumShape_Rock@Glumer@@@std@@@std@@A 1009d590     cGlumShapeFactory.obj
 0004:000005a8       ?mRecycleBin@?$cGlumShapeFactory_ShapeContainer@VcGlumShape_Console@Glumer@@@Glumer@@0V?$vector@UPTR@cGlumShape_Console@Glumer@@V?$allocator@UPTR@cGlumShape_Console@Glumer@@@std@@@std@@A 1009d5a8     cGlumShapeFactory.obj
 0004:000005c0       ?mReadWriteLock@?$cGlumShapeFactory_ShapeContainer@VcGlumShape_HUDShortRadar@Glumer@@@Glumer@@0VcMutexWrapper@TimerWrapper@@A 1009d5c0     cGlumShapeFactory.obj
 0004:000005cc       ?mRecycleBin@?$cGlumShapeFactory_ShapeContainer@VcGlumShape_HUDShortRadar@Glumer@@@Glumer@@0V?$vector@UPTR@cGlumShape_HUDShortRadar@Glumer@@V?$allocator@UPTR@cGlumShape_HUDShortRadar@Glumer@@@std@@@std@@A 1009d5cc     cGlumShapeFactory.obj
 0004:000005e4       ?mList@?$cGlumShapeFactory_ShapeContainer@VcGlumShape_SwitchGadget@Glumer@@@Glumer@@0V?$vector@UPTR@cGlumShape_SwitchGadget@Glumer@@V?$allocator@UPTR@cGlumShape_SwitchGadget@Glumer@@@std@@@std@@A 1009d5e4     cGlumShapeFactory.obj
 0004:000005fc       ?mList@?$cGlumShapeFactory_ShapeContainer@VcMovement_Camera@Glumer@@@Glumer@@0V?$vector@UPTR@cMovement_Camera@Glumer@@V?$allocator@UPTR@cMovement_Camera@Glumer@@@std@@@std@@A 1009d5fc     cGlumShapeFactory.obj
 0004:00000614       ?mList@?$cGlumShapeFactory_ShapeContainer@VcGlumShape_HUDShortRadar@Glumer@@@Glumer@@0V?$vector@UPTR@cGlumShape_HUDShortRadar@Glumer@@V?$allocator@UPTR@cGlumShape_HUDShortRadar@Glumer@@@std@@@std@@A 1009d614     cGlumShapeFactory.obj
 0004:0000062c       ?mReadWriteLock@?$cGlumShapeFactory_ShapeContainer@VcGlumShape_SwitchGadget@Glumer@@@Glumer@@0VcMutexWrapper@TimerWrapper@@A 1009d62c     cGlumShapeFactory.obj
 0004:00000638       ?mReadWriteLock@?$cGlumShapeFactory_ShapeContainer@VcGlumShape_Console@Glumer@@@Glumer@@0VcMutexWrapper@TimerWrapper@@A 1009d638     cGlumShapeFactory.obj
 0004:00000644       ?mList@?$cGlumShapeFactory_ShapeContainer@VcGlumShape_Console@Glumer@@@Glumer@@0V?$vector@UPTR@cGlumShape_Console@Glumer@@V?$allocator@UPTR@cGlumShape_Console@Glumer@@@std@@@std@@A 1009d644     cGlumShapeFactory.obj
 0004:0000065c       ?mReadWriteLock@?$cGlumShapeFactory_ShapeContainer@VcGlumShape_HUDLongRadar@Glumer@@@Glumer@@0VcMutexWrapper@TimerWrapper@@A 1009d65c     cGlumShapeFactory.obj
 0004:00000668       ?mRecycleBin@?$cGlumShapeFactory_ShapeContainer@VcGlumShape_SwitchGadget@Glumer@@@Glumer@@0V?$vector@UPTR@cGlumShape_SwitchGadget@Glumer@@V?$allocator@UPTR@cGlumShape_SwitchGadget@Glumer@@@std@@@std@@A 1009d668     cGlumShapeFactory.obj
 0004:00000680       ?mRecycleBin@?$cGlumShapeFactory_ShapeContainer@VcGlumShape_HUDLongRadar@Glumer@@@Glumer@@0V?$vector@UPTR@cGlumShape_HUDLongRadar@Glumer@@V?$allocator@UPTR@cGlumShape_HUDLongRadar@Glumer@@@std@@@std@@A 1009d680     cGlumShapeFactory.obj
 0004:00000698       ?mRecycleBin@?$cGlumShapeFactory_ShapeContainer@VcMovement_Camera@Glumer@@@Glumer@@0V?$vector@UPTR@cMovement_Camera@Glumer@@V?$allocator@UPTR@cMovement_Camera@Glumer@@@std@@@std@@A 1009d698     cGlumShapeFactory.obj
 0004:000006b0       ?mList@?$cGlumShapeFactory_ShapeContainer@VcGlumShape_Rock@Glumer@@@Glumer@@0V?$vector@UPTR@cGlumShape_Rock@Glumer@@V?$allocator@UPTR@cGlumShape_Rock@Glumer@@@std@@@std@@A 1009d6b0     cGlumShapeFactory.obj
 0004:000006c8       ?mReadWriteLock@?$cGlumShapeFactory_ShapeContainer@VcGlumShape_Rock@Glumer@@@Glumer@@0VcMutexWrapper@TimerWrapper@@A 1009d6c8     cGlumShapeFactory.obj
 0004:000006d4       ?mReadWriteLock@?$cGlumShapeFactory_ShapeContainer@VcMovement_Camera@Glumer@@@Glumer@@0VcMutexWrapper@TimerWrapper@@A 1009d6d4     cGlumShapeFactory.obj
 0004:000006e0       ?mHUDColour@cGlumShape_HUDLongRadar@Glumer@@2PAVcHUD_Colour@2@A 1009d6e0     cGlumShape_HUDLongRadar.obj
 0004:000006e4       ?mDrawLists@cPolyLetter@Glumer@@0V?$map@DIU?$less@D@std@@V?$allocator@U?$pair@$$CBDI@std@@@2@@std@@A 1009d6e4     cPolyLetter.obj
 0004:000007e0       ?wsprintffp@@3P6AHPADPBDZZA 1009d7e0     MSVCRTD:_error_.obj
 0004:00000bac       ?__type_info_root_node@@3U__type_info_node@@A 1009dbac     MSVCRTD:tncleanup.obj
 0004:00000bc0       ___native_startup_state    1009dbc0     <common>
 0004:00000bd0       ___native_startup_lock     1009dbd0     <common>
 0004:00000bd4       ___dyn_tls_init_callback   1009dbd4     <common>
 0004:00000be0       ___onexitend               1009dbe0     <common>
 0004:00000bf0       ___onexitbegin             1009dbf0     <common>
 0005:00000000       __IMPORT_DESCRIPTOR_SDL    1009e000     SDL:SDL.dll
 0005:00000014       __IMPORT_DESCRIPTOR_OPENGL32 1009e014     OpenGL32:OPENGL32.dll
 0005:00000028       __IMPORT_DESCRIPTOR_GLU32  1009e028     GlU32:GLU32.dll
 0005:0000003c       __IMPORT_DESCRIPTOR_MSVCR100D 1009e03c     MSVCRTD:MSVCR100D.dll
 0005:00000050       __IMPORT_DESCRIPTOR_MSVCP100D 1009e050     msvcprtd:MSVCP100D.dll
 0005:00000064       __IMPORT_DESCRIPTOR_KERNEL32 1009e064     kernel32:KERNEL32.dll
 0005:00000078       __NULL_IMPORT_DESCRIPTOR   1009e078     SDL:SDL.dll
 0005:000003b8       __imp__gluPickMatrix@36    1009e3b8     GlU32:GLU32.dll
 0005:000003bc       __imp__gluPerspective@32   1009e3bc     GlU32:GLU32.dll
 0005:000003c0       \177GLU32_NULL_THUNK_DATA  1009e3c0     GlU32:GLU32.dll
 0005:000003ec       __imp__VirtualQuery@12     1009e3ec     kernel32:KERNEL32.dll
 0005:000003f0       __imp__GetModuleFileNameW@12 1009e3f0     kernel32:KERNEL32.dll
 0005:000003f4       __imp__GetProcessHeap@0    1009e3f4     kernel32:KERNEL32.dll
 0005:000003f8       __imp__HeapAlloc@12        1009e3f8     kernel32:KERNEL32.dll
 0005:000003fc       __imp__HeapFree@12         1009e3fc     kernel32:KERNEL32.dll
 0005:00000400       __imp__DisableThreadLibraryCalls@4 1009e400     kernel32:KERNEL32.dll
 0005:00000404       __imp__GetSystemTimeAsFileTime@4 1009e404     kernel32:KERNEL32.dll
 0005:00000408       __imp__GetCurrentProcessId@0 1009e408     kernel32:KERNEL32.dll
 0005:0000040c       __imp__GetCurrentThreadId@0 1009e40c     kernel32:KERNEL32.dll
 0005:00000410       __imp__GetTickCount@0      1009e410     kernel32:KERNEL32.dll
 0005:00000414       __imp__QueryPerformanceCounter@4 1009e414     kernel32:KERNEL32.dll
 0005:00000418       __imp__SetUnhandledExceptionFilter@4 1009e418     kernel32:KERNEL32.dll
 0005:0000041c       __imp__UnhandledExceptionFilter@4 1009e41c     kernel32:KERNEL32.dll
 0005:00000420       __imp__GetModuleHandleW@4  1009e420     kernel32:KERNEL32.dll
 0005:00000424       __imp__TerminateProcess@8  1009e424     kernel32:KERNEL32.dll
 0005:00000428       __imp__LoadLibraryW@4      1009e428     kernel32:KERNEL32.dll
 0005:0000042c       __imp__GetProcAddress@8    1009e42c     kernel32:KERNEL32.dll
 0005:00000430       __imp__lstrlenA@4          1009e430     kernel32:KERNEL32.dll
 0005:00000434       __imp__RaiseException@16   1009e434     kernel32:KERNEL32.dll
 0005:00000438       __imp__MultiByteToWideChar@24 1009e438     kernel32:KERNEL32.dll
 0005:0000043c       __imp__IsDebuggerPresent@0 1009e43c     kernel32:KERNEL32.dll
 0005:00000440       __imp__WideCharToMultiByte@32 1009e440     kernel32:KERNEL32.dll
 0005:00000444       __imp__InterlockedCompareExchange@12 1009e444     kernel32:KERNEL32.dll
 0005:00000448       __imp__Sleep@4             1009e448     kernel32:KERNEL32.dll
 0005:0000044c       __imp__InterlockedExchange@8 1009e44c     kernel32:KERNEL32.dll
 0005:00000450       __imp__DecodePointer@4     1009e450     kernel32:KERNEL32.dll
 0005:00000454       __imp__EncodePointer@4     1009e454     kernel32:KERNEL32.dll
 0005:00000458       __imp__FreeLibrary@4       1009e458     kernel32:KERNEL32.dll
 0005:0000045c       __imp__GetCurrentProcess@0 1009e45c     kernel32:KERNEL32.dll
 0005:00000460       \177KERNEL32_NULL_THUNK_DATA 1009e460     kernel32:KERNEL32.dll
 0005:000004a0       __imp_?_Xlength_error@std@@YAXPBD@Z 1009e4a0     msvcprtd:MSVCP100D.dll
 0005:000004a4       __imp_??1_Container_base12@std@@QAE@XZ 1009e4a4     msvcprtd:MSVCP100D.dll
 0005:000004a8       __imp_?_Getpfirst@_Container_base12@std@@QBEPAPAU_Iterator_base12@2@XZ 1009e4a8     msvcprtd:MSVCP100D.dll
 0005:000004ac       __imp_?_Swap_all@_Container_base12@std@@QAEXAAU12@@Z 1009e4ac     msvcprtd:MSVCP100D.dll
 0005:000004b0       __imp_??0_Container_base12@std@@QAE@XZ 1009e4b0     msvcprtd:MSVCP100D.dll
 0005:000004b4       __imp_?_Xout_of_range@std@@YAXPBD@Z 1009e4b4     msvcprtd:MSVCP100D.dll
 0005:000004b8       __imp_?_Debug_message@std@@YAXPB_W0I@Z 1009e4b8     msvcprtd:MSVCP100D.dll
 0005:000004bc       __imp_??0_Lockit@std@@QAE@H@Z 1009e4bc     msvcprtd:MSVCP100D.dll
 0005:000004c0       __imp_?_Orphan_all@_Container_base12@std@@QAEXXZ 1009e4c0     msvcprtd:MSVCP100D.dll
 0005:000004c4       __imp_??1_Lockit@std@@QAE@XZ 1009e4c4     msvcprtd:MSVCP100D.dll
 0005:000004c8       \177MSVCP100D_NULL_THUNK_DATA 1009e4c8     msvcprtd:MSVCP100D.dll
 0005:000004fc       __imp___invalid_parameter  1009e4fc     MSVCRTD:MSVCR100D.dll
 0005:00000500       __imp___CrtDbgReportW      1009e500     MSVCRTD:MSVCR100D.dll
 0005:00000504       __imp_??2@YAPAXI@Z         1009e504     MSVCRTD:MSVCR100D.dll
 0005:00000508       __imp_??0exception@std@@QAE@ABV01@@Z 1009e508     MSVCRTD:MSVCR100D.dll
 0005:0000050c       __imp_??0exception@std@@QAE@ABQBD@Z 1009e50c     MSVCRTD:MSVCR100D.dll
 0005:00000510       __imp_?what@exception@std@@UBEPBDXZ 1009e510     MSVCRTD:MSVCR100D.dll
 0005:00000514       __imp_??1exception@std@@UAE@XZ 1009e514     MSVCRTD:MSVCR100D.dll
 0005:00000518       __imp__memmove             1009e518     MSVCRTD:MSVCR100D.dll
 0005:0000051c       __imp__memcpy              1009e51c     MSVCRTD:MSVCR100D.dll
 0005:00000520       __imp_??_V@YAXPAX@Z        1009e520     MSVCRTD:MSVCR100D.dll
 0005:00000524       __imp_??_U@YAPAXI@Z        1009e524     MSVCRTD:MSVCR100D.dll
 0005:00000528       __imp____RTDynamicCast     1009e528     MSVCRTD:MSVCR100D.dll
 0005:0000052c       __imp__strlen              1009e52c     MSVCRTD:MSVCR100D.dll
 0005:00000530       __imp__memcmp              1009e530     MSVCRTD:MSVCR100D.dll
 0005:00000534       __imp__memchr              1009e534     MSVCRTD:MSVCR100D.dll
 0005:00000538       __imp___CRT_RTC_INITW      1009e538     MSVCRTD:MSVCR100D.dll
 0005:0000053c       __imp___unlock             1009e53c     MSVCRTD:MSVCR100D.dll
 0005:00000540       __imp____dllonexit         1009e540     MSVCRTD:MSVCR100D.dll
 0005:00000544       __imp___lock               1009e544     MSVCRTD:MSVCR100D.dll
 0005:00000548       __imp___onexit             1009e548     MSVCRTD:MSVCR100D.dll
 0005:0000054c       __imp___malloc_dbg         1009e54c     MSVCRTD:MSVCR100D.dll
 0005:00000550       __imp___free_dbg           1009e550     MSVCRTD:MSVCR100D.dll
 0005:00000554       __imp___encoded_null       1009e554     MSVCRTD:MSVCR100D.dll
 0005:00000558       __imp___CrtSetCheckCount   1009e558     MSVCRTD:MSVCR100D.dll
 0005:0000055c       __imp___initterm           1009e55c     MSVCRTD:MSVCR100D.dll
 0005:00000560       __imp___initterm_e         1009e560     MSVCRTD:MSVCR100D.dll
 0005:00000564       __imp___amsg_exit          1009e564     MSVCRTD:MSVCR100D.dll
 0005:00000568       __imp____CppXcptFilter     1009e568     MSVCRTD:MSVCR100D.dll
 0005:0000056c       __imp_?terminate@@YAXXZ    1009e56c     MSVCRTD:MSVCR100D.dll
 0005:00000570       __imp_?_type_info_dtor_internal_method@type_info@@QAEXXZ 1009e570     MSVCRTD:MSVCR100D.dll
 0005:00000574       __imp___crt_debugger_hook  1009e574     MSVCRTD:MSVCR100D.dll
 0005:00000578       __imp___except_handler4_common 1009e578     MSVCRTD:MSVCR100D.dll
 0005:0000057c       __imp____clean_type_info_names_internal 1009e57c     MSVCRTD:MSVCR100D.dll
 0005:00000580       __imp___wmakepath_s        1009e580     MSVCRTD:MSVCR100D.dll
 0005:00000584       __imp__wcscpy_s            1009e584     MSVCRTD:MSVCR100D.dll
 0005:00000588       __imp___wsplitpath_s       1009e588     MSVCRTD:MSVCR100D.dll
 0005:0000058c       __imp___CxxThrowException@8 1009e58c     MSVCRTD:MSVCR100D.dll
 0005:00000590       __imp_??3@YAXPAX@Z         1009e590     MSVCRTD:MSVCR100D.dll
 0005:00000594       __imp___purecall           1009e594     MSVCRTD:MSVCR100D.dll
 0005:00000598       __imp____CxxFrameHandler3  1009e598     MSVCRTD:MSVCR100D.dll
 0005:0000059c       \177MSVCR100D_NULL_THUNK_DATA 1009e59c     MSVCRTD:MSVCR100D.dll
 0005:000005e8       __imp__glPushName@4        1009e5e8     OpenGL32:OPENGL32.dll
 0005:000005ec       __imp__glPopName@0         1009e5ec     OpenGL32:OPENGL32.dll
 0005:000005f0       __imp__glGetIntegerv@8     1009e5f0     OpenGL32:OPENGL32.dll
 0005:000005f4       __imp__glSelectBuffer@8    1009e5f4     OpenGL32:OPENGL32.dll
 0005:000005f8       __imp__glRenderMode@4      1009e5f8     OpenGL32:OPENGL32.dll
 0005:000005fc       __imp__glInitNames@0       1009e5fc     OpenGL32:OPENGL32.dll
 0005:00000600       __imp__glMatrixMode@4      1009e600     OpenGL32:OPENGL32.dll
 0005:00000604       __imp__glTranslatef@12     1009e604     OpenGL32:OPENGL32.dll
 0005:00000608       __imp__glRotatef@16        1009e608     OpenGL32:OPENGL32.dll
 0005:0000060c       __imp__glGetFloatv@8       1009e60c     OpenGL32:OPENGL32.dll
 0005:00000610       __imp__glPushMatrix@0      1009e610     OpenGL32:OPENGL32.dll
 0005:00000614       __imp__glPopMatrix@0       1009e614     OpenGL32:OPENGL32.dll
 0005:00000618       __imp__glScalef@12         1009e618     OpenGL32:OPENGL32.dll
 0005:0000061c       __imp__glDeleteLists@8     1009e61c     OpenGL32:OPENGL32.dll
 0005:00000620       __imp__glVertex3f@12       1009e620     OpenGL32:OPENGL32.dll
 0005:00000624       __imp__glCallList@4        1009e624     OpenGL32:OPENGL32.dll
 0005:00000628       __imp__glGenLists@4        1009e628     OpenGL32:OPENGL32.dll
 0005:0000062c       __imp__glNewList@8         1009e62c     OpenGL32:OPENGL32.dll
 0005:00000630       __imp__glLineWidth@4       1009e630     OpenGL32:OPENGL32.dll
 0005:00000634       __imp__glColor3ub@12       1009e634     OpenGL32:OPENGL32.dll
 0005:00000638       __imp__glBegin@4           1009e638     OpenGL32:OPENGL32.dll
 0005:0000063c       __imp__glEnd@0             1009e63c     OpenGL32:OPENGL32.dll
 0005:00000640       __imp__glEndList@0         1009e640     OpenGL32:OPENGL32.dll
 0005:00000644       __imp__glLoadIdentity@0    1009e644     OpenGL32:OPENGL32.dll
 0005:00000648       \177OPENGL32_NULL_THUNK_DATA 1009e648     OpenGL32:OPENGL32.dll
 0005:00000684       __imp__SDL_WasInit         1009e684     SDL:SDL.dll
 0005:00000688       __imp__SDL_mutexV          1009e688     SDL:SDL.dll
 0005:0000068c       __imp__SDL_mutexP          1009e68c     SDL:SDL.dll
 0005:00000690       __imp__SDL_DestroyMutex    1009e690     SDL:SDL.dll
 0005:00000694       __imp__SDL_CreateMutex     1009e694     SDL:SDL.dll
 0005:00000698       __imp__SDL_GetTicks        1009e698     SDL:SDL.dll
 0005:0000069c       __imp__SDL_Delay           1009e69c     SDL:SDL.dll
 0005:000006a0       __imp__SDL_RemoveTimer     1009e6a0     SDL:SDL.dll
 0005:000006a4       __imp__SDL_CreateThread    1009e6a4     SDL:SDL.dll
 0005:000006a8       __imp__SDL_AddTimer        1009e6a8     SDL:SDL.dll
 0005:000006ac       __imp__SDL_WaitThread      1009e6ac     SDL:SDL.dll
 0005:000006b0       \177SDL_NULL_THUNK_DATA    1009e6b0     SDL:SDL.dll

 entry point at        0002:00001450


 Exports

  ordinal    name

        1    _AddConsoleCode@12
               exported name: AddConsoleCode
        2    _AddConsoleText@12
               exported name: AddConsoleText
        3    _AddDirection@16
               exported name: AddDirection
        4    _AddLocation@16
               exported name: AddLocation
        5    _AddOrientation@24
               exported name: AddOrientation
        6    _CallToGetCoords@0
               exported name: CallToGetCoords
        7    _CreateBullet@28
               exported name: CreateBullet
        8    _CreateButton@20
               exported name: CreateButton
        9    _CreateCamera@0
               exported name: CreateCamera
       10    _CreateConsole@16
               exported name: CreateConsole
       11    _CreateRock@20
               exported name: CreateRock
       12    _CreateSwitch@24
               exported name: CreateSwitch
       13    _Delete@4
               exported name: Delete
       14    _DrawScene@12
               exported name: DrawScene
       15    _GetDirection@16
               exported name: GetDirection
       16    _GetLocation@16
               exported name: GetLocation
       17    _GetOrientation@24
               exported name: GetOrientation
       18    _GetRenderCount@0
               exported name: GetRenderCount
       19    _GetRockRadius@8
               exported name: GetRockRadius
       20    _HitTest@12
               exported name: HitTest
       21    _InitGlumer@0
               exported name: InitGlumer
       22    _ScrollConsoleText@8
               exported name: ScrollConsoleText
       23    _SetConsoleText@12
               exported name: SetConsoleText
       24    _SetDirection@16
               exported name: SetDirection
       25    _SetInvisible@8
               exported name: SetInvisible
       26    _SetLocation@16
               exported name: SetLocation
       27    _SetOrientation@24
               exported name: SetOrientation
       28    _SetRockOnClicked@8
               exported name: SetRockOnClicked
       29    _Start@4
               exported name: Start
       30    _UnInitGlumer@0
               exported name: UnInitGlumer
       31    _AddConsoleCode@12
       32    _AddConsoleText@12
       33    _AddDirection@16
       34    _AddLocation@16
       35    _AddOrientation@24
       36    _CallToGetCoords@0
       37    _CreateBullet@28
       38    _CreateButton@20
       39    _CreateCamera@0
       40    _CreateConsole@16
       41    _CreateRock@20
       42    _CreateSwitch@24
       43    _Delete@4
       44    _DrawScene@12
       45    _GetDirection@16
       46    _GetLocation@16
       47    _GetOrientation@24
       48    _GetRenderCount@0
       49    _GetRockRadius@8
       50    _HitTest@12
       51    _InitGlumer@0
       52    _ScrollConsoleText@8
       53    _SetConsoleText@12
       54    _SetDirection@16
       55    _SetInvisible@8
       56    _SetLocation@16
       57    _SetOrientation@24
       58    _SetRockOnClicked@8
       59    _Start@4
       60    _UnInitGlumer@0
